Archive member included to satisfy reference by file (symbol)

C:\Users\juanj\Downloads\SE\stm32f4discovery_hal_lib\Debug\libstm32f4discovery_hal_lib.a(stm32f4xx_hal.o)
                              src/main.o (HAL_Init)
C:\Users\juanj\Downloads\SE\stm32f4discovery_hal_lib\Debug\libstm32f4discovery_hal_lib.a(stm32f4xx_hal_cortex.o)
                              C:\Users\juanj\Downloads\SE\stm32f4discovery_hal_lib\Debug\libstm32f4discovery_hal_lib.a(stm32f4xx_hal.o) (HAL_NVIC_SetPriorityGrouping)
C:\Users\juanj\Downloads\SE\stm32f4discovery_hal_lib\Debug\libstm32f4discovery_hal_lib.a(stm32f4xx_hal_gpio.o)
                              src/uart.o (HAL_GPIO_Init)
C:\Users\juanj\Downloads\SE\stm32f4discovery_hal_lib\Debug\libstm32f4discovery_hal_lib.a(stm32f4xx_hal_uart.o)
                              src/uart.o (HAL_UART_Init)
C:\Users\juanj\Downloads\SE\stm32f4discovery_hal_lib\Debug\libstm32f4discovery_hal_lib.a(stm32f4xx_hal_dma.o)
                              C:\Users\juanj\Downloads\SE\stm32f4discovery_hal_lib\Debug\libstm32f4discovery_hal_lib.a(stm32f4xx_hal_uart.o) (HAL_DMA_Start_IT)
C:\Users\juanj\Downloads\SE\stm32f4discovery_hal_lib\Debug\libstm32f4discovery_hal_lib.a(stm32f4xx_hal_rcc.o)
                              C:\Users\juanj\Downloads\SE\stm32f4discovery_hal_lib\Debug\libstm32f4discovery_hal_lib.a(stm32f4xx_hal_uart.o) (HAL_RCC_GetPCLK1Freq)
c:/ac6/systemworkbench/plugins/fr.ac6.mcu.externaltools.arm-none.win32_1.17.0.201812190825/tools/compiler/bin/../lib/gcc/arm-none-eabi/7.3.1/../../../../arm-none-eabi/lib/thumb/v7e-m/fpv4-sp/hard\libm.a(lib_a-w_pow.o)
                              src/main.o (pow)
c:/ac6/systemworkbench/plugins/fr.ac6.mcu.externaltools.arm-none.win32_1.17.0.201812190825/tools/compiler/bin/../lib/gcc/arm-none-eabi/7.3.1/../../../../arm-none-eabi/lib/thumb/v7e-m/fpv4-sp/hard\libm.a(lib_a-e_pow.o)
                              c:/ac6/systemworkbench/plugins/fr.ac6.mcu.externaltools.arm-none.win32_1.17.0.201812190825/tools/compiler/bin/../lib/gcc/arm-none-eabi/7.3.1/../../../../arm-none-eabi/lib/thumb/v7e-m/fpv4-sp/hard\libm.a(lib_a-w_pow.o) (__ieee754_pow)
c:/ac6/systemworkbench/plugins/fr.ac6.mcu.externaltools.arm-none.win32_1.17.0.201812190825/tools/compiler/bin/../lib/gcc/arm-none-eabi/7.3.1/../../../../arm-none-eabi/lib/thumb/v7e-m/fpv4-sp/hard\libm.a(lib_a-e_sqrt.o)
                              c:/ac6/systemworkbench/plugins/fr.ac6.mcu.externaltools.arm-none.win32_1.17.0.201812190825/tools/compiler/bin/../lib/gcc/arm-none-eabi/7.3.1/../../../../arm-none-eabi/lib/thumb/v7e-m/fpv4-sp/hard\libm.a(lib_a-e_pow.o) (__ieee754_sqrt)
c:/ac6/systemworkbench/plugins/fr.ac6.mcu.externaltools.arm-none.win32_1.17.0.201812190825/tools/compiler/bin/../lib/gcc/arm-none-eabi/7.3.1/../../../../arm-none-eabi/lib/thumb/v7e-m/fpv4-sp/hard\libm.a(lib_a-s_fabs.o)
                              c:/ac6/systemworkbench/plugins/fr.ac6.mcu.externaltools.arm-none.win32_1.17.0.201812190825/tools/compiler/bin/../lib/gcc/arm-none-eabi/7.3.1/../../../../arm-none-eabi/lib/thumb/v7e-m/fpv4-sp/hard\libm.a(lib_a-e_pow.o) (fabs)
c:/ac6/systemworkbench/plugins/fr.ac6.mcu.externaltools.arm-none.win32_1.17.0.201812190825/tools/compiler/bin/../lib/gcc/arm-none-eabi/7.3.1/../../../../arm-none-eabi/lib/thumb/v7e-m/fpv4-sp/hard\libm.a(lib_a-s_finite.o)
                              c:/ac6/systemworkbench/plugins/fr.ac6.mcu.externaltools.arm-none.win32_1.17.0.201812190825/tools/compiler/bin/../lib/gcc/arm-none-eabi/7.3.1/../../../../arm-none-eabi/lib/thumb/v7e-m/fpv4-sp/hard\libm.a(lib_a-w_pow.o) (finite)
c:/ac6/systemworkbench/plugins/fr.ac6.mcu.externaltools.arm-none.win32_1.17.0.201812190825/tools/compiler/bin/../lib/gcc/arm-none-eabi/7.3.1/../../../../arm-none-eabi/lib/thumb/v7e-m/fpv4-sp/hard\libm.a(lib_a-s_lib_ver.o)
                              c:/ac6/systemworkbench/plugins/fr.ac6.mcu.externaltools.arm-none.win32_1.17.0.201812190825/tools/compiler/bin/../lib/gcc/arm-none-eabi/7.3.1/../../../../arm-none-eabi/lib/thumb/v7e-m/fpv4-sp/hard\libm.a(lib_a-w_pow.o) (__fdlib_version)
c:/ac6/systemworkbench/plugins/fr.ac6.mcu.externaltools.arm-none.win32_1.17.0.201812190825/tools/compiler/bin/../lib/gcc/arm-none-eabi/7.3.1/../../../../arm-none-eabi/lib/thumb/v7e-m/fpv4-sp/hard\libm.a(lib_a-s_matherr.o)
                              c:/ac6/systemworkbench/plugins/fr.ac6.mcu.externaltools.arm-none.win32_1.17.0.201812190825/tools/compiler/bin/../lib/gcc/arm-none-eabi/7.3.1/../../../../arm-none-eabi/lib/thumb/v7e-m/fpv4-sp/hard\libm.a(lib_a-w_pow.o) (matherr)
c:/ac6/systemworkbench/plugins/fr.ac6.mcu.externaltools.arm-none.win32_1.17.0.201812190825/tools/compiler/bin/../lib/gcc/arm-none-eabi/7.3.1/../../../../arm-none-eabi/lib/thumb/v7e-m/fpv4-sp/hard\libm.a(lib_a-s_nan.o)
[...]
Memory Configuration

Name             Origin             Length             Attributes
FLASH            0x08000000         0x00100000         xr
RAM              0x20000000         0x00030000         xrw
MEMORY_B1        0x60000000         0x00000000         xr
*default*        0x00000000         0xffffffff

Linker script and memory map

LOAD c:/ac6/systemworkbench/plugins/fr.ac6.mcu.externaltools.arm-none.win32_1.17.0.201812190825/tools/compiler/bin/../lib/gcc/arm-none-eabi/7.3.1/thumb/v7e-m/fpv4-sp/hard/crti.o
LOAD c:/ac6/systemworkbench/plugins/fr.ac6.mcu.externaltools.arm-none.win32_1.17.0.201812190825/tools/compiler/bin/../lib/gcc/arm-none-eabi/7.3.1/thumb/v7e-m/fpv4-sp/hard/crtbegin.o
LOAD c:/ac6/systemworkbench/plugins/fr.ac6.mcu.externaltools.arm-none.win32_1.17.0.201812190825/tools/compiler/bin/../lib/gcc/arm-none-eabi/7.3.1/../../../../arm-none-eabi/lib/thumb/v7e-m/fpv4-sp/hard/crt0.o
LOAD Middlewares/Driver_USART.o
LOAD Middlewares/Third_Party/FreeRTOS/Source/CMSIS_RTOS/cmsis_os.o
LOAD Middlewares/Third_Party/FreeRTOS/Source/croutine.o
LOAD Middlewares/Third_Party/FreeRTOS/Source/event_groups.o
LOAD Middlewares/Third_Party/FreeRTOS/Source/list.o
LOAD Middlewares/Third_Party/FreeRTOS/Source/queue.o
LOAD Middlewares/Third_Party/FreeRTOS/Source/tasks.o
LOAD Middlewares/Third_Party/FreeRTOS/Source/timers.o
LOAD Middlewares/Third_Party/FreeRTOS/Source/portable/GCC/ARM_CM4F/port.o
LOAD Middlewares/Third_Party/FreeRTOS/Source/portable/MemMang/heap_4.o
LOAD src/communication.o
LOAD src/main.o
LOAD src/syscalls.o
LOAD src/system_stm32f4xx.o
LOAD src/uart.o
LOAD startup/startup_stm32f407xx.o
LOAD C:\Users\juanj\Downloads\SE\LIB_MSE-SE\Debug\libLIB_MSE-SE.a
LOAD C:\Users\juanj\Downloads\SE\stm32f4discovery_hal_lib\Debug\libstm32f4discovery_hal_lib.a
LOAD c:/ac6/systemworkbench/plugins/fr.ac6.mcu.externaltools.arm-none.win32_1.17.0.201812190825/tools/compiler/bin/../lib/gcc/arm-none-eabi/7.3.1/../../../../arm-none-eabi/lib/thumb/v7e-m/fpv4-sp/hard\libm.a
START GROUP
LOAD c:/ac6/systemworkbench/plugins/fr.ac6.mcu.externaltools.arm-none.win32_1.17.0.201812190825/tools/compiler/bin/../lib/gcc/arm-none-eabi/7.3.1/thumb/v7e-m/fpv4-sp/hard\libgcc.a
LOAD c:/ac6/systemworkbench/plugins/fr.ac6.mcu.externaltools.arm-none.win32_1.17.0.201812190825/tools/compiler/bin/../lib/gcc/arm-none-eabi/7.3.1/../../../../arm-none-eabi/lib/thumb/v7e-m/fpv4-sp/hard\libc.a
END GROUP
LOAD c:/ac6/systemworkbench/plugins/fr.ac6.mcu.externaltools.arm-none.win32_1.17.0.201812190825/tools/compiler/bin/../lib/gcc/arm-none-eabi/7.3.1/thumb/v7e-m/fpv4-sp/hard/crtend.o
LOAD c:/ac6/systemworkbench/plugins/fr.ac6.mcu.externaltools.arm-none.win32_1.17.0.201812190825/tools/compiler/bin/../lib/gcc/arm-none-eabi/7.3.1/thumb/v7e-m/fpv4-sp/hard/crtn.o
                0x20020000                _estack = 0x20020000
                0x00000000                _Min_Heap_Size = 0x0
                0x00000400                _Min_Stack_Size = 0x400

.isr_vector     0x08000000      0x188
                0x08000000                . = ALIGN (0x4)
 *(.isr_vector)
 .isr_vector    0x08000000      0x188 startup/startup_stm32f407xx.o
                0x08000000                g_pfnVectors
                0x08000188                . = ALIGN (0x4)

.text           0x08000188     0x58ec
                0x08000188                . = ALIGN (0x4)
 *(.text)
 .text          0x08000188       0x40 c:/ac6/systemworkbench/plugins/fr.ac6.mcu.externaltools.arm-none.win32_1.17.0.201812190825/tools/compiler/bin/../lib/gcc/arm-none-eabi/7.3.1/thumb/v7e-m/fpv4-sp/hard/crtbegin.o
 .text          0x080001c8      0x378 c:/ac6/systemworkbench/plugins/fr.ac6.mcu.externaltools.arm-none.win32_1.17.0.201812190825/tools/compiler/bin/../lib/gcc/arm-none-eabi/7.3.1/thumb/v7e-m/fpv4-sp/hard\libgcc.a(_arm_addsubdf3.o)
                0x080001c8                __aeabi_drsub
                0x080001d0                __aeabi_dsub
                0x080001d0                __subdf3
                0x080001d4                __aeabi_dadd
                0x080001d4                __adddf3
                0x0800044c                __floatunsidf
                0x0800044c                __aeabi_ui2d
                0x0800046c                __floatsidf
                0x0800046c                __aeabi_i2d
                0x08000490                __aeabi_f2d
                0x08000490                __extendsfdf2
                0x080004d4                __floatundidf
                0x080004d4                __aeabi_ul2d
                0x080004e4                __floatdidf
                0x080004e4                __aeabi_l2d
 .text          0x08000540      0x424 c:/ac6/systemworkbench/plugins/fr.ac6.mcu.externaltools.arm-none.win32_1.17.0.201812190825/tools/compiler/bin/../lib/gcc/arm-none-eabi/7.3.1/thumb/v7e-m/fpv4-sp/hard\libgcc.a(_arm_muldivdf3.o)
                0x08000540                __aeabi_dmul
                0x08000540                __muldf3
                0x08000794                __divdf3
                0x08000794                __aeabi_ddiv
 .text          0x08000964      0x110 c:/ac6/systemworkbench/plugins/fr.ac6.mcu.externaltools.arm-none.win32_1.17.0.201812190825/tools/compiler/bin/../lib/gcc/arm-none-eabi/7.3.1/thumb/v7e-m/fpv4-sp/hard\libgcc.a(_arm_cmpdf2.o)
                0x08000964                __gtdf2
                0x08000964                __gedf2
                0x0800096c                __ltdf2
                0x0800096c                __ledf2
                0x08000974                __nedf2
                0x08000974                __eqdf2
                0x08000974                __cmpdf2
                0x080009f0                __aeabi_cdrcmple
                0x08000a00                __aeabi_cdcmpeq
                0x08000a00                __aeabi_cdcmple
                0x08000a10                __aeabi_dcmpeq
                0x08000a24                __aeabi_dcmplt
                0x08000a38                __aeabi_dcmple
                0x08000a4c                __aeabi_dcmpge
                0x08000a60                __aeabi_dcmpgt
 .text          0x08000a74       0x2c c:/ac6/systemworkbench/plugins/fr.ac6.mcu.externaltools.arm-none.win32_1.17.0.201812190825/tools/compiler/bin/../lib/gcc/arm-none-eabi/7.3.1/thumb/v7e-m/fpv4-sp/hard\libgcc.a(_arm_unorddf2.o)
                0x08000a74                __unorddf2
                0x08000a74                __aeabi_dcmpun
 .text          0x08000aa0       0x40 c:/ac6/systemworkbench/plugins/fr.ac6.mcu.externaltools.arm-none.win32_1.17.0.201812190825/tools/compiler/bin/../lib/gcc/arm-none-eabi/7.3.1/thumb/v7e-m/fpv4-sp/hard\libgcc.a(_arm_fixunsdfsi.o)
                0x08000aa0                __aeabi_d2uiz
                0x08000aa0                __fixunsdfsi
 *(.text*)
 .text.makeFreeRtosPriority
                0x08000ae0       0x30 Middlewares/Third_Party/FreeRTOS/Source/CMSIS_RTOS/cmsis_os.o
 .text.osKernelStart
                0x08000b10        0xe Middlewares/Third_Party/FreeRTOS/Source/CMSIS_RTOS/cmsis_os.o
                0x08000b10                osKernelStart
 .text.osThreadCreate
                0x08000b1e       0x56 Middlewares/Third_Party/FreeRTOS/Source/CMSIS_RTOS/cmsis_os.o
                0x08000b1e                osThreadCreate
 .text.osDelay  0x08000b74       0x28 Middlewares/Third_Party/FreeRTOS/Source/CMSIS_RTOS/cmsis_os.o
                0x08000b74                osDelay
 .text.vListInitialise
                0x08000b9c       0x40 Middlewares/Third_Party/FreeRTOS/Source/list.o
                0x08000b9c                vListInitialise
 .text.vListInitialiseItem
                0x08000bdc       0x1a Middlewares/Third_Party/FreeRTOS/Source/list.o
                0x08000bdc                vListInitialiseItem
 .text.vListInsertEnd
                0x08000bf6       0x48 Middlewares/Third_Party/FreeRTOS/Source/list.o
                0x08000bf6                vListInsertEnd
 .text.vListInsert
                0x08000c3e       0x72 Middlewares/Third_Party/FreeRTOS/Source/list.o
                0x08000c3e                vListInsert
 .text.uxListRemove
                0x08000cb0       0x54 Middlewares/Third_Party/FreeRTOS/Source/list.o
                0x08000cb0                uxListRemove
 .text.xTaskGenericCreate
                0x08000d04      0x1a0 Middlewares/Third_Party/FreeRTOS/Source/tasks.o
                0x08000d04                xTaskGenericCreate
 .text.vTaskDelay
                0x08000ea4       0xa4 Middlewares/Third_Party/FreeRTOS/Source/tasks.o
                0x08000ea4                vTaskDelay
 .text.vTaskStartScheduler
                0x08000f48       0x8c Middlewares/Third_Party/FreeRTOS/Source/tasks.o
                0x08000f48                vTaskStartScheduler
 .text.vTaskSuspendAll
                0x08000fd4       0x1c Middlewares/Third_Party/FreeRTOS/Source/tasks.o
                0x08000fd4                vTaskSuspendAll
 .text.xTaskResumeAll
                0x08000ff0      0x128 Middlewares/Third_Party/FreeRTOS/Source/tasks.o
                0x08000ff0                xTaskResumeAll
 .text.xTaskIncrementTick
                0x08001118      0x17c Middlewares/Third_Party/FreeRTOS/Source/tasks.o
                0x08001118                xTaskIncrementTick
 .text.vTaskSwitchContext
                0x08001294       0xb4 Middlewares/Third_Party/FreeRTOS/Source/tasks.o
                0x08001294                vTaskSwitchContext
 .text.prvIdleTask
                0x08001348       0x30 Middlewares/Third_Party/FreeRTOS/Source/tasks.o
 .text.prvInitialiseTCBVariables
                0x08001378       0xa8 Middlewares/Third_Party/FreeRTOS/Source/tasks.o
 .text.prvInitialiseTaskLists
                0x08001420       0x80 Middlewares/Third_Party/FreeRTOS/Source/tasks.o
 .text.prvCheckTasksWaitingTermination
                0x080014a0       0x78 Middlewares/Third_Party/FreeRTOS/Source/tasks.o
 .text.prvAddCurrentTaskToDelayedList
                0x08001518       0x6c Middlewares/Third_Party/FreeRTOS/Source/tasks.o
 .text.prvAllocateTCBAndStack
                0x08001584       0x6c Middlewares/Third_Party/FreeRTOS/Source/tasks.o
 .text.prvDeleteTCB
                0x080015f0       0x20 Middlewares/Third_Party/FreeRTOS/Source/tasks.o
 .text.prvResetNextTaskUnblockTime
                0x08001610       0x4c Middlewares/Third_Party/FreeRTOS/Source/tasks.o
 .text.pxPortInitialiseStack
                0x0800165c       0x64 Middlewares/Third_Party/FreeRTOS/Source/portable/GCC/ARM_CM4F/port.o
                0x0800165c                pxPortInitialiseStack
 .text.prvTaskExitError
                0x080016c0       0x3c Middlewares/Third_Party/FreeRTOS/Source/portable/GCC/ARM_CM4F/port.o
 .text.SVC_Handler
                0x080016fc       0x24 Middlewares/Third_Party/FreeRTOS/Source/portable/GCC/ARM_CM4F/port.o
                0x080016fc                SVC_Handler
 .text.prvPortStartFirstTask
                0x08001720       0x20 Middlewares/Third_Party/FreeRTOS/Source/portable/GCC/ARM_CM4F/port.o
 .text.xPortStartScheduler
                0x08001740      0x118 Middlewares/Third_Party/FreeRTOS/Source/portable/GCC/ARM_CM4F/port.o
                0x08001740                xPortStartScheduler
 .text.vPortEnterCritical
                0x08001858       0x5c Middlewares/Third_Party/FreeRTOS/Source/portable/GCC/ARM_CM4F/port.o
                0x08001858                vPortEnterCritical
 .text.vPortExitCritical
                0x080018b4       0x50 Middlewares/Third_Party/FreeRTOS/Source/portable/GCC/ARM_CM4F/port.o
                0x080018b4                vPortExitCritical
 .text.PendSV_Handler
                0x08001904       0x64 Middlewares/Third_Party/FreeRTOS/Source/portable/GCC/ARM_CM4F/port.o
                0x08001904                PendSV_Handler
 .text.SysTick_Handler
                0x08001968       0x48 Middlewares/Third_Party/FreeRTOS/Source/portable/GCC/ARM_CM4F/port.o
                0x08001968                SysTick_Handler
 .text.vPortSetupTimerInterrupt
                0x080019b0       0x38 Middlewares/Third_Party/FreeRTOS/Source/portable/GCC/ARM_CM4F/port.o
                0x080019b0                vPortSetupTimerInterrupt
 .text.vPortEnableVFP
                0x080019e8       0x14 Middlewares/Third_Party/FreeRTOS/Source/portable/GCC/ARM_CM4F/port.o
 .text.pvPortMalloc
                0x080019fc      0x184 Middlewares/Third_Party/FreeRTOS/Source/portable/MemMang/heap_4.o
                0x080019fc                pvPortMalloc
 .text.vPortFree
                0x08001b80       0xb0 Middlewares/Third_Party/FreeRTOS/Source/portable/MemMang/heap_4.o
                0x08001b80                vPortFree
 .text.prvHeapInit
                0x08001c30       0xc4 Middlewares/Third_Party/FreeRTOS/Source/portable/MemMang/heap_4.o
 .text.prvInsertBlockIntoFreeList
                0x08001cf4       0xb4 Middlewares/Third_Party/FreeRTOS/Source/portable/MemMang/heap_4.o
 .text.sendACK  0x08001da8       0x84 src/communication.o
                0x08001da8                sendACK
 .text.createPacket
                0x08001e2c       0xdc src/communication.o
                0x08001e2c                createPacket
 .text.sendPacket
                0x08001f08       0xb8 src/communication.o
                0x08001f08                sendPacket
 .text.sendToUser
                0x08001fc0       0x26 src/communication.o
                0x08001fc0                sendToUser
 .text.createAndSendPacket
                0x08001fe6       0x58 src/communication.o
                0x08001fe6                createAndSendPacket
 .text.calculateChecksum
                0x0800203e       0x70 src/communication.o
                0x0800203e                calculateChecksum
 *fill*         0x080020ae        0x2 
 .text.main     0x080020b0       0xb4 src/main.o
                0x080020b0                main
 .text.USART1_IRQHandler
                0x08002164       0x14 src/main.o
                0x08002164                USART1_IRQHandler
 .text.USART3_IRQHandler
                0x08002178       0x14 src/main.o
                0x08002178                USART3_IRQHandler
 .text.HAL_UART_RxCpltCallback
                0x0800218c      0x270 src/main.o
                0x0800218c                HAL_UART_RxCpltCallback
 *fill*         0x080023fc        0x4 
 .text.manageUserMessage
                0x08002400      0x8a0 src/main.o
                0x08002400                manageUserMessage
 .text.managePacket
                0x08002ca0      0x25c src/main.o
                0x08002ca0                managePacket
 .text.askDataTask
                0x08002efc       0xa8 src/main.o
                0x08002efc                askDataTask
 .text.SystemInit
                0x08002fa4       0x6c src/system_stm32f4xx.o
                0x08002fa4                SystemInit
 .text.USART1_UART_Init
                0x08003010       0xd4 src/uart.o
                0x08003010                USART1_UART_Init
 .text.USART3_UART_Init
                0x080030e4       0xd8 src/uart.o
                0x080030e4                USART3_UART_Init
 .text.Reset_Handler
                0x080031bc       0x50 startup/startup_stm32f407xx.o
                0x080031bc                Reset_Handler
 .text.Default_Handler
                0x0800320c        0x2 startup/startup_stm32f407xx.o
                0x0800320c                RTC_Alarm_IRQHandler
                0x0800320c                HASH_RNG_IRQHandler
                0x0800320c                EXTI2_IRQHandler
                0x0800320c                TIM8_CC_IRQHandler
                0x0800320c                DebugMon_Handler
                0x0800320c                TIM1_CC_IRQHandler
                0x0800320c                DMA2_Stream5_IRQHandler
                0x0800320c                HardFault_Handler
                0x0800320c                DMA1_Stream5_IRQHandler
                0x0800320c                PVD_IRQHandler
                0x0800320c                SDIO_IRQHandler
                0x0800320c                TAMP_STAMP_IRQHandler
                0x0800320c                NMI_Handler
                0x0800320c                CAN2_RX1_IRQHandler
                0x0800320c                EXTI3_IRQHandler
                0x0800320c                TIM8_TRG_COM_TIM14_IRQHandler
                0x0800320c                TIM1_UP_TIM10_IRQHandler
                0x0800320c                TIM8_UP_TIM13_IRQHandler
                0x0800320c                I2C3_ER_IRQHandler
                0x0800320c                EXTI0_IRQHandler
                0x0800320c                I2C2_EV_IRQHandler
                0x0800320c                DMA1_Stream2_IRQHandler
                0x0800320c                CAN1_RX0_IRQHandler
                0x0800320c                FPU_IRQHandler
                0x0800320c                OTG_HS_WKUP_IRQHandler
                0x0800320c                UsageFault_Handler
                0x0800320c                CAN2_SCE_IRQHandler
                0x0800320c                DMA2_Stream2_IRQHandler
                0x0800320c                SPI1_IRQHandler
                0x0800320c                TIM6_DAC_IRQHandler
                0x0800320c                TIM1_BRK_TIM9_IRQHandler
                0x0800320c                DCMI_IRQHandler
                0x0800320c                CAN2_RX0_IRQHandler
                0x0800320c                DMA2_Stream3_IRQHandler
                0x0800320c                USART6_IRQHandler
                0x0800320c                CAN1_RX1_IRQHandler
                0x0800320c                UART5_IRQHandler
                0x0800320c                DMA2_Stream0_IRQHandler
                0x0800320c                TIM4_IRQHandler
                0x0800320c                I2C1_EV_IRQHandler
                0x0800320c                DMA1_Stream6_IRQHandler
                0x0800320c                DMA1_Stream1_IRQHandler
                0x0800320c                UART4_IRQHandler
                0x0800320c                TIM3_IRQHandler
                0x0800320c                RCC_IRQHandler
                0x0800320c                TIM8_BRK_TIM12_IRQHandler
                0x0800320c                Default_Handler
                0x0800320c                EXTI15_10_IRQHandler
                0x0800320c                ADC_IRQHandler
                0x0800320c                DMA1_Stream7_IRQHandler
                0x0800320c                TIM7_IRQHandler
                0x0800320c                CAN2_TX_IRQHandler
                0x0800320c                TIM5_IRQHandler
                0x0800320c                DMA2_Stream7_IRQHandler
                0x0800320c                I2C3_EV_IRQHandler
                0x0800320c                EXTI9_5_IRQHandler
                0x0800320c                RTC_WKUP_IRQHandler
                0x0800320c                ETH_WKUP_IRQHandler
                0x0800320c                SPI2_IRQHandler
                0x0800320c                OTG_HS_EP1_IN_IRQHandler
                0x0800320c                MemManage_Handler
                0x0800320c                DMA1_Stream0_IRQHandler
                0x0800320c                CAN1_TX_IRQHandler
                0x0800320c                EXTI4_IRQHandler
                0x0800320c                FSMC_IRQHandler
                0x0800320c                ETH_IRQHandler
                0x0800320c                OTG_HS_EP1_OUT_IRQHandler
                0x0800320c                WWDG_IRQHandler
                0x0800320c                TIM2_IRQHandler
                0x0800320c                OTG_FS_WKUP_IRQHandler
                0x0800320c                TIM1_TRG_COM_TIM11_IRQHandler
                0x0800320c                OTG_HS_IRQHandler
                0x0800320c                EXTI1_IRQHandler
                0x0800320c                USART2_IRQHandler
                0x0800320c                I2C2_ER_IRQHandler
                0x0800320c                DMA2_Stream1_IRQHandler
                0x0800320c                CAN1_SCE_IRQHandler
                0x0800320c                FLASH_IRQHandler
                0x0800320c                DMA2_Stream4_IRQHandler
                0x0800320c                BusFault_Handler
                0x0800320c                OTG_FS_IRQHandler
                0x0800320c                SPI3_IRQHandler
                0x0800320c                DMA1_Stream4_IRQHandler
                0x0800320c                I2C1_ER_IRQHandler
                0x0800320c                DMA2_Stream6_IRQHandler
                0x0800320c                DMA1_Stream3_IRQHandler
 *fill*         0x0800320e        0x2 
 .text.HAL_Init
                0x08003210       0x38 C:\Users\juanj\Downloads\SE\stm32f4discovery_hal_lib\Debug\libstm32f4discovery_hal_lib.a(stm32f4xx_hal.o)
                0x08003210                HAL_Init
 .text.HAL_MspInit
                0x08003248        0xe C:\Users\juanj\Downloads\SE\stm32f4discovery_hal_lib\Debug\libstm32f4discovery_hal_lib.a(stm32f4xx_hal.o)
                0x08003248                HAL_MspInit
 *fill*         0x08003256        0x2 
 .text.HAL_InitTick
                0x08003258       0x38 C:\Users\juanj\Downloads\SE\stm32f4discovery_hal_lib\Debug\libstm32f4discovery_hal_lib.a(stm32f4xx_hal.o)
                0x08003258                HAL_InitTick
 .text.HAL_GetTick
                0x08003290       0x18 C:\Users\juanj\Downloads\SE\stm32f4discovery_hal_lib\Debug\libstm32f4discovery_hal_lib.a(stm32f4xx_hal.o)
                0x08003290                HAL_GetTick
 .text.NVIC_SetPriorityGrouping
                0x080032a8       0x48 C:\Users\juanj\Downloads\SE\stm32f4discovery_hal_lib\Debug\libstm32f4discovery_hal_lib.a(stm32f4xx_hal_cortex.o)
 .text.NVIC_GetPriorityGrouping
                0x080032f0       0x1c C:\Users\juanj\Downloads\SE\stm32f4discovery_hal_lib\Debug\libstm32f4discovery_hal_lib.a(stm32f4xx_hal_cortex.o)
 .text.NVIC_EnableIRQ
                0x0800330c       0x34 C:\Users\juanj\Downloads\SE\stm32f4discovery_hal_lib\Debug\libstm32f4discovery_hal_lib.a(stm32f4xx_hal_cortex.o)
 .text.NVIC_SetPriority
                0x08003340       0x54 C:\Users\juanj\Downloads\SE\stm32f4discovery_hal_lib\Debug\libstm32f4discovery_hal_lib.a(stm32f4xx_hal_cortex.o)
 .text.NVIC_EncodePriority
                0x08003394       0x66 C:\Users\juanj\Downloads\SE\stm32f4discovery_hal_lib\Debug\libstm32f4discovery_hal_lib.a(stm32f4xx_hal_cortex.o)
 *fill*         0x080033fa        0x2 
 .text.SysTick_Config
                0x080033fc       0x44 C:\Users\juanj\Downloads\SE\stm32f4discovery_hal_lib\Debug\libstm32f4discovery_hal_lib.a(stm32f4xx_hal_cortex.o)
 .text.HAL_NVIC_SetPriorityGrouping
                0x08003440       0x16 C:\Users\juanj\Downloads\SE\stm32f4discovery_hal_lib\Debug\libstm32f4discovery_hal_lib.a(stm32f4xx_hal_cortex.o)
                0x08003440                HAL_NVIC_SetPriorityGrouping
 .text.HAL_NVIC_SetPriority
                0x08003456       0x38 C:\Users\juanj\Downloads\SE\stm32f4discovery_hal_lib\Debug\libstm32f4discovery_hal_lib.a(stm32f4xx_hal_cortex.o)
                0x08003456                HAL_NVIC_SetPriority
 .text.HAL_NVIC_EnableIRQ
                0x0800348e       0x1c C:\Users\juanj\Downloads\SE\stm32f4discovery_hal_lib\Debug\libstm32f4discovery_hal_lib.a(stm32f4xx_hal_cortex.o)
                0x0800348e                HAL_NVIC_EnableIRQ
 .text.HAL_SYSTICK_Config
                0x080034aa       0x18 C:\Users\juanj\Downloads\SE\stm32f4discovery_hal_lib\Debug\libstm32f4discovery_hal_lib.a(stm32f4xx_hal_cortex.o)
                0x080034aa                HAL_SYSTICK_Config
 *fill*         0x080034c2        0x2 
 .text.HAL_GPIO_Init
                0x080034c4      0x334 C:\Users\juanj\Downloads\SE\stm32f4discovery_hal_lib\Debug\libstm32f4discovery_hal_lib.a(stm32f4xx_hal_gpio.o)
                0x080034c4                HAL_GPIO_Init
 .text.HAL_UART_Init
                0x080037f8       0x9a C:\Users\juanj\Downloads\SE\stm32f4discovery_hal_lib\Debug\libstm32f4discovery_hal_lib.a(stm32f4xx_hal_uart.o)
                0x080037f8                HAL_UART_Init
 .text.HAL_UART_MspInit
                0x08003892       0x14 C:\Users\juanj\Downloads\SE\stm32f4discovery_hal_lib\Debug\libstm32f4discovery_hal_lib.a(stm32f4xx_hal_uart.o)
                0x08003892                HAL_UART_MspInit
 .text.HAL_UART_Transmit
                0x080038a6      0x132 C:\Users\juanj\Downloads\SE\stm32f4discovery_hal_lib\Debug\libstm32f4discovery_hal_lib.a(stm32f4xx_hal_uart.o)
                0x080038a6                HAL_UART_Transmit
 .text.HAL_UART_Receive_IT
                0x080039d8       0x9a C:\Users\juanj\Downloads\SE\stm32f4discovery_hal_lib\Debug\libstm32f4discovery_hal_lib.a(stm32f4xx_hal_uart.o)
                0x080039d8                HAL_UART_Receive_IT
 *fill*         0x08003a72        0x2 
 .text.HAL_UART_IRQHandler
                0x08003a74      0x1f8 C:\Users\juanj\Downloads\SE\stm32f4discovery_hal_lib\Debug\libstm32f4discovery_hal_lib.a(stm32f4xx_hal_uart.o)
                0x08003a74                HAL_UART_IRQHandler
 .text.HAL_UART_TxCpltCallback
                0x08003c6c       0x14 C:\Users\juanj\Downloads\SE\stm32f4discovery_hal_lib\Debug\libstm32f4discovery_hal_lib.a(stm32f4xx_hal_uart.o)
                0x08003c6c                HAL_UART_TxCpltCallback
 .text.HAL_UART_ErrorCallback
                0x08003c80       0x14 C:\Users\juanj\Downloads\SE\stm32f4discovery_hal_lib\Debug\libstm32f4discovery_hal_lib.a(stm32f4xx_hal_uart.o)
                0x08003c80                HAL_UART_ErrorCallback
 .text.UART_WaitOnFlagUntilTimeout
                0x08003c94       0x94 C:\Users\juanj\Downloads\SE\stm32f4discovery_hal_lib\Debug\libstm32f4discovery_hal_lib.a(stm32f4xx_hal_uart.o)
 .text.UART_EndRxTransfer
                0x08003d28       0x3c C:\Users\juanj\Downloads\SE\stm32f4discovery_hal_lib\Debug\libstm32f4discovery_hal_lib.a(stm32f4xx_hal_uart.o)
 .text.UART_DMAAbortOnError
                0x08003d64       0x28 C:\Users\juanj\Downloads\SE\stm32f4discovery_hal_lib\Debug\libstm32f4discovery_hal_lib.a(stm32f4xx_hal_uart.o)
 .text.UART_Transmit_IT
                0x08003d8c       0xac C:\Users\juanj\Downloads\SE\stm32f4discovery_hal_lib\Debug\libstm32f4discovery_hal_lib.a(stm32f4xx_hal_uart.o)
 .text.UART_EndTransmit_IT
                0x08003e38       0x30 C:\Users\juanj\Downloads\SE\stm32f4discovery_hal_lib\Debug\libstm32f4discovery_hal_lib.a(stm32f4xx_hal_uart.o)
 .text.UART_Receive_IT
                0x08003e68       0xf2 C:\Users\juanj\Downloads\SE\stm32f4discovery_hal_lib\Debug\libstm32f4discovery_hal_lib.a(stm32f4xx_hal_uart.o)
 *fill*         0x08003f5a        0x2 
 .text.UART_SetConfig
                0x08003f5c      0x438 C:\Users\juanj\Downloads\SE\stm32f4discovery_hal_lib\Debug\libstm32f4discovery_hal_lib.a(stm32f4xx_hal_uart.o)
 .text.HAL_DMA_Abort_IT
                0x08004394       0x44 C:\Users\juanj\Downloads\SE\stm32f4discovery_hal_lib\Debug\libstm32f4discovery_hal_lib.a(stm32f4xx_hal_dma.o)
                0x08004394                HAL_DMA_Abort_IT
 .text.HAL_RCC_GetHCLKFreq
                0x080043d8       0x18 C:\Users\juanj\Downloads\SE\stm32f4discovery_hal_lib\Debug\libstm32f4discovery_hal_lib.a(stm32f4xx_hal_rcc.o)
                0x080043d8                HAL_RCC_GetHCLKFreq
 .text.HAL_RCC_GetPCLK1Freq
                0x080043f0       0x28 C:\Users\juanj\Downloads\SE\stm32f4discovery_hal_lib\Debug\libstm32f4discovery_hal_lib.a(stm32f4xx_hal_rcc.o)
                0x080043f0                HAL_RCC_GetPCLK1Freq
 .text.HAL_RCC_GetPCLK2Freq
                0x08004418       0x28 C:\Users\juanj\Downloads\SE\stm32f4discovery_hal_lib\Debug\libstm32f4discovery_hal_lib.a(stm32f4xx_hal_rcc.o)
                0x08004418                HAL_RCC_GetPCLK2Freq
 .text.pow      0x08004440      0x338 c:/ac6/systemworkbench/plugins/fr.ac6.mcu.externaltools.arm-none.win32_1.17.0.201812190825/tools/compiler/bin/../lib/gcc/arm-none-eabi/7.3.1/../../../../arm-none-eabi/lib/thumb/v7e-m/fpv4-sp/hard\libm.a(lib_a-w_pow.o)
                0x08004440                pow
 .text.__ieee754_pow
                0x08004778      0xab8 c:/ac6/systemworkbench/plugins/fr.ac6.mcu.externaltools.arm-none.win32_1.17.0.201812190825/tools/compiler/bin/../lib/gcc/arm-none-eabi/7.3.1/../../../../arm-none-eabi/lib/thumb/v7e-m/fpv4-sp/hard\libm.a(lib_a-e_pow.o)
                0x08004778                __ieee754_pow
 .text.__ieee754_sqrt
                0x08005230      0x194 c:/ac6/systemworkbench/plugins/fr.ac6.mcu.externaltools.arm-none.win32_1.17.0.201812190825/tools/compiler/bin/../lib/gcc/arm-none-eabi/7.3.1/../../../../arm-none-eabi/lib/thumb/v7e-m/fpv4-sp/hard\libm.a(lib_a-e_sqrt.o)
                0x08005230                __ieee754_sqrt
 .text.fabs     0x080053c4       0x14 c:/ac6/systemworkbench/plugins/fr.ac6.mcu.externaltools.arm-none.win32_1.17.0.201812190825/tools/compiler/bin/../lib/gcc/arm-none-eabi/7.3.1/../../../../arm-none-eabi/lib/thumb/v7e-m/fpv4-sp/hard\libm.a(lib_a-s_fabs.o)
                0x080053c4                fabs
 .text.finite   0x080053d8       0x10 c:/ac6/systemworkbench/plugins/fr.ac6.mcu.externaltools.arm-none.win32_1.17.0.201812190825/tools/compiler/bin/../lib/gcc/arm-none-eabi/7.3.1/../../../../arm-none-eabi/lib/thumb/v7e-m/fpv4-sp/hard\libm.a(lib_a-s_finite.o)
                0x080053d8                finite
 .text.matherr  0x080053e8        0x4 c:/ac6/systemworkbench/plugins/fr.ac6.mcu.externaltools.arm-none.win32_1.17.0.201812190825/tools/compiler/bin/../lib/gcc/arm-none-eabi/7.3.1/../../../../arm-none-eabi/lib/thumb/v7e-m/fpv4-sp/hard\libm.a(lib_a-s_matherr.o)
                0x080053e8                matherr
 *fill*         0x080053ec        0x4 
 .text.nan      0x080053f0       0x10 c:/ac6/systemworkbench/plugins/fr.ac6.mcu.externaltools.arm-none.win32_1.17.0.201812190825/tools/compiler/bin/../lib/gcc/arm-none-eabi/7.3.1/../../../../arm-none-eabi/lib/thumb/v7e-m/fpv4-sp/hard\libm.a(lib_a-s_nan.o)
                0x080053f0                nan
 .text.rint     0x08005400      0x110 c:/ac6/systemworkbench/plugins/fr.ac6.mcu.externaltools.arm-none.win32_1.17.0.201812190825/tools/compiler/bin/../lib/gcc/arm-none-eabi/7.3.1/../../../../arm-none-eabi/lib/thumb/v7e-m/fpv4-sp/hard\libm.a(lib_a-s_rint.o)
                0x08005400                rint
 .text.scalbn   0x08005510      0x114 c:/ac6/systemworkbench/plugins/fr.ac6.mcu.externaltools.arm-none.win32_1.17.0.201812190825/tools/compiler/bin/../lib/gcc/arm-none-eabi/7.3.1/../../../../arm-none-eabi/lib/thumb/v7e-m/fpv4-sp/hard\libm.a(lib_a-s_scalbn.o)
                0x08005510                scalbn
 .text.copysign
                0x08005624       0x1c c:/ac6/systemworkbench/plugins/fr.ac6.mcu.externaltools.arm-none.win32_1.17.0.201812190825/tools/compiler/bin/../lib/gcc/arm-none-eabi/7.3.1/../../../../arm-none-eabi/lib/thumb/v7e-m/fpv4-sp/hard\libm.a(lib_a-s_copysign.o)
                0x08005624                copysign
 .text.__errno  0x08005640        0xc c:/ac6/systemworkbench/plugins/fr.ac6.mcu.externaltools.arm-none.win32_1.17.0.201812190825/tools/compiler/bin/../lib/gcc/arm-none-eabi/7.3.1/../../../../arm-none-eabi/lib/thumb/v7e-m/fpv4-sp/hard\libc.a(lib_a-errno.o)
                0x08005640                __errno
 .text.__libc_init_array
                0x0800564c       0x48 c:/ac6/systemworkbench/plugins/fr.ac6.mcu.externaltools.arm-none.win32_1.17.0.201812190825/tools/compiler/bin/../lib/gcc/arm-none-eabi/7.3.1/../../../../arm-none-eabi/lib/thumb/v7e-m/fpv4-sp/hard\libc.a(lib_a-init.o)
                0x0800564c                __libc_init_array
 .text.memcmp   0x08005694       0x64 c:/ac6/systemworkbench/plugins/fr.ac6.mcu.externaltools.arm-none.win32_1.17.0.201812190825/tools/compiler/bin/../lib/gcc/arm-none-eabi/7.3.1/../../../../arm-none-eabi/lib/thumb/v7e-m/fpv4-sp/hard\libc.a(lib_a-memcmp.o)
                0x08005694                memcmp
 .text.memset   0x080056f8       0x94 c:/ac6/systemworkbench/plugins/fr.ac6.mcu.externaltools.arm-none.win32_1.17.0.201812190825/tools/compiler/bin/../lib/gcc/arm-none-eabi/7.3.1/../../../../arm-none-eabi/lib/thumb/v7e-m/fpv4-sp/hard\libc.a(lib_a-memset.o)
                0x080056f8                memset
 .text.strcpy   0x0800578c       0xbc c:/ac6/systemworkbench/plugins/fr.ac6.mcu.externaltools.arm-none.win32_1.17.0.201812190825/tools/compiler/bin/../lib/gcc/arm-none-eabi/7.3.1/../../../../arm-none-eabi/lib/thumb/v7e-m/fpv4-sp/hard\libc.a(lib_a-strcpy.o)
                0x0800578c                strcpy
 .text.startup.register_fini
                0x08005848       0x14 c:/ac6/systemworkbench/plugins/fr.ac6.mcu.externaltools.arm-none.win32_1.17.0.201812190825/tools/compiler/bin/../lib/gcc/arm-none-eabi/7.3.1/../../../../arm-none-eabi/lib/thumb/v7e-m/fpv4-sp/hard\libc.a(lib_a-__call_atexit.o)
 .text.atexit   0x0800585c        0xc c:/ac6/systemworkbench/plugins/fr.ac6.mcu.externaltools.arm-none.win32_1.17.0.201812190825/tools/compiler/bin/../lib/gcc/arm-none-eabi/7.3.1/../../../../arm-none-eabi/lib/thumb/v7e-m/fpv4-sp/hard\libc.a(lib_a-atexit.o)
                0x0800585c                atexit
 .text.__libc_fini_array
                0x08005868       0x34 c:/ac6/systemworkbench/plugins/fr.ac6.mcu.externaltools.arm-none.win32_1.17.0.201812190825/tools/compiler/bin/../lib/gcc/arm-none-eabi/7.3.1/../../../../arm-none-eabi/lib/thumb/v7e-m/fpv4-sp/hard\libc.a(lib_a-fini.o)
                0x08005868                __libc_fini_array
 .text.__retarget_lock_acquire_recursive
                0x0800589c        0x4 c:/ac6/systemworkbench/plugins/fr.ac6.mcu.externaltools.arm-none.win32_1.17.0.201812190825/tools/compiler/bin/../lib/gcc/arm-none-eabi/7.3.1/../../../../arm-none-eabi/lib/thumb/v7e-m/fpv4-sp/hard\libc.a(lib_a-lock.o)
                0x0800589c                __retarget_lock_acquire_recursive
 .text.__retarget_lock_release_recursive
                0x080058a0        0x4 c:/ac6/systemworkbench/plugins/fr.ac6.mcu.externaltools.arm-none.win32_1.17.0.201812190825/tools/compiler/bin/../lib/gcc/arm-none-eabi/7.3.1/../../../../arm-none-eabi/lib/thumb/v7e-m/fpv4-sp/hard\libc.a(lib_a-lock.o)
                0x080058a0                __retarget_lock_release_recursive
 .text.__register_exitproc
                0x080058a4       0xc0 c:/ac6/systemworkbench/plugins/fr.ac6.mcu.externaltools.arm-none.win32_1.17.0.201812190825/tools/compiler/bin/../lib/gcc/arm-none-eabi/7.3.1/../../../../arm-none-eabi/lib/thumb/v7e-m/fpv4-sp/hard\libc.a(lib_a-__atexit.o)
                0x080058a4                __register_exitproc
 *(.rodata)
 .rodata        0x08005964        0x5 Middlewares/Third_Party/FreeRTOS/Source/tasks.o
 *fill*         0x08005969        0x3 
 .rodata        0x0800596c       0xbc src/main.o
 .rodata        0x08005a28       0x18 src/system_stm32f4xx.o
                0x08005a28                AHBPrescTable
                0x08005a38                APBPrescTable
 *(.rodata*)
 .rodata.pow.str1.4
                0x08005a40        0x4 c:/ac6/systemworkbench/plugins/fr.ac6.mcu.externaltools.arm-none.win32_1.17.0.201812190825/tools/compiler/bin/../lib/gcc/arm-none-eabi/7.3.1/../../../../arm-none-eabi/lib/thumb/v7e-m/fpv4-sp/hard\libm.a(lib_a-w_pow.o)
 .rodata.__ieee754_pow.str1.4
                0x08005a44        0x4 c:/ac6/systemworkbench/plugins/fr.ac6.mcu.externaltools.arm-none.win32_1.17.0.201812190825/tools/compiler/bin/../lib/gcc/arm-none-eabi/7.3.1/../../../../arm-none-eabi/lib/thumb/v7e-m/fpv4-sp/hard\libm.a(lib_a-e_pow.o)
                                  0x1 (size before relaxing)
 .rodata.TWO52  0x08005a48       0x10 c:/ac6/systemworkbench/plugins/fr.ac6.mcu.externaltools.arm-none.win32_1.17.0.201812190825/tools/compiler/bin/../lib/gcc/arm-none-eabi/7.3.1/../../../../arm-none-eabi/lib/thumb/v7e-m/fpv4-sp/hard\libm.a(lib_a-s_rint.o)
 .rodata._global_impure_ptr
                0x08005a58        0x4 c:/ac6/systemworkbench/plugins/fr.ac6.mcu.externaltools.arm-none.win32_1.17.0.201812190825/tools/compiler/bin/../lib/gcc/arm-none-eabi/7.3.1/../../../../arm-none-eabi/lib/thumb/v7e-m/fpv4-sp/hard\libc.a(lib_a-impure.o)
                0x08005a58                _global_impure_ptr
 *(.glue_7)
 .glue_7        0x08005a5c        0x0 linker stubs
 *(.glue_7t)
 .glue_7t       0x08005a5c        0x0 linker stubs
 *(.eh_frame)
 .eh_frame      0x08005a5c        0x0 c:/ac6/systemworkbench/plugins/fr.ac6.mcu.externaltools.arm-none.win32_1.17.0.201812190825/tools/compiler/bin/../lib/gcc/arm-none-eabi/7.3.1/thumb/v7e-m/fpv4-sp/hard/crtbegin.o
 *(.init)
 .init          0x08005a5c        0x4 c:/ac6/systemworkbench/plugins/fr.ac6.mcu.externaltools.arm-none.win32_1.17.0.201812190825/tools/compiler/bin/../lib/gcc/arm-none-eabi/7.3.1/thumb/v7e-m/fpv4-sp/hard/crti.o
                0x08005a5c                _init
 .init          0x08005a60        0x8 c:/ac6/systemworkbench/plugins/fr.ac6.mcu.externaltools.arm-none.win32_1.17.0.201812190825/tools/compiler/bin/../lib/gcc/arm-none-eabi/7.3.1/thumb/v7e-m/fpv4-sp/hard/crtn.o
 *(.fini)
 .fini          0x08005a68        0x4 c:/ac6/systemworkbench/plugins/fr.ac6.mcu.externaltools.arm-none.win32_1.17.0.201812190825/tools/compiler/bin/../lib/gcc/arm-none-eabi/7.3.1/thumb/v7e-m/fpv4-sp/hard/crti.o
                0x08005a68                _fini
 .fini          0x08005a6c        0x8 c:/ac6/systemworkbench/plugins/fr.ac6.mcu.externaltools.arm-none.win32_1.17.0.201812190825/tools/compiler/bin/../lib/gcc/arm-none-eabi/7.3.1/thumb/v7e-m/fpv4-sp/hard/crtn.o
                0x08005a74                . = ALIGN (0x4)
                0x08005a74                _etext = .

.vfp11_veneer   0x08005a74        0x0
 .vfp11_veneer  0x08005a74        0x0 linker stubs

.v4_bx          0x08005a74        0x0
 .v4_bx         0x08005a74        0x0 linker stubs

.iplt           0x08005a74        0x0
 .iplt          0x08005a74        0x0 c:/ac6/systemworkbench/plugins/fr.ac6.mcu.externaltools.arm-none.win32_1.17.0.201812190825/tools/compiler/bin/../lib/gcc/arm-none-eabi/7.3.1/thumb/v7e-m/fpv4-sp/hard/crtbegin.o

.rel.dyn        0x08005a74        0x0
 .rel.iplt      0x08005a74        0x0 c:/ac6/systemworkbench/plugins/fr.ac6.mcu.externaltools.arm-none.win32_1.17.0.201812190825/tools/compiler/bin/../lib/gcc/arm-none-eabi/7.3.1/thumb/v7e-m/fpv4-sp/hard/crtbegin.o

.ARM.extab
 *(.ARM.extab* .gnu.linkonce.armextab.*)

.ARM            0x08005a74        0x0
                0x08005a74                __exidx_start = .
 *(.ARM.exidx*)
                0x08005a74                __exidx_end = .

.preinit_array  0x08005a74        0x0
                0x08005a74                PROVIDE (__preinit_array_start = .)
 *(.preinit_array*)
                0x08005a74                PROVIDE (__preinit_array_end = .)

.init_array     0x08005a74        0x8
                0x08005a74                PROVIDE (__init_array_start = .)
 *(SORT_BY_NAME(.init_array.*))
 .init_array.00000
                0x08005a74        0x4 c:/ac6/systemworkbench/plugins/fr.ac6.mcu.externaltools.arm-none.win32_1.17.0.201812190825/tools/compiler/bin/../lib/gcc/arm-none-eabi/7.3.1/../../../../arm-none-eabi/lib/thumb/v7e-m/fpv4-sp/hard\libc.a(lib_a-__call_atexit.o)
 *(.init_array*)
 .init_array    0x08005a78        0x4 c:/ac6/systemworkbench/plugins/fr.ac6.mcu.externaltools.arm-none.win32_1.17.0.201812190825/tools/compiler/bin/../lib/gcc/arm-none-eabi/7.3.1/thumb/v7e-m/fpv4-sp/hard/crtbegin.o
                0x08005a7c                PROVIDE (__init_array_end = .)

.fini_array     0x08005a7c        0x4
                0x08005a7c                PROVIDE (__fini_array_start = .)
 *(.fini_array*)
 .fini_array    0x08005a7c        0x4 c:/ac6/systemworkbench/plugins/fr.ac6.mcu.externaltools.arm-none.win32_1.17.0.201812190825/tools/compiler/bin/../lib/gcc/arm-none-eabi/7.3.1/thumb/v7e-m/fpv4-sp/hard/crtbegin.o
 *(SORT_BY_NAME(.fini_array.*))
                0x08005a80                PROVIDE (__fini_array_end = .)
                0x08005a80                _sidata = .

.data           0x20000000      0x43c load address 0x08005a80
                0x20000000                . = ALIGN (0x4)
                0x20000000                _sdata = .
 *(.data)
 .data          0x20000000        0x4 Middlewares/Third_Party/FreeRTOS/Source/portable/GCC/ARM_CM4F/port.o
 .data          0x20000004        0x4 src/system_stm32f4xx.o
                0x20000004                SystemCoreClock
 *(.data*)
 .data.__fdlib_version
                0x20000008        0x1 c:/ac6/systemworkbench/plugins/fr.ac6.mcu.externaltools.arm-none.win32_1.17.0.201812190825/tools/compiler/bin/../lib/gcc/arm-none-eabi/7.3.1/../../../../arm-none-eabi/lib/thumb/v7e-m/fpv4-sp/hard\libm.a(lib_a-s_lib_ver.o)
                0x20000008                __fdlib_version
 *fill*         0x20000009        0x3 
 .data._impure_ptr
                0x2000000c        0x4 c:/ac6/systemworkbench/plugins/fr.ac6.mcu.externaltools.arm-none.win32_1.17.0.201812190825/tools/compiler/bin/../lib/gcc/arm-none-eabi/7.3.1/../../../../arm-none-eabi/lib/thumb/v7e-m/fpv4-sp/hard\libc.a(lib_a-impure.o)
                0x2000000c                _impure_ptr
 .data.impure_data
                0x20000010      0x428 c:/ac6/systemworkbench/plugins/fr.ac6.mcu.externaltools.arm-none.win32_1.17.0.201812190825/tools/compiler/bin/../lib/gcc/arm-none-eabi/7.3.1/../../../../arm-none-eabi/lib/thumb/v7e-m/fpv4-sp/hard\libc.a(lib_a-impure.o)
 .data.__atexit_recursive_mutex
                0x20000438        0x4 c:/ac6/systemworkbench/plugins/fr.ac6.mcu.externaltools.arm-none.win32_1.17.0.201812190825/tools/compiler/bin/../lib/gcc/arm-none-eabi/7.3.1/../../../../arm-none-eabi/lib/thumb/v7e-m/fpv4-sp/hard\libc.a(lib_a-__call_atexit.o)
                0x20000438                __atexit_recursive_mutex
                0x2000043c                . = ALIGN (0x4)
                0x2000043c                _edata = .

.igot.plt       0x2000043c        0x0 load address 0x08005ebc
 .igot.plt      0x2000043c        0x0 c:/ac6/systemworkbench/plugins/fr.ac6.mcu.externaltools.arm-none.win32_1.17.0.201812190825/tools/compiler/bin/../lib/gcc/arm-none-eabi/7.3.1/thumb/v7e-m/fpv4-sp/hard/crtbegin.o
                0x2000043c                . = ALIGN (0x4)

.bss            0x2000043c     0x3f24 load address 0x08005ebc
                0x2000043c                _sbss = .
                0x2000043c                __bss_start__ = _sbss
 *(.bss)
 .bss           0x2000043c       0x1c c:/ac6/systemworkbench/plugins/fr.ac6.mcu.externaltools.arm-none.win32_1.17.0.201812190825/tools/compiler/bin/../lib/gcc/arm-none-eabi/7.3.1/thumb/v7e-m/fpv4-sp/hard/crtbegin.o
 .bss           0x20000458      0x128 Middlewares/Third_Party/FreeRTOS/Source/tasks.o
                0x20000458                pxCurrentTCB
 .bss           0x20000580        0x8 Middlewares/Third_Party/FreeRTOS/Source/portable/GCC/ARM_CM4F/port.o
 .bss           0x20000588     0x3c18 Middlewares/Third_Party/FreeRTOS/Source/portable/MemMang/heap_4.o
 .bss           0x200041a0        0x1 src/communication.o
 *fill*         0x200041a1        0x3 
 .bss           0x200041a4       0x60 src/main.o
                0x200041a4                byteRxUart1
                0x200041a5                byteRxUart3
 *(.bss*)
 *(COMMON)
 COMMON         0x20004204      0x134 src/main.o
                0x20004204                huart3
                0x20004244                hADC1
                0x2000428c                huart1
                0x200042cc                periodSettings
                0x200042d4                device
                0x200042ec                TimHandle
                0x20004328                sICConfig
 COMMON         0x20004338        0x4 C:\Users\juanj\Downloads\SE\stm32f4discovery_hal_lib\Debug\libstm32f4discovery_hal_lib.a(stm32f4xx_hal.o)
                0x20004338                uwTick
 COMMON         0x2000433c       0x21 c:/ac6/systemworkbench/plugins/fr.ac6.mcu.externaltools.arm-none.win32_1.17.0.201812190825/tools/compiler/bin/../lib/gcc/arm-none-eabi/7.3.1/../../../../arm-none-eabi/lib/thumb/v7e-m/fpv4-sp/hard\libc.a(lib_a-lock.o)
                0x2000433c                __lock___atexit_recursive_mutex
                0x20004340                __lock___arc4random_mutex
                0x20004344                __lock___env_recursive_mutex
                0x20004348                __lock___sinit_recursive_mutex
                0x2000434c                __lock___malloc_recursive_mutex
                0x20004350                __lock___at_quick_exit_mutex
                0x20004354                __lock___dd_hash_mutex
                0x20004358                __lock___tz_mutex
                0x2000435c                __lock___sfp_recursive_mutex
                0x20004360                . = ALIGN (0x4)
 *fill*         0x2000435d        0x3 
                0x20004360                _ebss = .
                0x20004360                __bss_end__ = _ebss

._user_heap_stack
                0x20004360      0x400 load address 0x08009de0
                0x20004360                . = ALIGN (0x8)
                0x20004360                PROVIDE (end = .)
                [!provide]                PROVIDE (_end = .)
                0x20004360                . = (. + _Min_Heap_Size)
                0x20004760                . = (. + _Min_Stack_Size)
 *fill*         0x20004360      0x400 
                0x20004760                . = ALIGN (0x8)

.memory_b1_text
 *(.mb1text)
 *(.mb1text*)
 *(.mb1rodata)
 *(.mb1rodata*)

/DISCARD/
 libc.a(*)
 libm.a(*)
 libgcc.a(*)

.ARM.attributes
                0x00000000       0x30
 *(.ARM.attributes)
 .ARM.attributes
                0x00000000       0x22 c:/ac6/systemworkbench/plugins/fr.ac6.mcu.externaltools.arm-none.win32_1.17.0.201812190825/tools/compiler/bin/../lib/gcc/arm-none-eabi/7.3.1/thumb/v7e-m/fpv4-sp/hard/crti.o
 .ARM.attributes
                0x00000022       0x34 c:/ac6/systemworkbench/plugins/fr.ac6.mcu.externaltools.arm-none.win32_1.17.0.201812190825/tools/compiler/bin/../lib/gcc/arm-none-eabi/7.3.1/thumb/v7e-m/fpv4-sp/hard/crtbegin.o
 .ARM.attributes
                0x00000056       0x39 Middlewares/Third_Party/FreeRTOS/Source/CMSIS_RTOS/cmsis_os.o
 .ARM.attributes
                0x0000008f       0x39 Middlewares/Third_Party/FreeRTOS/Source/list.o
 .ARM.attributes
                0x000000c8       0x39 Middlewares/Third_Party/FreeRTOS/Source/tasks.o
 .ARM.attributes
                0x00000101       0x39 Middlewares/Third_Party/FreeRTOS/Source/portable/GCC/ARM_CM4F/port.o
 .ARM.attributes
                0x0000013a       0x39 Middlewares/Third_Party/FreeRTOS/Source/portable/MemMang/heap_4.o
 .ARM.attributes
                0x00000173       0x39 src/communication.o
 .ARM.attributes
                0x000001ac       0x39 src/main.o
 .ARM.attributes
                0x000001e5       0x39 src/system_stm32f4xx.o
 .ARM.attributes
                0x0000021e       0x39 src/uart.o
 .ARM.attributes
                0x00000257       0x21 startup/startup_stm32f407xx.o
 .ARM.attributes
                0x00000278       0x39 C:\Users\juanj\Downloads\SE\stm32f4discovery_hal_lib\Debug\libstm32f4discovery_hal_lib.a(stm32f4xx_hal.o)
 .ARM.attributes
                0x000002b1       0x39 C:\Users\juanj\Downloads\SE\stm32f4discovery_hal_lib\Debug\libstm32f4discovery_hal_lib.a(stm32f4xx_hal_cortex.o)
 .ARM.attributes
                0x000002ea       0x39 C:\Users\juanj\Downloads\SE\stm32f4discovery_hal_lib\Debug\libstm32f4discovery_hal_lib.a(stm32f4xx_hal_gpio.o)
 .ARM.attributes
                0x00000323       0x39 C:\Users\juanj\Downloads\SE\stm32f4discovery_hal_lib\Debug\libstm32f4discovery_hal_lib.a(stm32f4xx_hal_uart.o)
 .ARM.attributes
                0x0000035c       0x39 C:\Users\juanj\Downloads\SE\stm32f4discovery_hal_lib\Debug\libstm32f4discovery_hal_lib.a(stm32f4xx_hal_dma.o)
 .ARM.attributes
                0x00000395       0x39 C:\Users\juanj\Downloads\SE\stm32f4discovery_hal_lib\Debug\libstm32f4discovery_hal_lib.a(stm32f4xx_hal_rcc.o)
 .ARM.attributes
                0x000003ce       0x34 c:/ac6/systemworkbench/plugins/fr.ac6.mcu.externaltools.arm-none.win32_1.17.0.201812190825/tools/compiler/bin/../lib/gcc/arm-none-eabi/7.3.1/../../../../arm-none-eabi/lib/thumb/v7e-m/fpv4-sp/hard\libm.a(lib_a-w_pow.o)
 .ARM.attributes
                0x00000402       0x34 c:/ac6/systemworkbench/plugins/fr.ac6.mcu.externaltools.arm-none.win32_1.17.0.201812190825/tools/compiler/bin/../lib/gcc/arm-none-eabi/7.3.1/../../../../arm-none-eabi/lib/thumb/v7e-m/fpv4-sp/hard\libm.a(lib_a-e_pow.o)
 .ARM.attributes
                0x00000436       0x34 c:/ac6/systemworkbench/plugins/fr.ac6.mcu.externaltools.arm-none.win32_1.17.0.201812190825/tools/compiler/bin/../lib/gcc/arm-none-eabi/7.3.1/../../../../arm-none-eabi/lib/thumb/v7e-m/fpv4-sp/hard\libm.a(lib_a-e_sqrt.o)
 .ARM.attributes
                0x0000046a       0x34 c:/ac6/systemworkbench/plugins/fr.ac6.mcu.externaltools.arm-none.win32_1.17.0.201812190825/tools/compiler/bin/../lib/gcc/arm-none-eabi/7.3.1/../../../../arm-none-eabi/lib/thumb/v7e-m/fpv4-sp/hard\libm.a(lib_a-s_fabs.o)
 .ARM.attributes
                0x0000049e       0x34 c:/ac6/systemworkbench/plugins/fr.ac6.mcu.externaltools.arm-none.win32_1.17.0.201812190825/tools/compiler/bin/../lib/gcc/arm-none-eabi/7.3.1/../../../../arm-none-eabi/lib/thumb/v7e-m/fpv4-sp/hard\libm.a(lib_a-s_finite.o)
 .ARM.attributes
                0x000004d2       0x34 c:/ac6/systemworkbench/plugins/fr.ac6.mcu.externaltools.arm-none.win32_1.17.0.201812190825/tools/compiler/bin/../lib/gcc/arm-none-eabi/7.3.1/../../../../arm-none-eabi/lib/thumb/v7e-m/fpv4-sp/hard\libm.a(lib_a-s_lib_ver.o)
 .ARM.attributes
                0x00000506       0x34 c:/ac6/systemworkbench/plugins/fr.ac6.mcu.externaltools.arm-none.win32_1.17.0.201812190825/tools/compiler/bin/../lib/gcc/arm-none-eabi/7.3.1/../../../../arm-none-eabi/lib/thumb/v7e-m/fpv4-sp/hard\libm.a(lib_a-s_matherr.o)
 .ARM.attributes
                0x0000053a       0x34 c:/ac6/systemworkbench/plugins/fr.ac6.mcu.externaltools.arm-none.win32_1.17.0.201812190825/tools/compiler/bin/../lib/gcc/arm-none-eabi/7.3.1/../../../../arm-none-eabi/lib/thumb/v7e-m/fpv4-sp/hard\libm.a(lib_a-s_nan.o)
 .ARM.attributes
                0x0000056e       0x34 c:/ac6/systemworkbench/plugins/fr.ac6.mcu.externaltools.arm-none.win32_1.17.0.201812190825/tools/compiler/bin/../lib/gcc/arm-none-eabi/7.3.1/../../../../arm-none-eabi/lib/thumb/v7e-m/fpv4-sp/hard\libm.a(lib_a-s_rint.o)
 .ARM.attributes
                0x000005a2       0x34 c:/ac6/systemworkbench/plugins/fr.ac6.mcu.externaltools.arm-none.win32_1.17.0.201812190825/tools/compiler/bin/../lib/gcc/arm-none-eabi/7.3.1/../../../../arm-none-eabi/lib/thumb/v7e-m/fpv4-sp/hard\libm.a(lib_a-s_scalbn.o)
 .ARM.attributes
                0x000005d6       0x34 c:/ac6/systemworkbench/plugins/fr.ac6.mcu.externaltools.arm-none.win32_1.17.0.201812190825/tools/compiler/bin/../lib/gcc/arm-none-eabi/7.3.1/../../../../arm-none-eabi/lib/thumb/v7e-m/fpv4-sp/hard\libm.a(lib_a-s_copysign.o)
 .ARM.attributes
                0x0000060a       0x22 c:/ac6/systemworkbench/plugins/fr.ac6.mcu.externaltools.arm-none.win32_1.17.0.201812190825/tools/compiler/bin/../lib/gcc/arm-none-eabi/7.3.1/thumb/v7e-m/fpv4-sp/hard\libgcc.a(_arm_addsubdf3.o)
 .ARM.attributes
                0x0000062c       0x22 c:/ac6/systemworkbench/plugins/fr.ac6.mcu.externaltools.arm-none.win32_1.17.0.201812190825/tools/compiler/bin/../lib/gcc/arm-none-eabi/7.3.1/thumb/v7e-m/fpv4-sp/hard\libgcc.a(_arm_muldivdf3.o)
 .ARM.attributes
                0x0000064e       0x22 c:/ac6/systemworkbench/plugins/fr.ac6.mcu.externaltools.arm-none.win32_1.17.0.201812190825/tools/compiler/bin/../lib/gcc/arm-none-eabi/7.3.1/thumb/v7e-m/fpv4-sp/hard\libgcc.a(_arm_cmpdf2.o)
 .ARM.attributes
                0x00000670       0x22 c:/ac6/systemworkbench/plugins/fr.ac6.mcu.externaltools.arm-none.win32_1.17.0.201812190825/tools/compiler/bin/../lib/gcc/arm-none-eabi/7.3.1/thumb/v7e-m/fpv4-sp/hard\libgcc.a(_arm_unorddf2.o)
 .ARM.attributes
                0x00000692       0x22 c:/ac6/systemworkbench/plugins/fr.ac6.mcu.externaltools.arm-none.win32_1.17.0.201812190825/tools/compiler/bin/../lib/gcc/arm-none-eabi/7.3.1/thumb/v7e-m/fpv4-sp/hard\libgcc.a(_arm_fixunsdfsi.o)
 .ARM.attributes
                0x000006b4       0x34 c:/ac6/systemworkbench/plugins/fr.ac6.mcu.externaltools.arm-none.win32_1.17.0.201812190825/tools/compiler/bin/../lib/gcc/arm-none-eabi/7.3.1/../../../../arm-none-eabi/lib/thumb/v7e-m/fpv4-sp/hard\libc.a(lib_a-errno.o)
 .ARM.attributes
                0x000006e8       0x34 c:/ac6/systemworkbench/plugins/fr.ac6.mcu.externaltools.arm-none.win32_1.17.0.201812190825/tools/compiler/bin/../lib/gcc/arm-none-eabi/7.3.1/../../../../arm-none-eabi/lib/thumb/v7e-m/fpv4-sp/hard\libc.a(lib_a-impure.o)
 .ARM.attributes
                0x0000071c       0x34 c:/ac6/systemworkbench/plugins/fr.ac6.mcu.externaltools.arm-none.win32_1.17.0.201812190825/tools/compiler/bin/../lib/gcc/arm-none-eabi/7.3.1/../../../../arm-none-eabi/lib/thumb/v7e-m/fpv4-sp/hard\libc.a(lib_a-init.o)
 .ARM.attributes
                0x00000750       0x34 c:/ac6/systemworkbench/plugins/fr.ac6.mcu.externaltools.arm-none.win32_1.17.0.201812190825/tools/compiler/bin/../lib/gcc/arm-none-eabi/7.3.1/../../../../arm-none-eabi/lib/thumb/v7e-m/fpv4-sp/hard\libc.a(lib_a-memcmp.o)
 .ARM.attributes
                0x00000784       0x34 c:/ac6/systemworkbench/plugins/fr.ac6.mcu.externaltools.arm-none.win32_1.17.0.201812190825/tools/compiler/bin/../lib/gcc/arm-none-eabi/7.3.1/../../../../arm-none-eabi/lib/thumb/v7e-m/fpv4-sp/hard\libc.a(lib_a-memset.o)
 .ARM.attributes
                0x000007b8       0x34 c:/ac6/systemworkbench/plugins/fr.ac6.mcu.externaltools.arm-none.win32_1.17.0.201812190825/tools/compiler/bin/../lib/gcc/arm-none-eabi/7.3.1/../../../../arm-none-eabi/lib/thumb/v7e-m/fpv4-sp/hard\libc.a(lib_a-strcpy.o)
 .ARM.attributes
                0x000007ec       0x34 c:/ac6/systemworkbench/plugins/fr.ac6.mcu.externaltools.arm-none.win32_1.17.0.201812190825/tools/compiler/bin/../lib/gcc/arm-none-eabi/7.3.1/../../../../arm-none-eabi/lib/thumb/v7e-m/fpv4-sp/hard\libc.a(lib_a-__call_atexit.o)
 .ARM.attributes
                0x00000820       0x34 c:/ac6/systemworkbench/plugins/fr.ac6.mcu.externaltools.arm-none.win32_1.17.0.201812190825/tools/compiler/bin/../lib/gcc/arm-none-eabi/7.3.1/../../../../arm-none-eabi/lib/thumb/v7e-m/fpv4-sp/hard\libc.a(lib_a-atexit.o)
 .ARM.attributes
                0x00000854       0x34 c:/ac6/systemworkbench/plugins/fr.ac6.mcu.externaltools.arm-none.win32_1.17.0.201812190825/tools/compiler/bin/../lib/gcc/arm-none-eabi/7.3.1/../../../../arm-none-eabi/lib/thumb/v7e-m/fpv4-sp/hard\libc.a(lib_a-fini.o)
 .ARM.attributes
                0x00000888       0x34 c:/ac6/systemworkbench/plugins/fr.ac6.mcu.externaltools.arm-none.win32_1.17.0.201812190825/tools/compiler/bin/../lib/gcc/arm-none-eabi/7.3.1/../../../../arm-none-eabi/lib/thumb/v7e-m/fpv4-sp/hard\libc.a(lib_a-lock.o)
 .ARM.attributes
                0x000008bc       0x34 c:/ac6/systemworkbench/plugins/fr.ac6.mcu.externaltools.arm-none.win32_1.17.0.201812190825/tools/compiler/bin/../lib/gcc/arm-none-eabi/7.3.1/../../../../arm-none-eabi/lib/thumb/v7e-m/fpv4-sp/hard\libc.a(lib_a-__atexit.o)
 .ARM.attributes
                0x000008f0       0x22 c:/ac6/systemworkbench/plugins/fr.ac6.mcu.externaltools.arm-none.win32_1.17.0.201812190825/tools/compiler/bin/../lib/gcc/arm-none-eabi/7.3.1/thumb/v7e-m/fpv4-sp/hard/crtn.o
OUTPUT(modulo-central-2.elf elf32-littlearm)

.debug_info     0x00000000    0x117f9
 .debug_info    0x00000000     0x1a3a Middlewares/Third_Party/FreeRTOS/Source/CMSIS_RTOS/cmsis_os.o
 .debug_info    0x00001a3a      0xad0 Middlewares/Third_Party/FreeRTOS/Source/list.o
 .debug_info    0x0000250a     0x2383 Middlewares/Third_Party/FreeRTOS/Source/tasks.o
 .debug_info    0x0000488d      0x534 Middlewares/Third_Party/FreeRTOS/Source/portable/GCC/ARM_CM4F/port.o
 .debug_info    0x00004dc1      0xbfa Middlewares/Third_Party/FreeRTOS/Source/portable/MemMang/heap_4.o
 .debug_info    0x000059bb     0x10dd src/communication.o
 .debug_info    0x00006a98     0x1b4b src/main.o
 .debug_info    0x000085e3      0xd24 src/system_stm32f4xx.o
 .debug_info    0x00009307     0x131b src/uart.o
 .debug_info    0x0000a622       0x22 startup/startup_stm32f407xx.o
 .debug_info    0x0000a644     0x1077 C:\Users\juanj\Downloads\SE\stm32f4discovery_hal_lib\Debug\libstm32f4discovery_hal_lib.a(stm32f4xx_hal.o)
 .debug_info    0x0000b6bb     0x15f1 C:\Users\juanj\Downloads\SE\stm32f4discovery_hal_lib\Debug\libstm32f4discovery_hal_lib.a(stm32f4xx_hal_cortex.o)
 .debug_info    0x0000ccac      0xf86 C:\Users\juanj\Downloads\SE\stm32f4discovery_hal_lib\Debug\libstm32f4discovery_hal_lib.a(stm32f4xx_hal_gpio.o)
 .debug_info    0x0000dc32     0x19ef C:\Users\juanj\Downloads\SE\stm32f4discovery_hal_lib\Debug\libstm32f4discovery_hal_lib.a(stm32f4xx_hal_uart.o)
 .debug_info    0x0000f621     0x1136 C:\Users\juanj\Downloads\SE\stm32f4discovery_hal_lib\Debug\libstm32f4discovery_hal_lib.a(stm32f4xx_hal_dma.o)
 .debug_info    0x00010757     0x10a2 C:\Users\juanj\Downloads\SE\stm32f4discovery_hal_lib\Debug\libstm32f4discovery_hal_lib.a(stm32f4xx_hal_rcc.o)

.debug_abbrev   0x00000000     0x2929
 .debug_abbrev  0x00000000      0x3a8 Middlewares/Third_Party/FreeRTOS/Source/CMSIS_RTOS/cmsis_os.o
 .debug_abbrev  0x000003a8      0x1fe Middlewares/Third_Party/FreeRTOS/Source/list.o
 .debug_abbrev  0x000005a6      0x397 Middlewares/Third_Party/FreeRTOS/Source/tasks.o
 .debug_abbrev  0x0000093d      0x1eb Middlewares/Third_Party/FreeRTOS/Source/portable/GCC/ARM_CM4F/port.o
 .debug_abbrev  0x00000b28      0x2d4 Middlewares/Third_Party/FreeRTOS/Source/portable/MemMang/heap_4.o
 .debug_abbrev  0x00000dfc      0x257 src/communication.o
 .debug_abbrev  0x00001053      0x2f8 src/main.o
 .debug_abbrev  0x0000134b      0x205 src/system_stm32f4xx.o
 .debug_abbrev  0x00001550      0x220 src/uart.o
 .debug_abbrev  0x00001770       0x12 startup/startup_stm32f407xx.o
 .debug_abbrev  0x00001782      0x2bd C:\Users\juanj\Downloads\SE\stm32f4discovery_hal_lib\Debug\libstm32f4discovery_hal_lib.a(stm32f4xx_hal.o)
 .debug_abbrev  0x00001a3f      0x39f C:\Users\juanj\Downloads\SE\stm32f4discovery_hal_lib\Debug\libstm32f4discovery_hal_lib.a(stm32f4xx_hal_cortex.o)
 .debug_abbrev  0x00001dde      0x289 C:\Users\juanj\Downloads\SE\stm32f4discovery_hal_lib\Debug\libstm32f4discovery_hal_lib.a(stm32f4xx_hal_gpio.o)
 .debug_abbrev  0x00002067      0x2fa C:\Users\juanj\Downloads\SE\stm32f4discovery_hal_lib\Debug\libstm32f4discovery_hal_lib.a(stm32f4xx_hal_uart.o)
 .debug_abbrev  0x00002361      0x2c3 C:\Users\juanj\Downloads\SE\stm32f4discovery_hal_lib\Debug\libstm32f4discovery_hal_lib.a(stm32f4xx_hal_dma.o)
 .debug_abbrev  0x00002624      0x305 C:\Users\juanj\Downloads\SE\stm32f4discovery_hal_lib\Debug\libstm32f4discovery_hal_lib.a(stm32f4xx_hal_rcc.o)

.debug_aranges  0x00000000      0xab0
 .debug_aranges
                0x00000000      0x1b0 Middlewares/Third_Party/FreeRTOS/Source/CMSIS_RTOS/cmsis_os.o
 .debug_aranges
                0x000001b0       0x40 Middlewares/Third_Party/FreeRTOS/Source/list.o
 .debug_aranges
                0x000001f0      0x1b0 Middlewares/Third_Party/FreeRTOS/Source/tasks.o
 .debug_aranges
                0x000003a0       0x80 Middlewares/Third_Party/FreeRTOS/Source/portable/GCC/ARM_CM4F/port.o
 .debug_aranges
                0x00000420       0x50 Middlewares/Third_Party/FreeRTOS/Source/portable/MemMang/heap_4.o
 .debug_aranges
                0x00000470       0x50 src/communication.o
 .debug_aranges
                0x000004c0       0x58 src/main.o
 .debug_aranges
                0x00000518       0x28 src/system_stm32f4xx.o
 .debug_aranges
                0x00000540       0x28 src/uart.o
 .debug_aranges
                0x00000568       0x28 startup/startup_stm32f407xx.o
 .debug_aranges
                0x00000590       0xc8 C:\Users\juanj\Downloads\SE\stm32f4discovery_hal_lib\Debug\libstm32f4discovery_hal_lib.a(stm32f4xx_hal.o)
 .debug_aranges
                0x00000658      0x118 C:\Users\juanj\Downloads\SE\stm32f4discovery_hal_lib\Debug\libstm32f4discovery_hal_lib.a(stm32f4xx_hal_cortex.o)
 .debug_aranges
                0x00000770       0x58 C:\Users\juanj\Downloads\SE\stm32f4discovery_hal_lib\Debug\libstm32f4discovery_hal_lib.a(stm32f4xx_hal_gpio.o)
 .debug_aranges
                0x000007c8      0x1d0 C:\Users\juanj\Downloads\SE\stm32f4discovery_hal_lib\Debug\libstm32f4discovery_hal_lib.a(stm32f4xx_hal_uart.o)
 .debug_aranges
                0x00000998       0x90 C:\Users\juanj\Downloads\SE\stm32f4discovery_hal_lib\Debug\libstm32f4discovery_hal_lib.a(stm32f4xx_hal_dma.o)
 .debug_aranges
                0x00000a28       0x88 C:\Users\juanj\Downloads\SE\stm32f4discovery_hal_lib\Debug\libstm32f4discovery_hal_lib.a(stm32f4xx_hal_rcc.o)

.debug_ranges   0x00000000      0x9f0
 .debug_ranges  0x00000000      0x1a0 Middlewares/Third_Party/FreeRTOS/Source/CMSIS_RTOS/cmsis_os.o
 .debug_ranges  0x000001a0       0x30 Middlewares/Third_Party/FreeRTOS/Source/list.o
 .debug_ranges  0x000001d0      0x1a0 Middlewares/Third_Party/FreeRTOS/Source/tasks.o
 .debug_ranges  0x00000370       0x70 Middlewares/Third_Party/FreeRTOS/Source/portable/GCC/ARM_CM4F/port.o
 .debug_ranges  0x000003e0       0x40 Middlewares/Third_Party/FreeRTOS/Source/portable/MemMang/heap_4.o
 .debug_ranges  0x00000420       0x40 src/communication.o
 .debug_ranges  0x00000460       0x80 src/main.o
 .debug_ranges  0x000004e0       0x18 src/system_stm32f4xx.o
 .debug_ranges  0x000004f8       0x18 src/uart.o
 .debug_ranges  0x00000510       0x20 startup/startup_stm32f407xx.o
 .debug_ranges  0x00000530       0xb8 C:\Users\juanj\Downloads\SE\stm32f4discovery_hal_lib\Debug\libstm32f4discovery_hal_lib.a(stm32f4xx_hal.o)
 .debug_ranges  0x000005e8      0x108 C:\Users\juanj\Downloads\SE\stm32f4discovery_hal_lib\Debug\libstm32f4discovery_hal_lib.a(stm32f4xx_hal_cortex.o)
 .debug_ranges  0x000006f0       0x48 C:\Users\juanj\Downloads\SE\stm32f4discovery_hal_lib\Debug\libstm32f4discovery_hal_lib.a(stm32f4xx_hal_gpio.o)
 .debug_ranges  0x00000738      0x1c0 C:\Users\juanj\Downloads\SE\stm32f4discovery_hal_lib\Debug\libstm32f4discovery_hal_lib.a(stm32f4xx_hal_uart.o)
 .debug_ranges  0x000008f8       0x80 C:\Users\juanj\Downloads\SE\stm32f4discovery_hal_lib\Debug\libstm32f4discovery_hal_lib.a(stm32f4xx_hal_dma.o)
 .debug_ranges  0x00000978       0x78 C:\Users\juanj\Downloads\SE\stm32f4discovery_hal_lib\Debug\libstm32f4discovery_hal_lib.a(stm32f4xx_hal_rcc.o)

.debug_macro    0x00000000    0x278d0
 .debug_macro   0x00000000      0x1f0 Middlewares/Third_Party/FreeRTOS/Source/CMSIS_RTOS/cmsis_os.o
 .debug_macro   0x000001f0       0x58 Middlewares/Third_Party/FreeRTOS/Source/CMSIS_RTOS/cmsis_os.o
 .debug_macro   0x00000248       0x18 Middlewares/Third_Party/FreeRTOS/Source/CMSIS_RTOS/cmsis_os.o
 .debug_macro   0x00000260       0x94 Middlewares/Third_Party/FreeRTOS/Source/CMSIS_RTOS/cmsis_os.o
 .debug_macro   0x000002f4       0x35 Middlewares/Third_Party/FreeRTOS/Source/CMSIS_RTOS/cmsis_os.o
 .debug_macro   0x00000329       0x34 Middlewares/Third_Party/FreeRTOS/Source/CMSIS_RTOS/cmsis_os.o
 .debug_macro   0x0000035d       0x57 Middlewares/Third_Party/FreeRTOS/Source/CMSIS_RTOS/cmsis_os.o
 .debug_macro   0x000003b4       0x58 Middlewares/Third_Party/FreeRTOS/Source/CMSIS_RTOS/cmsis_os.o
 .debug_macro   0x0000040c       0x1f Middlewares/Third_Party/FreeRTOS/Source/CMSIS_RTOS/cmsis_os.o
 .debug_macro   0x0000042b       0x43 Middlewares/Third_Party/FreeRTOS/Source/CMSIS_RTOS/cmsis_os.o
 .debug_macro   0x0000046e       0x20 Middlewares/Third_Party/FreeRTOS/Source/CMSIS_RTOS/cmsis_os.o
 .debug_macro   0x0000048e      0x18e Middlewares/Third_Party/FreeRTOS/Source/CMSIS_RTOS/cmsis_os.o
 .debug_macro   0x0000061c      0x330 Middlewares/Third_Party/FreeRTOS/Source/CMSIS_RTOS/cmsis_os.o
 .debug_macro   0x0000094c       0x10 Middlewares/Third_Party/FreeRTOS/Source/CMSIS_RTOS/cmsis_os.o
 .debug_macro   0x0000095c       0x35 Middlewares/Third_Party/FreeRTOS/Source/CMSIS_RTOS/cmsis_os.o
 .debug_macro   0x00000991       0x16 Middlewares/Third_Party/FreeRTOS/Source/CMSIS_RTOS/cmsis_os.o
 .debug_macro   0x000009a7       0x26 Middlewares/Third_Party/FreeRTOS/Source/CMSIS_RTOS/cmsis_os.o
 .debug_macro   0x000009cd      0x11a Middlewares/Third_Party/FreeRTOS/Source/CMSIS_RTOS/cmsis_os.o
 .debug_macro   0x00000ae7      0x15d Middlewares/Third_Party/FreeRTOS/Source/CMSIS_RTOS/cmsis_os.o
 .debug_macro   0x00000c44       0xe4 Middlewares/Third_Party/FreeRTOS/Source/CMSIS_RTOS/cmsis_os.o
 .debug_macro   0x00000d28       0x10 Middlewares/Third_Party/FreeRTOS/Source/CMSIS_RTOS/cmsis_os.o
 .debug_macro   0x00000d38       0x1f Middlewares/Third_Party/FreeRTOS/Source/CMSIS_RTOS/cmsis_os.o
 .debug_macro   0x00000d57      0x3bc Middlewares/Third_Party/FreeRTOS/Source/CMSIS_RTOS/cmsis_os.o
 .debug_macro   0x00001113       0xc0 Middlewares/Third_Party/FreeRTOS/Source/CMSIS_RTOS/cmsis_os.o
 .debug_macro   0x000011d3       0x9a Middlewares/Third_Party/FreeRTOS/Source/CMSIS_RTOS/cmsis_os.o
 .debug_macro   0x0000126d       0x91 Middlewares/Third_Party/FreeRTOS/Source/CMSIS_RTOS/cmsis_os.o
 .debug_macro   0x000012fe       0xb0 Middlewares/Third_Party/FreeRTOS/Source/CMSIS_RTOS/cmsis_os.o
 .debug_macro   0x000013ae       0x7f Middlewares/Third_Party/FreeRTOS/Source/CMSIS_RTOS/cmsis_os.o
 .debug_macro   0x0000142d       0xcf Middlewares/Third_Party/FreeRTOS/Source/CMSIS_RTOS/cmsis_os.o
 .debug_macro   0x000014fc      0x17b Middlewares/Third_Party/FreeRTOS/Source/list.o
 .debug_macro   0x00001677      0x23d Middlewares/Third_Party/FreeRTOS/Source/tasks.o
 .debug_macro   0x000018b4       0x11 Middlewares/Third_Party/FreeRTOS/Source/tasks.o
 .debug_macro   0x000018c5      0x197 Middlewares/Third_Party/FreeRTOS/Source/portable/GCC/ARM_CM4F/port.o
 .debug_macro   0x00001a5c      0x1a2 Middlewares/Third_Party/FreeRTOS/Source/portable/MemMang/heap_4.o
 .debug_macro   0x00001bfe      0x582 src/communication.o
 .debug_macro   0x00002180       0x2c src/communication.o
 .debug_macro   0x000021ac       0x2f src/communication.o
 .debug_macro   0x000021db       0x3b src/communication.o
 .debug_macro   0x00002216      0xe66 src/communication.o
 .debug_macro   0x0000307c    0x15d08 src/communication.o
 .debug_macro   0x00018d84       0x43 src/communication.o
 .debug_macro   0x00018dc7      0x24b src/communication.o
 .debug_macro   0x00019012     0x3535 src/communication.o
 .debug_macro   0x0001c547       0x5e src/communication.o
 .debug_macro   0x0001c5a5       0x16 src/communication.o
 .debug_macro   0x0001c5bb       0x10 src/communication.o
 .debug_macro   0x0001c5cb       0x10 src/communication.o
 .debug_macro   0x0001c5db       0x1c src/communication.o
 .debug_macro   0x0001c5f7       0x52 src/communication.o
 .debug_macro   0x0001c649       0x40 src/communication.o
 .debug_macro   0x0001c689       0x10 src/communication.o
 .debug_macro   0x0001c699       0x40 src/communication.o
 .debug_macro   0x0001c6d9       0xd7 src/communication.o
 .debug_macro   0x0001c7b0       0x1c src/communication.o
 .debug_macro   0x0001c7cc       0x3d src/communication.o
 .debug_macro   0x0001c809       0x16 src/communication.o
 .debug_macro   0x0001c81f      0x16f src/communication.o
 .debug_macro   0x0001c98e       0x56 src/communication.o
 .debug_macro   0x0001c9e4      0x96b src/communication.o
 .debug_macro   0x0001d34f      0x9e6 src/communication.o
 .debug_macro   0x0001dd35      0x11e src/communication.o
 .debug_macro   0x0001de53      0x13e src/communication.o
 .debug_macro   0x0001df91       0x27 src/communication.o
 .debug_macro   0x0001dfb8      0x287 src/communication.o
 .debug_macro   0x0001e23f       0x5f src/communication.o
 .debug_macro   0x0001e29e      0x23a src/communication.o
 .debug_macro   0x0001e4d8      0x391 src/communication.o
 .debug_macro   0x0001e869      0x176 src/communication.o
 .debug_macro   0x0001e9df       0xf9 src/communication.o
 .debug_macro   0x0001ead8      0x383 src/communication.o
 .debug_macro   0x0001ee5b       0x23 src/communication.o
 .debug_macro   0x0001ee7e       0xe6 src/communication.o
 .debug_macro   0x0001ef64       0xa1 src/communication.o
 .debug_macro   0x0001f005       0x3c src/communication.o
 .debug_macro   0x0001f041       0x1f src/communication.o
 .debug_macro   0x0001f060      0x1cd src/communication.o
 .debug_macro   0x0001f22d      0xcd5 src/communication.o
 .debug_macro   0x0001ff02      0x133 src/communication.o
 .debug_macro   0x00020035      0x21e src/communication.o
 .debug_macro   0x00020253       0x2e src/communication.o
 .debug_macro   0x00020281      0x543 src/communication.o
 .debug_macro   0x000207c4       0x88 src/communication.o
 .debug_macro   0x0002084c       0xea src/communication.o
 .debug_macro   0x00020936      0x183 src/communication.o
 .debug_macro   0x00020ab9      0x1a7 src/communication.o
 .debug_macro   0x00020c60       0xa5 src/communication.o
 .debug_macro   0x00020d05      0x192 src/communication.o
 .debug_macro   0x00020e97       0x40 src/communication.o
 .debug_macro   0x00020ed7       0x3c src/communication.o
 .debug_macro   0x00020f13       0x79 src/communication.o
 .debug_macro   0x00020f8c      0x11e src/communication.o
 .debug_macro   0x000210aa       0x7f src/communication.o
 .debug_macro   0x00021129       0x89 src/communication.o
 .debug_macro   0x000211b2       0x7d src/communication.o
 .debug_macro   0x0002122f      0x31a src/communication.o
 .debug_macro   0x00021549      0x409 src/communication.o
 .debug_macro   0x00021952       0xe4 src/communication.o
 .debug_macro   0x00021a36      0x845 src/communication.o
 .debug_macro   0x0002227b      0x198 src/communication.o
 .debug_macro   0x00022413      0x202 src/communication.o
 .debug_macro   0x00022615      0x6e0 src/communication.o
 .debug_macro   0x00022cf5       0x59 src/communication.o
 .debug_macro   0x00022d4e      0x14d src/communication.o
 .debug_macro   0x00022e9b      0x287 src/communication.o
 .debug_macro   0x00023122      0x225 src/communication.o
 .debug_macro   0x00023347      0x1b5 src/communication.o
 .debug_macro   0x000234fc      0x2db src/communication.o
 .debug_macro   0x000237d7       0x89 src/communication.o
 .debug_macro   0x00023860      0x1df src/communication.o
 .debug_macro   0x00023a3f      0x115 src/communication.o
 .debug_macro   0x00023b54       0x6e src/communication.o
 .debug_macro   0x00023bc2      0x125 src/communication.o
 .debug_macro   0x00023ce7      0x617 src/main.o
 .debug_macro   0x000242fe      0x1e1 src/main.o
 .debug_macro   0x000244df       0x1c src/main.o
 .debug_macro   0x000244fb       0xc4 src/main.o
 .debug_macro   0x000245bf       0x10 src/main.o
 .debug_macro   0x000245cf      0x4b7 src/system_stm32f4xx.o
 .debug_macro   0x00024a86       0x35 src/system_stm32f4xx.o
 .debug_macro   0x00024abb       0x50 src/system_stm32f4xx.o
 .debug_macro   0x00024b0b       0x97 src/system_stm32f4xx.o
 .debug_macro   0x00024ba2       0xfd src/system_stm32f4xx.o
 .debug_macro   0x00024c9f      0x4bb src/uart.o
 .debug_macro   0x0002515a      0x511 C:\Users\juanj\Downloads\SE\stm32f4discovery_hal_lib\Debug\libstm32f4discovery_hal_lib.a(stm32f4xx_hal.o)
 .debug_macro   0x0002566b      0xa5a C:\Users\juanj\Downloads\SE\stm32f4discovery_hal_lib\Debug\libstm32f4discovery_hal_lib.a(stm32f4xx_hal.o)
 .debug_macro   0x000260c5       0x32 C:\Users\juanj\Downloads\SE\stm32f4discovery_hal_lib\Debug\libstm32f4discovery_hal_lib.a(stm32f4xx_hal.o)
 .debug_macro   0x000260f7      0x4b1 C:\Users\juanj\Downloads\SE\stm32f4discovery_hal_lib\Debug\libstm32f4discovery_hal_lib.a(stm32f4xx_hal_cortex.o)
 .debug_macro   0x000265a8      0x4e9 C:\Users\juanj\Downloads\SE\stm32f4discovery_hal_lib\Debug\libstm32f4discovery_hal_lib.a(stm32f4xx_hal_gpio.o)
 .debug_macro   0x00026a91      0x4b2 C:\Users\juanj\Downloads\SE\stm32f4discovery_hal_lib\Debug\libstm32f4discovery_hal_lib.a(stm32f4xx_hal_uart.o)
 .debug_macro   0x00026f43      0x4b8 C:\Users\juanj\Downloads\SE\stm32f4discovery_hal_lib\Debug\libstm32f4discovery_hal_lib.a(stm32f4xx_hal_dma.o)
 .debug_macro   0x000273fb      0x4d5 C:\Users\juanj\Downloads\SE\stm32f4discovery_hal_lib\Debug\libstm32f4discovery_hal_lib.a(stm32f4xx_hal_rcc.o)

.debug_line     0x00000000     0xb87e
 .debug_line    0x00000000      0xb76 Middlewares/Third_Party/FreeRTOS/Source/CMSIS_RTOS/cmsis_os.o
 .debug_line    0x00000b76      0x56a Middlewares/Third_Party/FreeRTOS/Source/list.o
 .debug_line    0x000010e0     0x1052 Middlewares/Third_Party/FreeRTOS/Source/tasks.o
 .debug_line    0x00002132      0x678 Middlewares/Third_Party/FreeRTOS/Source/portable/GCC/ARM_CM4F/port.o
 .debug_line    0x000027aa      0x654 Middlewares/Third_Party/FreeRTOS/Source/portable/MemMang/heap_4.o
 .debug_line    0x00002dfe      0xddf src/communication.o
 .debug_line    0x00003bdd     0x10bf src/main.o
 .debug_line    0x00004c9c      0xaf4 src/system_stm32f4xx.o
 .debug_line    0x00005790      0xb2e src/uart.o
 .debug_line    0x000062be       0x7f startup/startup_stm32f407xx.o
 .debug_line    0x0000633d      0xc68 C:\Users\juanj\Downloads\SE\stm32f4discovery_hal_lib\Debug\libstm32f4discovery_hal_lib.a(stm32f4xx_hal.o)
 .debug_line    0x00006fa5      0xde3 C:\Users\juanj\Downloads\SE\stm32f4discovery_hal_lib\Debug\libstm32f4discovery_hal_lib.a(stm32f4xx_hal_cortex.o)
 .debug_line    0x00007d88      0xca9 C:\Users\juanj\Downloads\SE\stm32f4discovery_hal_lib\Debug\libstm32f4discovery_hal_lib.a(stm32f4xx_hal_gpio.o)
 .debug_line    0x00008a31     0x13ac C:\Users\juanj\Downloads\SE\stm32f4discovery_hal_lib\Debug\libstm32f4discovery_hal_lib.a(stm32f4xx_hal_uart.o)
 .debug_line    0x00009ddd      0xd96 C:\Users\juanj\Downloads\SE\stm32f4discovery_hal_lib\Debug\libstm32f4discovery_hal_lib.a(stm32f4xx_hal_dma.o)
 .debug_line    0x0000ab73      0xd0b C:\Users\juanj\Downloads\SE\stm32f4discovery_hal_lib\Debug\libstm32f4discovery_hal_lib.a(stm32f4xx_hal_rcc.o)

.debug_str      0x00000000    0xf3682
 .debug_str     0x00000000     0xc7b5 Middlewares/Third_Party/FreeRTOS/Source/CMSIS_RTOS/cmsis_os.o
                               0xcafd (size before relaxing)
 .debug_str     0x0000c7b5      0x234 Middlewares/Third_Party/FreeRTOS/Source/list.o
                               0x9c93 (size before relaxing)
 .debug_str     0x0000c9e9     0x1162 Middlewares/Third_Party/FreeRTOS/Source/tasks.o
                               0xbdb9 (size before relaxing)
 .debug_str     0x0000db4b      0x7c4 Middlewares/Third_Party/FreeRTOS/Source/portable/GCC/ARM_CM4F/port.o
                               0x7ef3 (size before relaxing)
 .debug_str     0x0000e30f      0x25a Middlewares/Third_Party/FreeRTOS/Source/portable/MemMang/heap_4.o
                               0xa566 (size before relaxing)
 .debug_str     0x0000e569    0xe1f0a src/communication.o
                              0xee1bb (size before relaxing)
 .debug_str     0x000f0473     0x1032 src/main.o
                              0xef34d (size before relaxing)
 .debug_str     0x000f14a5      0x59a src/system_stm32f4xx.o
                              0xe8c09 (size before relaxing)
 .debug_str     0x000f1a3f      0x573 src/uart.o
                              0xe94ec (size before relaxing)
 .debug_str     0x000f1fb2       0x2f startup/startup_stm32f407xx.o
                                 0x60 (size before relaxing)
 .debug_str     0x000f1fe1      0x59f C:\Users\juanj\Downloads\SE\stm32f4discovery_hal_lib\Debug\libstm32f4discovery_hal_lib.a(stm32f4xx_hal.o)
                              0xe9636 (size before relaxing)
 .debug_str     0x000f2580      0x377 C:\Users\juanj\Downloads\SE\stm32f4discovery_hal_lib\Debug\libstm32f4discovery_hal_lib.a(stm32f4xx_hal_cortex.o)
                              0xe9473 (size before relaxing)
 .debug_str     0x000f28f7      0x216 C:\Users\juanj\Downloads\SE\stm32f4discovery_hal_lib\Debug\libstm32f4discovery_hal_lib.a(stm32f4xx_hal_gpio.o)
                              0xe8e06 (size before relaxing)
 .debug_str     0x000f2b0d      0x522 C:\Users\juanj\Downloads\SE\stm32f4discovery_hal_lib\Debug\libstm32f4discovery_hal_lib.a(stm32f4xx_hal_uart.o)
                              0xe93e5 (size before relaxing)
 .debug_str     0x000f302f      0x30b C:\Users\juanj\Downloads\SE\stm32f4discovery_hal_lib\Debug\libstm32f4discovery_hal_lib.a(stm32f4xx_hal_dma.o)
                              0xe8fdc (size before relaxing)
 .debug_str     0x000f333a      0x348 C:\Users\juanj\Downloads\SE\stm32f4discovery_hal_lib\Debug\libstm32f4discovery_hal_lib.a(stm32f4xx_hal_rcc.o)
                              0xe8f90 (size before relaxing)

.comment        0x00000000       0x7f
 .comment       0x00000000       0x7f Middlewares/Third_Party/FreeRTOS/Source/CMSIS_RTOS/cmsis_os.o
                                 0x80 (size before relaxing)
 .comment       0x0000007f       0x80 Middlewares/Third_Party/FreeRTOS/Source/list.o
 .comment       0x0000007f       0x80 Middlewares/Third_Party/FreeRTOS/Source/tasks.o
 .comment       0x0000007f       0x80 Middlewares/Third_Party/FreeRTOS/Source/portable/GCC/ARM_CM4F/port.o
 .comment       0x0000007f       0x80 Middlewares/Third_Party/FreeRTOS/Source/portable/MemMang/heap_4.o
 .comment       0x0000007f       0x80 src/communication.o
 .comment       0x0000007f       0x80 src/main.o
 .comment       0x0000007f       0x80 src/system_stm32f4xx.o
 .comment       0x0000007f       0x80 src/uart.o
 .comment       0x0000007f       0x80 C:\Users\juanj\Downloads\SE\stm32f4discovery_hal_lib\Debug\libstm32f4discovery_hal_lib.a(stm32f4xx_hal.o)
 .comment       0x0000007f       0x80 C:\Users\juanj\Downloads\SE\stm32f4discovery_hal_lib\Debug\libstm32f4discovery_hal_lib.a(stm32f4xx_hal_cortex.o)
 .comment       0x0000007f       0x80 C:\Users\juanj\Downloads\SE\stm32f4discovery_hal_lib\Debug\libstm32f4discovery_hal_lib.a(stm32f4xx_hal_gpio.o)
 .comment       0x0000007f       0x80 C:\Users\juanj\Downloads\SE\stm32f4discovery_hal_lib\Debug\libstm32f4discovery_hal_lib.a(stm32f4xx_hal_uart.o)
 .comment       0x0000007f       0x80 C:\Users\juanj\Downloads\SE\stm32f4discovery_hal_lib\Debug\libstm32f4discovery_hal_lib.a(stm32f4xx_hal_dma.o)
 .comment       0x0000007f       0x80 C:\Users\juanj\Downloads\SE\stm32f4discovery_hal_lib\Debug\libstm32f4discovery_hal_lib.a(stm32f4xx_hal_rcc.o)

.debug_frame    0x00000000     0x30e8
 .debug_frame   0x00000000      0x744 Middlewares/Third_Party/FreeRTOS/Source/CMSIS_RTOS/cmsis_os.o
 .debug_frame   0x00000744       0xd8 Middlewares/Third_Party/FreeRTOS/Source/list.o
 .debug_frame   0x0000081c      0x75c Middlewares/Third_Party/FreeRTOS/Source/tasks.o
 .debug_frame   0x00000f78      0x19c Middlewares/Third_Party/FreeRTOS/Source/portable/GCC/ARM_CM4F/port.o
 .debug_frame   0x00001114      0x108 Middlewares/Third_Party/FreeRTOS/Source/portable/MemMang/heap_4.o
 .debug_frame   0x0000121c      0x14c src/communication.o
 .debug_frame   0x00001368      0x138 src/main.o
 .debug_frame   0x000014a0       0x58 src/system_stm32f4xx.o
 .debug_frame   0x000014f8       0x58 src/uart.o
 .debug_frame   0x00001550      0x2d8 C:\Users\juanj\Downloads\SE\stm32f4discovery_hal_lib\Debug\libstm32f4discovery_hal_lib.a(stm32f4xx_hal.o)
 .debug_frame   0x00001828      0x498 C:\Users\juanj\Downloads\SE\stm32f4discovery_hal_lib\Debug\libstm32f4discovery_hal_lib.a(stm32f4xx_hal_cortex.o)
 .debug_frame   0x00001cc0      0x14c C:\Users\juanj\Downloads\SE\stm32f4discovery_hal_lib\Debug\libstm32f4discovery_hal_lib.a(stm32f4xx_hal_gpio.o)
 .debug_frame   0x00001e0c      0x83c C:\Users\juanj\Downloads\SE\stm32f4discovery_hal_lib\Debug\libstm32f4discovery_hal_lib.a(stm32f4xx_hal_uart.o)
 .debug_frame   0x00002648      0x250 C:\Users\juanj\Downloads\SE\stm32f4discovery_hal_lib\Debug\libstm32f4discovery_hal_lib.a(stm32f4xx_hal_dma.o)
 .debug_frame   0x00002898      0x1f0 C:\Users\juanj\Downloads\SE\stm32f4discovery_hal_lib\Debug\libstm32f4discovery_hal_lib.a(stm32f4xx_hal_rcc.o)
 .debug_frame   0x00002a88       0x50 c:/ac6/systemworkbench/plugins/fr.ac6.mcu.externaltools.arm-none.win32_1.17.0.201812190825/tools/compiler/bin/../lib/gcc/arm-none-eabi/7.3.1/../../../../arm-none-eabi/lib/thumb/v7e-m/fpv4-sp/hard\libm.a(lib_a-w_pow.o)
 .debug_frame   0x00002ad8       0x68 c:/ac6/systemworkbench/plugins/fr.ac6.mcu.externaltools.arm-none.win32_1.17.0.201812190825/tools/compiler/bin/../lib/gcc/arm-none-eabi/7.3.1/../../../../arm-none-eabi/lib/thumb/v7e-m/fpv4-sp/hard\libm.a(lib_a-e_pow.o)
 .debug_frame   0x00002b40       0x30 c:/ac6/systemworkbench/plugins/fr.ac6.mcu.externaltools.arm-none.win32_1.17.0.201812190825/tools/compiler/bin/../lib/gcc/arm-none-eabi/7.3.1/../../../../arm-none-eabi/lib/thumb/v7e-m/fpv4-sp/hard\libm.a(lib_a-e_sqrt.o)
 .debug_frame   0x00002b70       0x20 c:/ac6/systemworkbench/plugins/fr.ac6.mcu.externaltools.arm-none.win32_1.17.0.201812190825/tools/compiler/bin/../lib/gcc/arm-none-eabi/7.3.1/../../../../arm-none-eabi/lib/thumb/v7e-m/fpv4-sp/hard\libm.a(lib_a-s_fabs.o)
 .debug_frame   0x00002b90       0x20 c:/ac6/systemworkbench/plugins/fr.ac6.mcu.externaltools.arm-none.win32_1.17.0.201812190825/tools/compiler/bin/../lib/gcc/arm-none-eabi/7.3.1/../../../../arm-none-eabi/lib/thumb/v7e-m/fpv4-sp/hard\libm.a(lib_a-s_finite.o)
 .debug_frame   0x00002bb0       0x20 c:/ac6/systemworkbench/plugins/fr.ac6.mcu.externaltools.arm-none.win32_1.17.0.201812190825/tools/compiler/bin/../lib/gcc/arm-none-eabi/7.3.1/../../../../arm-none-eabi/lib/thumb/v7e-m/fpv4-sp/hard\libm.a(lib_a-s_matherr.o)
 .debug_frame   0x00002bd0       0x20 c:/ac6/systemworkbench/plugins/fr.ac6.mcu.externaltools.arm-none.win32_1.17.0.201812190825/tools/compiler/bin/../lib/gcc/arm-none-eabi/7.3.1/../../../../arm-none-eabi/lib/thumb/v7e-m/fpv4-sp/hard\libm.a(lib_a-s_nan.o)
 .debug_frame   0x00002bf0       0x38 c:/ac6/systemworkbench/plugins/fr.ac6.mcu.externaltools.arm-none.win32_1.17.0.201812190825/tools/compiler/bin/../lib/gcc/arm-none-eabi/7.3.1/../../../../arm-none-eabi/lib/thumb/v7e-m/fpv4-sp/hard\libm.a(lib_a-s_rint.o)
 .debug_frame   0x00002c28       0x2c c:/ac6/systemworkbench/plugins/fr.ac6.mcu.externaltools.arm-none.win32_1.17.0.201812190825/tools/compiler/bin/../lib/gcc/arm-none-eabi/7.3.1/../../../../arm-none-eabi/lib/thumb/v7e-m/fpv4-sp/hard\libm.a(lib_a-s_scalbn.o)
 .debug_frame   0x00002c54       0x20 c:/ac6/systemworkbench/plugins/fr.ac6.mcu.externaltools.arm-none.win32_1.17.0.201812190825/tools/compiler/bin/../lib/gcc/arm-none-eabi/7.3.1/../../../../arm-none-eabi/lib/thumb/v7e-m/fpv4-sp/hard\libm.a(lib_a-s_copysign.o)
 .debug_frame   0x00002c74       0xac c:/ac6/systemworkbench/plugins/fr.ac6.mcu.externaltools.arm-none.win32_1.17.0.201812190825/tools/compiler/bin/../lib/gcc/arm-none-eabi/7.3.1/thumb/v7e-m/fpv4-sp/hard\libgcc.a(_arm_addsubdf3.o)
 .debug_frame   0x00002d20       0x50 c:/ac6/systemworkbench/plugins/fr.ac6.mcu.externaltools.arm-none.win32_1.17.0.201812190825/tools/compiler/bin/../lib/gcc/arm-none-eabi/7.3.1/thumb/v7e-m/fpv4-sp/hard\libgcc.a(_arm_muldivdf3.o)
 .debug_frame   0x00002d70       0xc4 c:/ac6/systemworkbench/plugins/fr.ac6.mcu.externaltools.arm-none.win32_1.17.0.201812190825/tools/compiler/bin/../lib/gcc/arm-none-eabi/7.3.1/thumb/v7e-m/fpv4-sp/hard\libgcc.a(_arm_cmpdf2.o)
 .debug_frame   0x00002e34       0x20 c:/ac6/systemworkbench/plugins/fr.ac6.mcu.externaltools.arm-none.win32_1.17.0.201812190825/tools/compiler/bin/../lib/gcc/arm-none-eabi/7.3.1/thumb/v7e-m/fpv4-sp/hard\libgcc.a(_arm_unorddf2.o)
 .debug_frame   0x00002e54       0x24 c:/ac6/systemworkbench/plugins/fr.ac6.mcu.externaltools.arm-none.win32_1.17.0.201812190825/tools/compiler/bin/../lib/gcc/arm-none-eabi/7.3.1/thumb/v7e-m/fpv4-sp/hard\libgcc.a(_arm_fixunsdfsi.o)
 .debug_frame   0x00002e78       0x20 c:/ac6/systemworkbench/plugins/fr.ac6.mcu.externaltools.arm-none.win32_1.17.0.201812190825/tools/compiler/bin/../lib/gcc/arm-none-eabi/7.3.1/../../../../arm-none-eabi/lib/thumb/v7e-m/fpv4-sp/hard\libc.a(lib_a-errno.o)
 .debug_frame   0x00002e98       0x2c c:/ac6/systemworkbench/plugins/fr.ac6.mcu.externaltools.arm-none.win32_1.17.0.201812190825/tools/compiler/bin/../lib/gcc/arm-none-eabi/7.3.1/../../../../arm-none-eabi/lib/thumb/v7e-m/fpv4-sp/hard\libc.a(lib_a-init.o)
 .debug_frame   0x00002ec4       0x38 c:/ac6/systemworkbench/plugins/fr.ac6.mcu.externaltools.arm-none.win32_1.17.0.201812190825/tools/compiler/bin/../lib/gcc/arm-none-eabi/7.3.1/../../../../arm-none-eabi/lib/thumb/v7e-m/fpv4-sp/hard\libc.a(lib_a-memcmp.o)
 .debug_frame   0x00002efc       0x38 c:/ac6/systemworkbench/plugins/fr.ac6.mcu.externaltools.arm-none.win32_1.17.0.201812190825/tools/compiler/bin/../lib/gcc/arm-none-eabi/7.3.1/../../../../arm-none-eabi/lib/thumb/v7e-m/fpv4-sp/hard\libc.a(lib_a-memset.o)
 .debug_frame   0x00002f34       0x20 c:/ac6/systemworkbench/plugins/fr.ac6.mcu.externaltools.arm-none.win32_1.17.0.201812190825/tools/compiler/bin/../lib/gcc/arm-none-eabi/7.3.1/../../../../arm-none-eabi/lib/thumb/v7e-m/fpv4-sp/hard\libc.a(lib_a-strcpy.o)
 .debug_frame   0x00002f54       0x5c c:/ac6/systemworkbench/plugins/fr.ac6.mcu.externaltools.arm-none.win32_1.17.0.201812190825/tools/compiler/bin/../lib/gcc/arm-none-eabi/7.3.1/../../../../arm-none-eabi/lib/thumb/v7e-m/fpv4-sp/hard\libc.a(lib_a-__call_atexit.o)
 .debug_frame   0x00002fb0       0x20 c:/ac6/systemworkbench/plugins/fr.ac6.mcu.externaltools.arm-none.win32_1.17.0.201812190825/tools/compiler/bin/../lib/gcc/arm-none-eabi/7.3.1/../../../../arm-none-eabi/lib/thumb/v7e-m/fpv4-sp/hard\libc.a(lib_a-atexit.o)
 .debug_frame   0x00002fd0       0x34 c:/ac6/systemworkbench/plugins/fr.ac6.mcu.externaltools.arm-none.win32_1.17.0.201812190825/tools/compiler/bin/../lib/gcc/arm-none-eabi/7.3.1/../../../../arm-none-eabi/lib/thumb/v7e-m/fpv4-sp/hard\libc.a(lib_a-fini.o)
 .debug_frame   0x00003004       0xb0 c:/ac6/systemworkbench/plugins/fr.ac6.mcu.externaltools.arm-none.win32_1.17.0.201812190825/tools/compiler/bin/../lib/gcc/arm-none-eabi/7.3.1/../../../../arm-none-eabi/lib/thumb/v7e-m/fpv4-sp/hard\libc.a(lib_a-lock.o)
 .debug_frame   0x000030b4       0x34 c:/ac6/systemworkbench/plugins/fr.ac6.mcu.externaltools.arm-none.win32_1.17.0.201812190825/tools/compiler/bin/../lib/gcc/arm-none-eabi/7.3.1/../../../../arm-none-eabi/lib/thumb/v7e-m/fpv4-sp/hard\libc.a(lib_a-__atexit.o)
