Archive member included to satisfy reference by file (symbol)

C:\Users\juanj\Downloads\SE\LIB_MSE-SE\Debug\libLIB_MSE-SE.a(ConversorxInts.o)
                              src/main.o (ADC1_NTC_Init)
C:\Users\juanj\Downloads\SE\LIB_MSE-SE\Debug\libLIB_MSE-SE.a(ICTimer.o)
                              src/main.o (Init_ICTimer)
C:\Users\juanj\Downloads\SE\stm32f4discovery_hal_lib\Debug\libstm32f4discovery_hal_lib.a(stm32f4xx_hal.o)
                              src/main.o (HAL_Init)
C:\Users\juanj\Downloads\SE\stm32f4discovery_hal_lib\Debug\libstm32f4discovery_hal_lib.a(stm32f4xx_hal_adc.o)
                              C:\Users\juanj\Downloads\SE\LIB_MSE-SE\Debug\libLIB_MSE-SE.a(ConversorxInts.o) (HAL_ADC_Init)
C:\Users\juanj\Downloads\SE\stm32f4discovery_hal_lib\Debug\libstm32f4discovery_hal_lib.a(stm32f4xx_hal_adc_ex.o)
                              C:\Users\juanj\Downloads\SE\stm32f4discovery_hal_lib\Debug\libstm32f4discovery_hal_lib.a(stm32f4xx_hal_adc.o) (HAL_ADCEx_InjectedConvCpltCallback)
C:\Users\juanj\Downloads\SE\stm32f4discovery_hal_lib\Debug\libstm32f4discovery_hal_lib.a(stm32f4xx_hal_cortex.o)
                              C:\Users\juanj\Downloads\SE\stm32f4discovery_hal_lib\Debug\libstm32f4discovery_hal_lib.a(stm32f4xx_hal.o) (HAL_NVIC_SetPriorityGrouping)
C:\Users\juanj\Downloads\SE\stm32f4discovery_hal_lib\Debug\libstm32f4discovery_hal_lib.a(stm32f4xx_hal_dma.o)
                              C:\Users\juanj\Downloads\SE\stm32f4discovery_hal_lib\Debug\libstm32f4discovery_hal_lib.a(stm32f4xx_hal_adc.o) (HAL_DMA_Start_IT)
C:\Users\juanj\Downloads\SE\stm32f4discovery_hal_lib\Debug\libstm32f4discovery_hal_lib.a(stm32f4xx_hal_gpio.o)
                              src/uart.o (HAL_GPIO_Init)
C:\Users\juanj\Downloads\SE\stm32f4discovery_hal_lib\Debug\libstm32f4discovery_hal_lib.a(stm32f4xx_hal_tim.o)
                              C:\Users\juanj\Downloads\SE\LIB_MSE-SE\Debug\libLIB_MSE-SE.a(ICTimer.o) (HAL_TIM_IC_Init)
C:\Users\juanj\Downloads\SE\stm32f4discovery_hal_lib\Debug\libstm32f4discovery_hal_lib.a(stm32f4xx_hal_tim_ex.o)
                              C:\Users\juanj\Downloads\SE\stm32f4discovery_hal_lib\Debug\libstm32f4discovery_hal_lib.a(stm32f4xx_hal_tim.o) (TIMEx_DMACommutationCplt)
C:\Users\juanj\Downloads\SE\stm32f4discovery_hal_lib\Debug\libstm32f4discovery_hal_lib.a(stm32f4xx_hal_uart.o)
                              src/uart.o (HAL_UART_Init)
C:\Users\juanj\Downloads\SE\stm32f4discovery_hal_lib\Debug\libstm32f4discovery_hal_lib.a(stm32f4xx_hal_rcc.o)
                              C:\Users\juanj\Downloads\SE\stm32f4discovery_hal_lib\Debug\libstm32f4discovery_hal_lib.a(stm32f4xx_hal_uart.o) (HAL_RCC_GetPCLK1Freq)
c:/ac6/systemworkbench/plugins/fr.ac6.mcu.externaltools.arm-none.win32_1.17.0.201812190825/tools/compiler/bin/../lib/gcc/arm-none-eabi/7.3.1/../../../../arm-none-eabi/lib/thumb/v7e-m/fpv4-sp/hard\libm.a(lib_a-w_log.o)
                              src/sensingTasks.o (log)
c:/ac6/systemworkbench/plugins/fr.ac6.mcu.externaltools.arm-none.win32_1.17.0.201812190825/tools/compiler/bin/../lib/gcc/arm-none-eabi/7.3.1/../../../../arm-none-eabi/lib/thumb/v7e-m/fpv4-sp/hard\libm.a(lib_a-e_log.o)
                              c:/ac6/systemworkbench/plugins/fr.ac6.mcu.externaltools.arm-none.win32_1.17.0.201812190825/tools/compiler/bin/../lib/gcc/arm-none-eabi/7.3.1/../../../../arm-none-eabi/lib/thumb/v7e-m/fpv4-sp/hard\libm.a(lib_a-w_log.o) (__ieee754_log)
c:/ac6/systemworkbench/plugins/fr.ac6.mcu.externaltools.arm-none.win32_1.17.0.201812190825/tools/compiler/bin/../lib/gcc/arm-none-eabi/7.3.1/../../../../arm-none-eabi/lib/thumb/v7e-m/fpv4-sp/hard\libm.a(lib_a-s_lib_ver.o)
                              c:/ac6/systemworkbench/plugins/fr.ac6.mcu.externaltools.arm-none.win32_1.17.0.201812190825/tools/compiler/bin/../lib/gcc/arm-none-eabi/7.3.1/../../../../arm-none-eabi/lib/thumb/v7e-m/fpv4-sp/hard\libm.a(lib_a-w_log.o) (__fdlib_version)
c:/ac6/systemworkbench/plugins/fr.ac6.mcu.externaltools.arm-none.win32_1.17.0.201812190825/tools/compiler/bin/../lib/gcc/arm-none-eabi/7.3.1/../../../../arm-none-eabi/lib/thumb/v7e-m/fpv4-sp/hard\libm.a(lib_a-s_matherr.o)
                              c:/ac6/systemworkbench/plugins/fr.ac6.mcu.externaltools.arm-none.win32_1.17.0.201812190825/tools/compiler/bin/../lib/gcc/arm-none-eabi/7.3.1/../../../../arm-none-eabi/lib/thumb/v7e-m/fpv4-sp/hard\libm.a(lib_a-w_log.o) (matherr)
c:/ac6/systemworkbench/plugins/fr.ac6.mcu.externaltools.arm-none.win32_1.17.0.201812190825/tools/compiler/bin/../lib/gcc/arm-none-eabi/7.3.1/../../../../arm-none-eabi/lib/thumb/v7e-m/fpv4-sp/hard\libm.a(lib_a-s_nan.o)
                              c:/ac6/systemworkbench/plugins/fr.ac6.mcu.externaltools.arm-none.win32_1.17.0.201812190825/tools/compiler/bin/../lib/gcc/arm-none-eabi/7.3.1/../../../../arm-none-eabi/lib/thumb/v7e-m/fpv4-sp/hard\libm.a(lib_a-w_log.o) (nan)
[...]
Memory Configuration

Name             Origin             Length             Attributes
FLASH            0x08000000         0x00100000         xr
RAM              0x20000000         0x00030000         xrw
MEMORY_B1        0x60000000         0x00000000         xr
*default*        0x00000000         0xffffffff

Linker script and memory map

LOAD c:/ac6/systemworkbench/plugins/fr.ac6.mcu.externaltools.arm-none.win32_1.17.0.201812190825/tools/compiler/bin/../lib/gcc/arm-none-eabi/7.3.1/thumb/v7e-m/fpv4-sp/hard/crti.o
LOAD c:/ac6/systemworkbench/plugins/fr.ac6.mcu.externaltools.arm-none.win32_1.17.0.201812190825/tools/compiler/bin/../lib/gcc/arm-none-eabi/7.3.1/thumb/v7e-m/fpv4-sp/hard/crtbegin.o
LOAD c:/ac6/systemworkbench/plugins/fr.ac6.mcu.externaltools.arm-none.win32_1.17.0.201812190825/tools/compiler/bin/../lib/gcc/arm-none-eabi/7.3.1/../../../../arm-none-eabi/lib/thumb/v7e-m/fpv4-sp/hard/crt0.o
LOAD Middlewares/Driver_USART.o
LOAD Middlewares/Third_Party/FreeRTOS/Source/CMSIS_RTOS/cmsis_os.o
LOAD Middlewares/Third_Party/FreeRTOS/Source/croutine.o
LOAD Middlewares/Third_Party/FreeRTOS/Source/event_groups.o
LOAD Middlewares/Third_Party/FreeRTOS/Source/list.o
LOAD Middlewares/Third_Party/FreeRTOS/Source/queue.o
LOAD Middlewares/Third_Party/FreeRTOS/Source/tasks.o
LOAD Middlewares/Third_Party/FreeRTOS/Source/timers.o
LOAD Middlewares/Third_Party/FreeRTOS/Source/portable/GCC/ARM_CM4F/port.o
LOAD Middlewares/Third_Party/FreeRTOS/Source/portable/MemMang/heap_4.o
LOAD src/communication.o
LOAD src/main.o
LOAD src/sensingTasks.o
LOAD src/syscalls.o
LOAD src/system_stm32f4xx.o
LOAD src/uart.o
LOAD startup/startup_stm32f407xx.o
LOAD C:\Users\juanj\Downloads\SE\LIB_MSE-SE\Debug\libLIB_MSE-SE.a
LOAD C:\Users\juanj\Downloads\SE\stm32f4discovery_hal_lib\Debug\libstm32f4discovery_hal_lib.a
LOAD c:/ac6/systemworkbench/plugins/fr.ac6.mcu.externaltools.arm-none.win32_1.17.0.201812190825/tools/compiler/bin/../lib/gcc/arm-none-eabi/7.3.1/../../../../arm-none-eabi/lib/thumb/v7e-m/fpv4-sp/hard\libm.a
START GROUP
LOAD c:/ac6/systemworkbench/plugins/fr.ac6.mcu.externaltools.arm-none.win32_1.17.0.201812190825/tools/compiler/bin/../lib/gcc/arm-none-eabi/7.3.1/thumb/v7e-m/fpv4-sp/hard\libgcc.a
LOAD c:/ac6/systemworkbench/plugins/fr.ac6.mcu.externaltools.arm-none.win32_1.17.0.201812190825/tools/compiler/bin/../lib/gcc/arm-none-eabi/7.3.1/../../../../arm-none-eabi/lib/thumb/v7e-m/fpv4-sp/hard\libc.a
END GROUP
LOAD c:/ac6/systemworkbench/plugins/fr.ac6.mcu.externaltools.arm-none.win32_1.17.0.201812190825/tools/compiler/bin/../lib/gcc/arm-none-eabi/7.3.1/thumb/v7e-m/fpv4-sp/hard/crtend.o
LOAD c:/ac6/systemworkbench/plugins/fr.ac6.mcu.externaltools.arm-none.win32_1.17.0.201812190825/tools/compiler/bin/../lib/gcc/arm-none-eabi/7.3.1/thumb/v7e-m/fpv4-sp/hard/crtn.o
                0x20020000                _estack = 0x20020000
                0x00000000                _Min_Heap_Size = 0x0
                0x00000400                _Min_Stack_Size = 0x400

.isr_vector     0x08000000      0x188
                0x08000000                . = ALIGN (0x4)
 *(.isr_vector)
 .isr_vector    0x08000000      0x188 startup/startup_stm32f407xx.o
                0x08000000                g_pfnVectors
                0x08000188                . = ALIGN (0x4)

.text           0x080001a0     0x5b2c
                0x080001a0                . = ALIGN (0x4)
 *(.text)
 .text          0x080001a0       0x40 c:/ac6/systemworkbench/plugins/fr.ac6.mcu.externaltools.arm-none.win32_1.17.0.201812190825/tools/compiler/bin/../lib/gcc/arm-none-eabi/7.3.1/thumb/v7e-m/fpv4-sp/hard/crtbegin.o
 .text          0x080001e0      0x378 c:/ac6/systemworkbench/plugins/fr.ac6.mcu.externaltools.arm-none.win32_1.17.0.201812190825/tools/compiler/bin/../lib/gcc/arm-none-eabi/7.3.1/thumb/v7e-m/fpv4-sp/hard\libgcc.a(_arm_addsubdf3.o)
                0x080001e0                __aeabi_drsub
                0x080001e8                __aeabi_dsub
                0x080001e8                __subdf3
                0x080001ec                __aeabi_dadd
                0x080001ec                __adddf3
                0x08000464                __floatunsidf
                0x08000464                __aeabi_ui2d
                0x08000484                __floatsidf
                0x08000484                __aeabi_i2d
                0x080004a8                __aeabi_f2d
                0x080004a8                __extendsfdf2
                0x080004ec                __floatundidf
                0x080004ec                __aeabi_ul2d
                0x080004fc                __floatdidf
                0x080004fc                __aeabi_l2d
 .text          0x08000558      0x424 c:/ac6/systemworkbench/plugins/fr.ac6.mcu.externaltools.arm-none.win32_1.17.0.201812190825/tools/compiler/bin/../lib/gcc/arm-none-eabi/7.3.1/thumb/v7e-m/fpv4-sp/hard\libgcc.a(_arm_muldivdf3.o)
                0x08000558                __aeabi_dmul
                0x08000558                __muldf3
                0x080007ac                __divdf3
                0x080007ac                __aeabi_ddiv
 .text          0x0800097c      0x110 c:/ac6/systemworkbench/plugins/fr.ac6.mcu.externaltools.arm-none.win32_1.17.0.201812190825/tools/compiler/bin/../lib/gcc/arm-none-eabi/7.3.1/thumb/v7e-m/fpv4-sp/hard\libgcc.a(_arm_cmpdf2.o)
                0x0800097c                __gtdf2
                0x0800097c                __gedf2
                0x08000984                __ltdf2
                0x08000984                __ledf2
                0x0800098c                __nedf2
                0x0800098c                __eqdf2
                0x0800098c                __cmpdf2
                0x08000a08                __aeabi_cdrcmple
                0x08000a18                __aeabi_cdcmpeq
                0x08000a18                __aeabi_cdcmple
                0x08000a28                __aeabi_dcmpeq
                0x08000a3c                __aeabi_dcmplt
                0x08000a50                __aeabi_dcmple
                0x08000a64                __aeabi_dcmpge
                0x08000a78                __aeabi_dcmpgt
 .text          0x08000a8c       0x2c c:/ac6/systemworkbench/plugins/fr.ac6.mcu.externaltools.arm-none.win32_1.17.0.201812190825/tools/compiler/bin/../lib/gcc/arm-none-eabi/7.3.1/thumb/v7e-m/fpv4-sp/hard\libgcc.a(_arm_unorddf2.o)
                0x08000a8c                __unorddf2
                0x08000a8c                __aeabi_dcmpun
 .text          0x08000ab8       0xa0 c:/ac6/systemworkbench/plugins/fr.ac6.mcu.externaltools.arm-none.win32_1.17.0.201812190825/tools/compiler/bin/../lib/gcc/arm-none-eabi/7.3.1/thumb/v7e-m/fpv4-sp/hard\libgcc.a(_arm_truncdfsf2.o)
                0x08000ab8                __truncdfsf2
                0x08000ab8                __aeabi_d2f
 *fill*         0x08000b58        0x8 
 .text          0x08000b60      0x2dc c:/ac6/systemworkbench/plugins/fr.ac6.mcu.externaltools.arm-none.win32_1.17.0.201812190825/tools/compiler/bin/../lib/gcc/arm-none-eabi/7.3.1/../../../../arm-none-eabi/lib/thumb/v7e-m/fpv4-sp/hard\libc.a(lib_a-strcmp.o)
                0x08000b68                strcmp
 *(.text*)
 .text.makeFreeRtosPriority
                0x08000e3c       0x30 Middlewares/Third_Party/FreeRTOS/Source/CMSIS_RTOS/cmsis_os.o
 .text.osKernelStart
                0x08000e6c        0xe Middlewares/Third_Party/FreeRTOS/Source/CMSIS_RTOS/cmsis_os.o
                0x08000e6c                osKernelStart
 .text.osThreadCreate
                0x08000e7a       0x56 Middlewares/Third_Party/FreeRTOS/Source/CMSIS_RTOS/cmsis_os.o
                0x08000e7a                osThreadCreate
 .text.osDelay  0x08000ed0       0x28 Middlewares/Third_Party/FreeRTOS/Source/CMSIS_RTOS/cmsis_os.o
                0x08000ed0                osDelay
 .text.vListInitialise
                0x08000ef8       0x40 Middlewares/Third_Party/FreeRTOS/Source/list.o
                0x08000ef8                vListInitialise
 .text.vListInitialiseItem
                0x08000f38       0x1a Middlewares/Third_Party/FreeRTOS/Source/list.o
                0x08000f38                vListInitialiseItem
 .text.vListInsertEnd
                0x08000f52       0x48 Middlewares/Third_Party/FreeRTOS/Source/list.o
                0x08000f52                vListInsertEnd
 .text.vListInsert
                0x08000f9a       0x72 Middlewares/Third_Party/FreeRTOS/Source/list.o
                0x08000f9a                vListInsert
 .text.uxListRemove
                0x0800100c       0x54 Middlewares/Third_Party/FreeRTOS/Source/list.o
                0x0800100c                uxListRemove
 .text.xTaskGenericCreate
                0x08001060      0x1a0 Middlewares/Third_Party/FreeRTOS/Source/tasks.o
                0x08001060                xTaskGenericCreate
 .text.vTaskDelay
                0x08001200       0xa4 Middlewares/Third_Party/FreeRTOS/Source/tasks.o
                0x08001200                vTaskDelay
 .text.vTaskStartScheduler
                0x080012a4       0x8c Middlewares/Third_Party/FreeRTOS/Source/tasks.o
                0x080012a4                vTaskStartScheduler
 .text.vTaskSuspendAll
                0x08001330       0x1c Middlewares/Third_Party/FreeRTOS/Source/tasks.o
                0x08001330                vTaskSuspendAll
 .text.xTaskResumeAll
                0x0800134c      0x128 Middlewares/Third_Party/FreeRTOS/Source/tasks.o
                0x0800134c                xTaskResumeAll
 .text.xTaskIncrementTick
                0x08001474      0x17c Middlewares/Third_Party/FreeRTOS/Source/tasks.o
                0x08001474                xTaskIncrementTick
 .text.vTaskSwitchContext
                0x080015f0       0xb4 Middlewares/Third_Party/FreeRTOS/Source/tasks.o
                0x080015f0                vTaskSwitchContext
 .text.prvIdleTask
                0x080016a4       0x30 Middlewares/Third_Party/FreeRTOS/Source/tasks.o
 .text.prvInitialiseTCBVariables
                0x080016d4       0xa8 Middlewares/Third_Party/FreeRTOS/Source/tasks.o
 .text.prvInitialiseTaskLists
                0x0800177c       0x80 Middlewares/Third_Party/FreeRTOS/Source/tasks.o
 .text.prvCheckTasksWaitingTermination
                0x080017fc       0x78 Middlewares/Third_Party/FreeRTOS/Source/tasks.o
 .text.prvAddCurrentTaskToDelayedList
                0x08001874       0x6c Middlewares/Third_Party/FreeRTOS/Source/tasks.o
 .text.prvAllocateTCBAndStack
                0x080018e0       0x6c Middlewares/Third_Party/FreeRTOS/Source/tasks.o
 .text.prvDeleteTCB
                0x0800194c       0x20 Middlewares/Third_Party/FreeRTOS/Source/tasks.o
 .text.prvResetNextTaskUnblockTime
                0x0800196c       0x4c Middlewares/Third_Party/FreeRTOS/Source/tasks.o
 .text.pxPortInitialiseStack
                0x080019b8       0x64 Middlewares/Third_Party/FreeRTOS/Source/portable/GCC/ARM_CM4F/port.o
                0x080019b8                pxPortInitialiseStack
 .text.prvTaskExitError
                0x08001a1c       0x3c Middlewares/Third_Party/FreeRTOS/Source/portable/GCC/ARM_CM4F/port.o
 .text.SVC_Handler
                0x08001a58       0x24 Middlewares/Third_Party/FreeRTOS/Source/portable/GCC/ARM_CM4F/port.o
                0x08001a58                SVC_Handler
 .text.prvPortStartFirstTask
                0x08001a7c       0x20 Middlewares/Third_Party/FreeRTOS/Source/portable/GCC/ARM_CM4F/port.o
 .text.xPortStartScheduler
                0x08001a9c      0x118 Middlewares/Third_Party/FreeRTOS/Source/portable/GCC/ARM_CM4F/port.o
                0x08001a9c                xPortStartScheduler
 .text.vPortEnterCritical
                0x08001bb4       0x5c Middlewares/Third_Party/FreeRTOS/Source/portable/GCC/ARM_CM4F/port.o
                0x08001bb4                vPortEnterCritical
 .text.vPortExitCritical
                0x08001c10       0x50 Middlewares/Third_Party/FreeRTOS/Source/portable/GCC/ARM_CM4F/port.o
                0x08001c10                vPortExitCritical
 .text.PendSV_Handler
                0x08001c60       0x64 Middlewares/Third_Party/FreeRTOS/Source/portable/GCC/ARM_CM4F/port.o
                0x08001c60                PendSV_Handler
 .text.SysTick_Handler
                0x08001cc4       0x48 Middlewares/Third_Party/FreeRTOS/Source/portable/GCC/ARM_CM4F/port.o
                0x08001cc4                SysTick_Handler
 .text.vPortSetupTimerInterrupt
                0x08001d0c       0x38 Middlewares/Third_Party/FreeRTOS/Source/portable/GCC/ARM_CM4F/port.o
                0x08001d0c                vPortSetupTimerInterrupt
 .text.vPortEnableVFP
                0x08001d44       0x14 Middlewares/Third_Party/FreeRTOS/Source/portable/GCC/ARM_CM4F/port.o
 .text.pvPortMalloc
                0x08001d58      0x184 Middlewares/Third_Party/FreeRTOS/Source/portable/MemMang/heap_4.o
                0x08001d58                pvPortMalloc
 .text.vPortFree
                0x08001edc       0xb0 Middlewares/Third_Party/FreeRTOS/Source/portable/MemMang/heap_4.o
                0x08001edc                vPortFree
 .text.prvHeapInit
                0x08001f8c       0xc4 Middlewares/Third_Party/FreeRTOS/Source/portable/MemMang/heap_4.o
 .text.prvInsertBlockIntoFreeList
                0x08002050       0xb4 Middlewares/Third_Party/FreeRTOS/Source/portable/MemMang/heap_4.o
 .text.sendACK  0x08002104       0x84 src/communication.o
                0x08002104                sendACK
 .text.createPacket
                0x08002188       0xdc src/communication.o
                0x08002188                createPacket
 .text.sendPacket
                0x08002264       0xb8 src/communication.o
                0x08002264                sendPacket
 .text.createAndSendPacket
                0x0800231c       0x58 src/communication.o
                0x0800231c                createAndSendPacket
 .text.calculateChecksum
                0x08002374       0x70 src/communication.o
                0x08002374                calculateChecksum
 .text.main     0x080023e4       0xe4 src/main.o
                0x080023e4                main
 .text.USART1_IRQHandler
                0x080024c8       0x14 src/main.o
                0x080024c8                USART1_IRQHandler
 .text.USART3_IRQHandler
                0x080024dc       0x14 src/main.o
                0x080024dc                USART3_IRQHandler
 .text.HAL_UART_RxCpltCallback
                0x080024f0      0x380 src/main.o
                0x080024f0                HAL_UART_RxCpltCallback
 .text.managePacket
                0x08002870       0xb8 src/main.o
                0x08002870                managePacket
 .text.sendMagnitude
                0x08002928      0x2a4 src/main.o
                0x08002928                sendMagnitude
 .text.ADCIRQHook
                0x08002bcc       0x20 src/main.o
                0x08002bcc                ADCIRQHook
 .text.ICTimerHook
                0x08002bec       0x44 src/main.o
                0x08002bec                ICTimerHook
 .text.Error_Handler
                0x08002c30       0x2c src/main.o
                0x08002c30                Error_Handler
 *fill*         0x08002c5c        0x4 
 .text.temperatureSensor
                0x08002c60      0x104 src/sensingTasks.o
                0x08002c60                temperatureSensor
 .text.SystemInit
                0x08002d64       0x6c src/system_stm32f4xx.o
                0x08002d64                SystemInit
 .text.USART1_UART_Init
                0x08002dd0       0xd4 src/uart.o
                0x08002dd0                USART1_UART_Init
 .text.USART3_UART_Init
                0x08002ea4       0xd8 src/uart.o
                0x08002ea4                USART3_UART_Init
 .text.Reset_Handler
                0x08002f7c       0x50 startup/startup_stm32f407xx.o
                0x08002f7c                Reset_Handler
 .text.Default_Handler
                0x08002fcc        0x2 startup/startup_stm32f407xx.o
                0x08002fcc                RTC_Alarm_IRQHandler
                0x08002fcc                HASH_RNG_IRQHandler
                0x08002fcc                EXTI2_IRQHandler
                0x08002fcc                TIM8_CC_IRQHandler
                0x08002fcc                DebugMon_Handler
                0x08002fcc                TIM1_CC_IRQHandler
                0x08002fcc                DMA2_Stream5_IRQHandler
                0x08002fcc                HardFault_Handler
                0x08002fcc                DMA1_Stream5_IRQHandler
                0x08002fcc                PVD_IRQHandler
                0x08002fcc                SDIO_IRQHandler
                0x08002fcc                TAMP_STAMP_IRQHandler
                0x08002fcc                NMI_Handler
                0x08002fcc                CAN2_RX1_IRQHandler
                0x08002fcc                EXTI3_IRQHandler
                0x08002fcc                TIM8_TRG_COM_TIM14_IRQHandler
                0x08002fcc                TIM1_UP_TIM10_IRQHandler
                0x08002fcc                TIM8_UP_TIM13_IRQHandler
                0x08002fcc                I2C3_ER_IRQHandler
                0x08002fcc                EXTI0_IRQHandler
                0x08002fcc                I2C2_EV_IRQHandler
                0x08002fcc                DMA1_Stream2_IRQHandler
                0x08002fcc                CAN1_RX0_IRQHandler
                0x08002fcc                FPU_IRQHandler
                0x08002fcc                OTG_HS_WKUP_IRQHandler
                0x08002fcc                UsageFault_Handler
                0x08002fcc                CAN2_SCE_IRQHandler
                0x08002fcc                DMA2_Stream2_IRQHandler
                0x08002fcc                SPI1_IRQHandler
                0x08002fcc                TIM6_DAC_IRQHandler
                0x08002fcc                TIM1_BRK_TIM9_IRQHandler
                0x08002fcc                DCMI_IRQHandler
                0x08002fcc                CAN2_RX0_IRQHandler
                0x08002fcc                DMA2_Stream3_IRQHandler
                0x08002fcc                USART6_IRQHandler
                0x08002fcc                CAN1_RX1_IRQHandler
                0x08002fcc                UART5_IRQHandler
                0x08002fcc                DMA2_Stream0_IRQHandler
                0x08002fcc                TIM4_IRQHandler
                0x08002fcc                I2C1_EV_IRQHandler
                0x08002fcc                DMA1_Stream6_IRQHandler
                0x08002fcc                DMA1_Stream1_IRQHandler
                0x08002fcc                UART4_IRQHandler
                0x08002fcc                TIM3_IRQHandler
                0x08002fcc                RCC_IRQHandler
                0x08002fcc                TIM8_BRK_TIM12_IRQHandler
                0x08002fcc                Default_Handler
                0x08002fcc                EXTI15_10_IRQHandler
                0x08002fcc                DMA1_Stream7_IRQHandler
                0x08002fcc                TIM7_IRQHandler
                0x08002fcc                CAN2_TX_IRQHandler
                0x08002fcc                TIM5_IRQHandler
                0x08002fcc                DMA2_Stream7_IRQHandler
                0x08002fcc                I2C3_EV_IRQHandler
                0x08002fcc                EXTI9_5_IRQHandler
                0x08002fcc                RTC_WKUP_IRQHandler
                0x08002fcc                ETH_WKUP_IRQHandler
                0x08002fcc                SPI2_IRQHandler
                0x08002fcc                OTG_HS_EP1_IN_IRQHandler
                0x08002fcc                MemManage_Handler
                0x08002fcc                DMA1_Stream0_IRQHandler
                0x08002fcc                CAN1_TX_IRQHandler
                0x08002fcc                EXTI4_IRQHandler
                0x08002fcc                FSMC_IRQHandler
                0x08002fcc                ETH_IRQHandler
                0x08002fcc                OTG_HS_EP1_OUT_IRQHandler
                0x08002fcc                WWDG_IRQHandler
                0x08002fcc                OTG_FS_WKUP_IRQHandler
                0x08002fcc                TIM1_TRG_COM_TIM11_IRQHandler
                0x08002fcc                OTG_HS_IRQHandler
                0x08002fcc                EXTI1_IRQHandler
                0x08002fcc                USART2_IRQHandler
                0x08002fcc                I2C2_ER_IRQHandler
                0x08002fcc                DMA2_Stream1_IRQHandler
                0x08002fcc                CAN1_SCE_IRQHandler
                0x08002fcc                FLASH_IRQHandler
                0x08002fcc                DMA2_Stream4_IRQHandler
                0x08002fcc                BusFault_Handler
                0x08002fcc                OTG_FS_IRQHandler
                0x08002fcc                SPI3_IRQHandler
                0x08002fcc                DMA1_Stream4_IRQHandler
                0x08002fcc                I2C1_ER_IRQHandler
                0x08002fcc                DMA2_Stream6_IRQHandler
                0x08002fcc                DMA1_Stream3_IRQHandler
 *fill*         0x08002fce        0x2 
 .text.ADC1_NTC_Init
                0x08002fd0      0x100 C:\Users\juanj\Downloads\SE\LIB_MSE-SE\Debug\libLIB_MSE-SE.a(ConversorxInts.o)
                0x08002fd0                ADC1_NTC_Init
 .text.ADC_IRQHandler
                0x080030d0       0x28 C:\Users\juanj\Downloads\SE\LIB_MSE-SE\Debug\libLIB_MSE-SE.a(ConversorxInts.o)
                0x080030d0                ADC_IRQHandler
 .text.Init_ICTimer
                0x080030f8       0xf8 C:\Users\juanj\Downloads\SE\LIB_MSE-SE\Debug\libLIB_MSE-SE.a(ICTimer.o)
                0x080030f8                Init_ICTimer
 .text.HAL_TIM_IC_CaptureCallback
                0x080031f0       0x2c C:\Users\juanj\Downloads\SE\LIB_MSE-SE\Debug\libLIB_MSE-SE.a(ICTimer.o)
                0x080031f0                HAL_TIM_IC_CaptureCallback
 .text.TIM2_IRQHandler
                0x0800321c       0x14 C:\Users\juanj\Downloads\SE\LIB_MSE-SE\Debug\libLIB_MSE-SE.a(ICTimer.o)
                0x0800321c                TIM2_IRQHandler
 .text.HAL_Init
                0x08003230       0x38 C:\Users\juanj\Downloads\SE\stm32f4discovery_hal_lib\Debug\libstm32f4discovery_hal_lib.a(stm32f4xx_hal.o)
                0x08003230                HAL_Init
 .text.HAL_MspInit
                0x08003268        0xe C:\Users\juanj\Downloads\SE\stm32f4discovery_hal_lib\Debug\libstm32f4discovery_hal_lib.a(stm32f4xx_hal.o)
                0x08003268                HAL_MspInit
 *fill*         0x08003276        0x2 
 .text.HAL_InitTick
                0x08003278       0x38 C:\Users\juanj\Downloads\SE\stm32f4discovery_hal_lib\Debug\libstm32f4discovery_hal_lib.a(stm32f4xx_hal.o)
                0x08003278                HAL_InitTick
 .text.HAL_GetTick
                0x080032b0       0x18 C:\Users\juanj\Downloads\SE\stm32f4discovery_hal_lib\Debug\libstm32f4discovery_hal_lib.a(stm32f4xx_hal.o)
                0x080032b0                HAL_GetTick
 .text.HAL_ADC_Init
                0x080032c8       0x86 C:\Users\juanj\Downloads\SE\stm32f4discovery_hal_lib\Debug\libstm32f4discovery_hal_lib.a(stm32f4xx_hal_adc.o)
                0x080032c8                HAL_ADC_Init
 .text.HAL_ADC_MspInit
                0x0800334e       0x14 C:\Users\juanj\Downloads\SE\stm32f4discovery_hal_lib\Debug\libstm32f4discovery_hal_lib.a(stm32f4xx_hal_adc.o)
                0x0800334e                HAL_ADC_MspInit
 *fill*         0x08003362        0x2 
 .text.HAL_ADC_Start_IT
                0x08003364      0x160 C:\Users\juanj\Downloads\SE\stm32f4discovery_hal_lib\Debug\libstm32f4discovery_hal_lib.a(stm32f4xx_hal_adc.o)
                0x08003364                HAL_ADC_Start_IT
 .text.HAL_ADC_GetValue
                0x080034c4       0x1a C:\Users\juanj\Downloads\SE\stm32f4discovery_hal_lib\Debug\libstm32f4discovery_hal_lib.a(stm32f4xx_hal_adc.o)
                0x080034c4                HAL_ADC_GetValue
 *fill*         0x080034de        0x2 
 .text.HAL_ADC_ConfigChannel
                0x080034e0      0x244 C:\Users\juanj\Downloads\SE\stm32f4discovery_hal_lib\Debug\libstm32f4discovery_hal_lib.a(stm32f4xx_hal_adc.o)
                0x080034e0                HAL_ADC_ConfigChannel
 .text.ADC_Init
                0x08003724      0x1f4 C:\Users\juanj\Downloads\SE\stm32f4discovery_hal_lib\Debug\libstm32f4discovery_hal_lib.a(stm32f4xx_hal_adc.o)
 .text.NVIC_SetPriorityGrouping
                0x08003918       0x48 C:\Users\juanj\Downloads\SE\stm32f4discovery_hal_lib\Debug\libstm32f4discovery_hal_lib.a(stm32f4xx_hal_cortex.o)
 .text.NVIC_GetPriorityGrouping
                0x08003960       0x1c C:\Users\juanj\Downloads\SE\stm32f4discovery_hal_lib\Debug\libstm32f4discovery_hal_lib.a(stm32f4xx_hal_cortex.o)
 .text.NVIC_EnableIRQ
                0x0800397c       0x34 C:\Users\juanj\Downloads\SE\stm32f4discovery_hal_lib\Debug\libstm32f4discovery_hal_lib.a(stm32f4xx_hal_cortex.o)
 .text.NVIC_SetPriority
                0x080039b0       0x54 C:\Users\juanj\Downloads\SE\stm32f4discovery_hal_lib\Debug\libstm32f4discovery_hal_lib.a(stm32f4xx_hal_cortex.o)
 .text.NVIC_EncodePriority
                0x08003a04       0x66 C:\Users\juanj\Downloads\SE\stm32f4discovery_hal_lib\Debug\libstm32f4discovery_hal_lib.a(stm32f4xx_hal_cortex.o)
 *fill*         0x08003a6a        0x2 
 .text.SysTick_Config
                0x08003a6c       0x44 C:\Users\juanj\Downloads\SE\stm32f4discovery_hal_lib\Debug\libstm32f4discovery_hal_lib.a(stm32f4xx_hal_cortex.o)
 .text.HAL_NVIC_SetPriorityGrouping
                0x08003ab0       0x16 C:\Users\juanj\Downloads\SE\stm32f4discovery_hal_lib\Debug\libstm32f4discovery_hal_lib.a(stm32f4xx_hal_cortex.o)
                0x08003ab0                HAL_NVIC_SetPriorityGrouping
 .text.HAL_NVIC_SetPriority
                0x08003ac6       0x38 C:\Users\juanj\Downloads\SE\stm32f4discovery_hal_lib\Debug\libstm32f4discovery_hal_lib.a(stm32f4xx_hal_cortex.o)
                0x08003ac6                HAL_NVIC_SetPriority
 .text.HAL_NVIC_EnableIRQ
                0x08003afe       0x1c C:\Users\juanj\Downloads\SE\stm32f4discovery_hal_lib\Debug\libstm32f4discovery_hal_lib.a(stm32f4xx_hal_cortex.o)
                0x08003afe                HAL_NVIC_EnableIRQ
 .text.HAL_SYSTICK_Config
                0x08003b1a       0x18 C:\Users\juanj\Downloads\SE\stm32f4discovery_hal_lib\Debug\libstm32f4discovery_hal_lib.a(stm32f4xx_hal_cortex.o)
                0x08003b1a                HAL_SYSTICK_Config
 .text.HAL_DMA_Abort_IT
                0x08003b32       0x44 C:\Users\juanj\Downloads\SE\stm32f4discovery_hal_lib\Debug\libstm32f4discovery_hal_lib.a(stm32f4xx_hal_dma.o)
                0x08003b32                HAL_DMA_Abort_IT
 *fill*         0x08003b76        0x2 
 .text.HAL_GPIO_Init
                0x08003b78      0x334 C:\Users\juanj\Downloads\SE\stm32f4discovery_hal_lib\Debug\libstm32f4discovery_hal_lib.a(stm32f4xx_hal_gpio.o)
                0x08003b78                HAL_GPIO_Init
 .text.HAL_TIM_IC_Init
                0x08003eac       0x56 C:\Users\juanj\Downloads\SE\stm32f4discovery_hal_lib\Debug\libstm32f4discovery_hal_lib.a(stm32f4xx_hal_tim.o)
                0x08003eac                HAL_TIM_IC_Init
 .text.HAL_TIM_IC_MspInit
                0x08003f02       0x14 C:\Users\juanj\Downloads\SE\stm32f4discovery_hal_lib\Debug\libstm32f4discovery_hal_lib.a(stm32f4xx_hal_tim.o)
                0x08003f02                HAL_TIM_IC_MspInit
 *fill*         0x08003f16        0x2 
 .text.HAL_TIM_IC_Start_IT
                0x08003f18       0xc0 C:\Users\juanj\Downloads\SE\stm32f4discovery_hal_lib\Debug\libstm32f4discovery_hal_lib.a(stm32f4xx_hal_tim.o)
                0x08003f18                HAL_TIM_IC_Start_IT
 .text.HAL_TIM_IRQHandler
                0x08003fd8      0x210 C:\Users\juanj\Downloads\SE\stm32f4discovery_hal_lib\Debug\libstm32f4discovery_hal_lib.a(stm32f4xx_hal_tim.o)
                0x08003fd8                HAL_TIM_IRQHandler
 .text.HAL_TIM_IC_ConfigChannel
                0x080041e8      0x138 C:\Users\juanj\Downloads\SE\stm32f4discovery_hal_lib\Debug\libstm32f4discovery_hal_lib.a(stm32f4xx_hal_tim.o)
                0x080041e8                HAL_TIM_IC_ConfigChannel
 .text.HAL_TIM_ReadCapturedValue
                0x08004320       0xa4 C:\Users\juanj\Downloads\SE\stm32f4discovery_hal_lib\Debug\libstm32f4discovery_hal_lib.a(stm32f4xx_hal_tim.o)
                0x08004320                HAL_TIM_ReadCapturedValue
 .text.HAL_TIM_PeriodElapsedCallback
                0x080043c4       0x14 C:\Users\juanj\Downloads\SE\stm32f4discovery_hal_lib\Debug\libstm32f4discovery_hal_lib.a(stm32f4xx_hal_tim.o)
                0x080043c4                HAL_TIM_PeriodElapsedCallback
 .text.HAL_TIM_OC_DelayElapsedCallback
                0x080043d8       0x14 C:\Users\juanj\Downloads\SE\stm32f4discovery_hal_lib\Debug\libstm32f4discovery_hal_lib.a(stm32f4xx_hal_tim.o)
                0x080043d8                HAL_TIM_OC_DelayElapsedCallback
 .text.HAL_TIM_PWM_PulseFinishedCallback
                0x080043ec       0x14 C:\Users\juanj\Downloads\SE\stm32f4discovery_hal_lib\Debug\libstm32f4discovery_hal_lib.a(stm32f4xx_hal_tim.o)
                0x080043ec                HAL_TIM_PWM_PulseFinishedCallback
 .text.HAL_TIM_TriggerCallback
                0x08004400       0x14 C:\Users\juanj\Downloads\SE\stm32f4discovery_hal_lib\Debug\libstm32f4discovery_hal_lib.a(stm32f4xx_hal_tim.o)
                0x08004400                HAL_TIM_TriggerCallback
 .text.TIM_Base_SetConfig
                0x08004414      0x154 C:\Users\juanj\Downloads\SE\stm32f4discovery_hal_lib\Debug\libstm32f4discovery_hal_lib.a(stm32f4xx_hal_tim.o)
                0x08004414                TIM_Base_SetConfig
 .text.TIM_TI1_SetConfig
                0x08004568       0xf8 C:\Users\juanj\Downloads\SE\stm32f4discovery_hal_lib\Debug\libstm32f4discovery_hal_lib.a(stm32f4xx_hal_tim.o)
                0x08004568                TIM_TI1_SetConfig
 .text.TIM_CCxChannelCmd
                0x08004660       0x46 C:\Users\juanj\Downloads\SE\stm32f4discovery_hal_lib\Debug\libstm32f4discovery_hal_lib.a(stm32f4xx_hal_tim.o)
                0x08004660                TIM_CCxChannelCmd
 .text.TIM_TI2_SetConfig
                0x080046a6       0x82 C:\Users\juanj\Downloads\SE\stm32f4discovery_hal_lib\Debug\libstm32f4discovery_hal_lib.a(stm32f4xx_hal_tim.o)
 .text.TIM_TI3_SetConfig
                0x08004728       0x80 C:\Users\juanj\Downloads\SE\stm32f4discovery_hal_lib\Debug\libstm32f4discovery_hal_lib.a(stm32f4xx_hal_tim.o)
 .text.TIM_TI4_SetConfig
                0x080047a8       0x82 C:\Users\juanj\Downloads\SE\stm32f4discovery_hal_lib\Debug\libstm32f4discovery_hal_lib.a(stm32f4xx_hal_tim.o)
 .text.HAL_TIMEx_CommutationCallback
                0x0800482a       0x14 C:\Users\juanj\Downloads\SE\stm32f4discovery_hal_lib\Debug\libstm32f4discovery_hal_lib.a(stm32f4xx_hal_tim_ex.o)
                0x0800482a                HAL_TIMEx_CommutationCallback
 .text.HAL_TIMEx_BreakCallback
                0x0800483e       0x14 C:\Users\juanj\Downloads\SE\stm32f4discovery_hal_lib\Debug\libstm32f4discovery_hal_lib.a(stm32f4xx_hal_tim_ex.o)
                0x0800483e                HAL_TIMEx_BreakCallback
 .text.HAL_UART_Init
                0x08004852       0x9a C:\Users\juanj\Downloads\SE\stm32f4discovery_hal_lib\Debug\libstm32f4discovery_hal_lib.a(stm32f4xx_hal_uart.o)
                0x08004852                HAL_UART_Init
 .text.HAL_UART_MspInit
                0x080048ec       0x14 C:\Users\juanj\Downloads\SE\stm32f4discovery_hal_lib\Debug\libstm32f4discovery_hal_lib.a(stm32f4xx_hal_uart.o)
                0x080048ec                HAL_UART_MspInit
 .text.HAL_UART_Transmit
                0x08004900      0x132 C:\Users\juanj\Downloads\SE\stm32f4discovery_hal_lib\Debug\libstm32f4discovery_hal_lib.a(stm32f4xx_hal_uart.o)
                0x08004900                HAL_UART_Transmit
 .text.HAL_UART_Receive_IT
                0x08004a32       0x9a C:\Users\juanj\Downloads\SE\stm32f4discovery_hal_lib\Debug\libstm32f4discovery_hal_lib.a(stm32f4xx_hal_uart.o)
                0x08004a32                HAL_UART_Receive_IT
 .text.HAL_UART_IRQHandler
                0x08004acc      0x1f8 C:\Users\juanj\Downloads\SE\stm32f4discovery_hal_lib\Debug\libstm32f4discovery_hal_lib.a(stm32f4xx_hal_uart.o)
                0x08004acc                HAL_UART_IRQHandler
 .text.HAL_UART_TxCpltCallback
                0x08004cc4       0x14 C:\Users\juanj\Downloads\SE\stm32f4discovery_hal_lib\Debug\libstm32f4discovery_hal_lib.a(stm32f4xx_hal_uart.o)
                0x08004cc4                HAL_UART_TxCpltCallback
 .text.HAL_UART_ErrorCallback
                0x08004cd8       0x14 C:\Users\juanj\Downloads\SE\stm32f4discovery_hal_lib\Debug\libstm32f4discovery_hal_lib.a(stm32f4xx_hal_uart.o)
                0x08004cd8                HAL_UART_ErrorCallback
 .text.UART_WaitOnFlagUntilTimeout
                0x08004cec       0x94 C:\Users\juanj\Downloads\SE\stm32f4discovery_hal_lib\Debug\libstm32f4discovery_hal_lib.a(stm32f4xx_hal_uart.o)
 .text.UART_EndRxTransfer
                0x08004d80       0x3c C:\Users\juanj\Downloads\SE\stm32f4discovery_hal_lib\Debug\libstm32f4discovery_hal_lib.a(stm32f4xx_hal_uart.o)
 .text.UART_DMAAbortOnError
                0x08004dbc       0x28 C:\Users\juanj\Downloads\SE\stm32f4discovery_hal_lib\Debug\libstm32f4discovery_hal_lib.a(stm32f4xx_hal_uart.o)
 .text.UART_Transmit_IT
                0x08004de4       0xac C:\Users\juanj\Downloads\SE\stm32f4discovery_hal_lib\Debug\libstm32f4discovery_hal_lib.a(stm32f4xx_hal_uart.o)
 .text.UART_EndTransmit_IT
                0x08004e90       0x30 C:\Users\juanj\Downloads\SE\stm32f4discovery_hal_lib\Debug\libstm32f4discovery_hal_lib.a(stm32f4xx_hal_uart.o)
 .text.UART_Receive_IT
                0x08004ec0       0xf2 C:\Users\juanj\Downloads\SE\stm32f4discovery_hal_lib\Debug\libstm32f4discovery_hal_lib.a(stm32f4xx_hal_uart.o)
 *fill*         0x08004fb2        0x2 
 .text.UART_SetConfig
                0x08004fb4      0x438 C:\Users\juanj\Downloads\SE\stm32f4discovery_hal_lib\Debug\libstm32f4discovery_hal_lib.a(stm32f4xx_hal_uart.o)
 .text.HAL_RCC_GetHCLKFreq
                0x080053ec       0x18 C:\Users\juanj\Downloads\SE\stm32f4discovery_hal_lib\Debug\libstm32f4discovery_hal_lib.a(stm32f4xx_hal_rcc.o)
                0x080053ec                HAL_RCC_GetHCLKFreq
 .text.HAL_RCC_GetPCLK1Freq
                0x08005404       0x28 C:\Users\juanj\Downloads\SE\stm32f4discovery_hal_lib\Debug\libstm32f4discovery_hal_lib.a(stm32f4xx_hal_rcc.o)
                0x08005404                HAL_RCC_GetPCLK1Freq
 .text.HAL_RCC_GetPCLK2Freq
                0x0800542c       0x28 C:\Users\juanj\Downloads\SE\stm32f4discovery_hal_lib\Debug\libstm32f4discovery_hal_lib.a(stm32f4xx_hal_rcc.o)
                0x0800542c                HAL_RCC_GetPCLK2Freq
 .text.log      0x08005454      0x100 c:/ac6/systemworkbench/plugins/fr.ac6.mcu.externaltools.arm-none.win32_1.17.0.201812190825/tools/compiler/bin/../lib/gcc/arm-none-eabi/7.3.1/../../../../arm-none-eabi/lib/thumb/v7e-m/fpv4-sp/hard\libm.a(lib_a-w_log.o)
                0x08005454                log
 *fill*         0x08005554        0x4 
 .text.__ieee754_log
                0x08005558      0x3b4 c:/ac6/systemworkbench/plugins/fr.ac6.mcu.externaltools.arm-none.win32_1.17.0.201812190825/tools/compiler/bin/../lib/gcc/arm-none-eabi/7.3.1/../../../../arm-none-eabi/lib/thumb/v7e-m/fpv4-sp/hard\libm.a(lib_a-e_log.o)
                0x08005558                __ieee754_log
 .text.matherr  0x0800590c        0x4 c:/ac6/systemworkbench/plugins/fr.ac6.mcu.externaltools.arm-none.win32_1.17.0.201812190825/tools/compiler/bin/../lib/gcc/arm-none-eabi/7.3.1/../../../../arm-none-eabi/lib/thumb/v7e-m/fpv4-sp/hard\libm.a(lib_a-s_matherr.o)
                0x0800590c                matherr
 .text.nan      0x08005910       0x10 c:/ac6/systemworkbench/plugins/fr.ac6.mcu.externaltools.arm-none.win32_1.17.0.201812190825/tools/compiler/bin/../lib/gcc/arm-none-eabi/7.3.1/../../../../arm-none-eabi/lib/thumb/v7e-m/fpv4-sp/hard\libm.a(lib_a-s_nan.o)
                0x08005910                nan
 .text.__errno  0x08005920        0xc c:/ac6/systemworkbench/plugins/fr.ac6.mcu.externaltools.arm-none.win32_1.17.0.201812190825/tools/compiler/bin/../lib/gcc/arm-none-eabi/7.3.1/../../../../arm-none-eabi/lib/thumb/v7e-m/fpv4-sp/hard\libc.a(lib_a-errno.o)
                0x08005920                __errno
 .text.__libc_init_array
                0x0800592c       0x48 c:/ac6/systemworkbench/plugins/fr.ac6.mcu.externaltools.arm-none.win32_1.17.0.201812190825/tools/compiler/bin/../lib/gcc/arm-none-eabi/7.3.1/../../../../arm-none-eabi/lib/thumb/v7e-m/fpv4-sp/hard\libc.a(lib_a-init.o)
                0x0800592c                __libc_init_array
 .text.memcmp   0x08005974       0x64 c:/ac6/systemworkbench/plugins/fr.ac6.mcu.externaltools.arm-none.win32_1.17.0.201812190825/tools/compiler/bin/../lib/gcc/arm-none-eabi/7.3.1/../../../../arm-none-eabi/lib/thumb/v7e-m/fpv4-sp/hard\libc.a(lib_a-memcmp.o)
                0x08005974                memcmp
 .text.memset   0x080059d8       0x94 c:/ac6/systemworkbench/plugins/fr.ac6.mcu.externaltools.arm-none.win32_1.17.0.201812190825/tools/compiler/bin/../lib/gcc/arm-none-eabi/7.3.1/../../../../arm-none-eabi/lib/thumb/v7e-m/fpv4-sp/hard\libc.a(lib_a-memset.o)
                0x080059d8                memset
 .text.strcpy   0x08005a6c       0xbc c:/ac6/systemworkbench/plugins/fr.ac6.mcu.externaltools.arm-none.win32_1.17.0.201812190825/tools/compiler/bin/../lib/gcc/arm-none-eabi/7.3.1/../../../../arm-none-eabi/lib/thumb/v7e-m/fpv4-sp/hard\libc.a(lib_a-strcpy.o)
                0x08005a6c                strcpy
 .text.startup.register_fini
                0x08005b28       0x14 c:/ac6/systemworkbench/plugins/fr.ac6.mcu.externaltools.arm-none.win32_1.17.0.201812190825/tools/compiler/bin/../lib/gcc/arm-none-eabi/7.3.1/../../../../arm-none-eabi/lib/thumb/v7e-m/fpv4-sp/hard\libc.a(lib_a-__call_atexit.o)
 .text.atexit   0x08005b3c        0xc c:/ac6/systemworkbench/plugins/fr.ac6.mcu.externaltools.arm-none.win32_1.17.0.201812190825/tools/compiler/bin/../lib/gcc/arm-none-eabi/7.3.1/../../../../arm-none-eabi/lib/thumb/v7e-m/fpv4-sp/hard\libc.a(lib_a-atexit.o)
                0x08005b3c                atexit
 .text.__libc_fini_array
                0x08005b48       0x34 c:/ac6/systemworkbench/plugins/fr.ac6.mcu.externaltools.arm-none.win32_1.17.0.201812190825/tools/compiler/bin/../lib/gcc/arm-none-eabi/7.3.1/../../../../arm-none-eabi/lib/thumb/v7e-m/fpv4-sp/hard\libc.a(lib_a-fini.o)
                0x08005b48                __libc_fini_array
 .text.__retarget_lock_acquire_recursive
                0x08005b7c        0x4 c:/ac6/systemworkbench/plugins/fr.ac6.mcu.externaltools.arm-none.win32_1.17.0.201812190825/tools/compiler/bin/../lib/gcc/arm-none-eabi/7.3.1/../../../../arm-none-eabi/lib/thumb/v7e-m/fpv4-sp/hard\libc.a(lib_a-lock.o)
                0x08005b7c                __retarget_lock_acquire_recursive
 .text.__retarget_lock_release_recursive
                0x08005b80        0x4 c:/ac6/systemworkbench/plugins/fr.ac6.mcu.externaltools.arm-none.win32_1.17.0.201812190825/tools/compiler/bin/../lib/gcc/arm-none-eabi/7.3.1/../../../../arm-none-eabi/lib/thumb/v7e-m/fpv4-sp/hard\libc.a(lib_a-lock.o)
                0x08005b80                __retarget_lock_release_recursive
 .text.__register_exitproc
                0x08005b84       0xc0 c:/ac6/systemworkbench/plugins/fr.ac6.mcu.externaltools.arm-none.win32_1.17.0.201812190825/tools/compiler/bin/../lib/gcc/arm-none-eabi/7.3.1/../../../../arm-none-eabi/lib/thumb/v7e-m/fpv4-sp/hard\libc.a(lib_a-__atexit.o)
                0x08005b84                __register_exitproc
 *(.rodata)
 .rodata        0x08005c44        0x5 Middlewares/Third_Party/FreeRTOS/Source/tasks.o
 *fill*         0x08005c49        0x3 
 .rodata        0x08005c4c       0x44 src/main.o
 .rodata        0x08005c90       0x18 src/system_stm32f4xx.o
                0x08005c90                AHBPrescTable
                0x08005ca0                APBPrescTable
 *(.rodata*)
 .rodata.log.str1.4
                0x08005ca8        0x8 c:/ac6/systemworkbench/plugins/fr.ac6.mcu.externaltools.arm-none.win32_1.17.0.201812190825/tools/compiler/bin/../lib/gcc/arm-none-eabi/7.3.1/../../../../arm-none-eabi/lib/thumb/v7e-m/fpv4-sp/hard\libm.a(lib_a-w_log.o)
                                  0x5 (size before relaxing)
 .rodata._global_impure_ptr
                0x08005cb0        0x4 c:/ac6/systemworkbench/plugins/fr.ac6.mcu.externaltools.arm-none.win32_1.17.0.201812190825/tools/compiler/bin/../lib/gcc/arm-none-eabi/7.3.1/../../../../arm-none-eabi/lib/thumb/v7e-m/fpv4-sp/hard\libc.a(lib_a-impure.o)
                0x08005cb0                _global_impure_ptr
 *(.glue_7)
 .glue_7        0x08005cb4        0x0 linker stubs
 *(.glue_7t)
 .glue_7t       0x08005cb4        0x0 linker stubs
 *(.eh_frame)
 .eh_frame      0x08005cb4        0x0 c:/ac6/systemworkbench/plugins/fr.ac6.mcu.externaltools.arm-none.win32_1.17.0.201812190825/tools/compiler/bin/../lib/gcc/arm-none-eabi/7.3.1/thumb/v7e-m/fpv4-sp/hard/crtbegin.o
 *(.init)
 .init          0x08005cb4        0x4 c:/ac6/systemworkbench/plugins/fr.ac6.mcu.externaltools.arm-none.win32_1.17.0.201812190825/tools/compiler/bin/../lib/gcc/arm-none-eabi/7.3.1/thumb/v7e-m/fpv4-sp/hard/crti.o
                0x08005cb4                _init
 .init          0x08005cb8        0x8 c:/ac6/systemworkbench/plugins/fr.ac6.mcu.externaltools.arm-none.win32_1.17.0.201812190825/tools/compiler/bin/../lib/gcc/arm-none-eabi/7.3.1/thumb/v7e-m/fpv4-sp/hard/crtn.o
 *(.fini)
 .fini          0x08005cc0        0x4 c:/ac6/systemworkbench/plugins/fr.ac6.mcu.externaltools.arm-none.win32_1.17.0.201812190825/tools/compiler/bin/../lib/gcc/arm-none-eabi/7.3.1/thumb/v7e-m/fpv4-sp/hard/crti.o
                0x08005cc0                _fini
 .fini          0x08005cc4        0x8 c:/ac6/systemworkbench/plugins/fr.ac6.mcu.externaltools.arm-none.win32_1.17.0.201812190825/tools/compiler/bin/../lib/gcc/arm-none-eabi/7.3.1/thumb/v7e-m/fpv4-sp/hard/crtn.o
                0x08005ccc                . = ALIGN (0x4)
                0x08005ccc                _etext = .

.vfp11_veneer   0x08005ccc        0x0
 .vfp11_veneer  0x08005ccc        0x0 linker stubs

.v4_bx          0x08005ccc        0x0
 .v4_bx         0x08005ccc        0x0 linker stubs

.iplt           0x08005ccc        0x0
 .iplt          0x08005ccc        0x0 c:/ac6/systemworkbench/plugins/fr.ac6.mcu.externaltools.arm-none.win32_1.17.0.201812190825/tools/compiler/bin/../lib/gcc/arm-none-eabi/7.3.1/thumb/v7e-m/fpv4-sp/hard/crtbegin.o

.rel.dyn        0x08005ccc        0x0
 .rel.iplt      0x08005ccc        0x0 c:/ac6/systemworkbench/plugins/fr.ac6.mcu.externaltools.arm-none.win32_1.17.0.201812190825/tools/compiler/bin/../lib/gcc/arm-none-eabi/7.3.1/thumb/v7e-m/fpv4-sp/hard/crtbegin.o

.ARM.extab
 *(.ARM.extab* .gnu.linkonce.armextab.*)

.ARM            0x08005ccc        0x0
                0x08005ccc                __exidx_start = .
 *(.ARM.exidx*)
                0x08005ccc                __exidx_end = .

.preinit_array  0x08005ccc        0x0
                0x08005ccc                PROVIDE (__preinit_array_start = .)
 *(.preinit_array*)
                0x08005ccc                PROVIDE (__preinit_array_end = .)

.init_array     0x08005ccc        0x8
                0x08005ccc                PROVIDE (__init_array_start = .)
 *(SORT_BY_NAME(.init_array.*))
 .init_array.00000
                0x08005ccc        0x4 c:/ac6/systemworkbench/plugins/fr.ac6.mcu.externaltools.arm-none.win32_1.17.0.201812190825/tools/compiler/bin/../lib/gcc/arm-none-eabi/7.3.1/../../../../arm-none-eabi/lib/thumb/v7e-m/fpv4-sp/hard\libc.a(lib_a-__call_atexit.o)
 *(.init_array*)
 .init_array    0x08005cd0        0x4 c:/ac6/systemworkbench/plugins/fr.ac6.mcu.externaltools.arm-none.win32_1.17.0.201812190825/tools/compiler/bin/../lib/gcc/arm-none-eabi/7.3.1/thumb/v7e-m/fpv4-sp/hard/crtbegin.o
                0x08005cd4                PROVIDE (__init_array_end = .)

.fini_array     0x08005cd4        0x4
                0x08005cd4                PROVIDE (__fini_array_start = .)
 *(.fini_array*)
 .fini_array    0x08005cd4        0x4 c:/ac6/systemworkbench/plugins/fr.ac6.mcu.externaltools.arm-none.win32_1.17.0.201812190825/tools/compiler/bin/../lib/gcc/arm-none-eabi/7.3.1/thumb/v7e-m/fpv4-sp/hard/crtbegin.o
 *(SORT_BY_NAME(.fini_array.*))
                0x08005cd8                PROVIDE (__fini_array_end = .)
                0x08005cd8                _sidata = .

.data           0x20000000      0x43c load address 0x08005cd8
                0x20000000                . = ALIGN (0x4)
                0x20000000                _sdata = .
 *(.data)
 .data          0x20000000        0x4 Middlewares/Third_Party/FreeRTOS/Source/portable/GCC/ARM_CM4F/port.o
 .data          0x20000004        0x4 src/system_stm32f4xx.o
                0x20000004                SystemCoreClock
 *(.data*)
 .data.__fdlib_version
                0x20000008        0x1 c:/ac6/systemworkbench/plugins/fr.ac6.mcu.externaltools.arm-none.win32_1.17.0.201812190825/tools/compiler/bin/../lib/gcc/arm-none-eabi/7.3.1/../../../../arm-none-eabi/lib/thumb/v7e-m/fpv4-sp/hard\libm.a(lib_a-s_lib_ver.o)
                0x20000008                __fdlib_version
 *fill*         0x20000009        0x3 
 .data._impure_ptr
                0x2000000c        0x4 c:/ac6/systemworkbench/plugins/fr.ac6.mcu.externaltools.arm-none.win32_1.17.0.201812190825/tools/compiler/bin/../lib/gcc/arm-none-eabi/7.3.1/../../../../arm-none-eabi/lib/thumb/v7e-m/fpv4-sp/hard\libc.a(lib_a-impure.o)
                0x2000000c                _impure_ptr
 .data.impure_data
                0x20000010      0x428 c:/ac6/systemworkbench/plugins/fr.ac6.mcu.externaltools.arm-none.win32_1.17.0.201812190825/tools/compiler/bin/../lib/gcc/arm-none-eabi/7.3.1/../../../../arm-none-eabi/lib/thumb/v7e-m/fpv4-sp/hard\libc.a(lib_a-impure.o)
 .data.__atexit_recursive_mutex
                0x20000438        0x4 c:/ac6/systemworkbench/plugins/fr.ac6.mcu.externaltools.arm-none.win32_1.17.0.201812190825/tools/compiler/bin/../lib/gcc/arm-none-eabi/7.3.1/../../../../arm-none-eabi/lib/thumb/v7e-m/fpv4-sp/hard\libc.a(lib_a-__call_atexit.o)
                0x20000438                __atexit_recursive_mutex
                0x2000043c                . = ALIGN (0x4)
                0x2000043c                _edata = .

.igot.plt       0x2000043c        0x0 load address 0x08006114
 .igot.plt      0x2000043c        0x0 c:/ac6/systemworkbench/plugins/fr.ac6.mcu.externaltools.arm-none.win32_1.17.0.201812190825/tools/compiler/bin/../lib/gcc/arm-none-eabi/7.3.1/thumb/v7e-m/fpv4-sp/hard/crtbegin.o
                0x2000043c                . = ALIGN (0x4)

.bss            0x2000043c     0x3f68 load address 0x08006114
                0x2000043c                _sbss = .
                0x2000043c                __bss_start__ = _sbss
 *(.bss)
 .bss           0x2000043c       0x1c c:/ac6/systemworkbench/plugins/fr.ac6.mcu.externaltools.arm-none.win32_1.17.0.201812190825/tools/compiler/bin/../lib/gcc/arm-none-eabi/7.3.1/thumb/v7e-m/fpv4-sp/hard/crtbegin.o
 .bss           0x20000458      0x128 Middlewares/Third_Party/FreeRTOS/Source/tasks.o
                0x20000458                pxCurrentTCB
 .bss           0x20000580        0x8 Middlewares/Third_Party/FreeRTOS/Source/portable/GCC/ARM_CM4F/port.o
 .bss           0x20000588     0x3c18 Middlewares/Third_Party/FreeRTOS/Source/portable/MemMang/heap_4.o
 .bss           0x200041a0        0x1 src/communication.o
 *fill*         0x200041a1        0x3 
 .bss           0x200041a4       0xa8 src/main.o
                0x200041a4                ventana
                0x200041c4                indexLight
                0x200041c6                temp
                0x200041c8                light
                0x200041ca                byteRxUart1
                0x200041cb                byteRxUart3
 *(.bss*)
 *(COMMON)
 COMMON         0x2000424c      0x130 src/main.o
                0x2000424c                huart3
                0x2000428c                ConvertedValue
                0x20004290                hADC1
                0x200042d8                huart1
                0x20004318                device
                0x20004330                TimHandle
                0x2000436c                sICConfig
 COMMON         0x2000437c        0x4 C:\Users\juanj\Downloads\SE\stm32f4discovery_hal_lib\Debug\libstm32f4discovery_hal_lib.a(stm32f4xx_hal.o)
                0x2000437c                uwTick
 COMMON         0x20004380       0x21 c:/ac6/systemworkbench/plugins/fr.ac6.mcu.externaltools.arm-none.win32_1.17.0.201812190825/tools/compiler/bin/../lib/gcc/arm-none-eabi/7.3.1/../../../../arm-none-eabi/lib/thumb/v7e-m/fpv4-sp/hard\libc.a(lib_a-lock.o)
                0x20004380                __lock___atexit_recursive_mutex
                0x20004384                __lock___arc4random_mutex
                0x20004388                __lock___env_recursive_mutex
                0x2000438c                __lock___sinit_recursive_mutex
                0x20004390                __lock___malloc_recursive_mutex
                0x20004394                __lock___at_quick_exit_mutex
                0x20004398                __lock___dd_hash_mutex
                0x2000439c                __lock___tz_mutex
                0x200043a0                __lock___sfp_recursive_mutex
                0x200043a4                . = ALIGN (0x4)
 *fill*         0x200043a1        0x3 
                0x200043a4                _ebss = .
                0x200043a4                __bss_end__ = _ebss

._user_heap_stack
                0x200043a4      0x404 load address 0x0800a07c
                0x200043a8                . = ALIGN (0x8)
 *fill*         0x200043a4        0x4 
                0x200043a8                PROVIDE (end = .)
                [!provide]                PROVIDE (_end = .)
                0x200043a8                . = (. + _Min_Heap_Size)
                0x200047a8                . = (. + _Min_Stack_Size)
 *fill*         0x200043a8      0x400 
                0x200047a8                . = ALIGN (0x8)

.memory_b1_text
 *(.mb1text)
 *(.mb1text*)
 *(.mb1rodata)
 *(.mb1rodata*)

/DISCARD/
 libc.a(*)
 libm.a(*)
 libgcc.a(*)

.ARM.attributes
                0x00000000       0x30
 *(.ARM.attributes)
 .ARM.attributes
                0x00000000       0x22 c:/ac6/systemworkbench/plugins/fr.ac6.mcu.externaltools.arm-none.win32_1.17.0.201812190825/tools/compiler/bin/../lib/gcc/arm-none-eabi/7.3.1/thumb/v7e-m/fpv4-sp/hard/crti.o
 .ARM.attributes
                0x00000022       0x34 c:/ac6/systemworkbench/plugins/fr.ac6.mcu.externaltools.arm-none.win32_1.17.0.201812190825/tools/compiler/bin/../lib/gcc/arm-none-eabi/7.3.1/thumb/v7e-m/fpv4-sp/hard/crtbegin.o
 .ARM.attributes
                0x00000056       0x39 Middlewares/Third_Party/FreeRTOS/Source/CMSIS_RTOS/cmsis_os.o
 .ARM.attributes
                0x0000008f       0x39 Middlewares/Third_Party/FreeRTOS/Source/list.o
 .ARM.attributes
                0x000000c8       0x39 Middlewares/Third_Party/FreeRTOS/Source/tasks.o
 .ARM.attributes
                0x00000101       0x39 Middlewares/Third_Party/FreeRTOS/Source/portable/GCC/ARM_CM4F/port.o
 .ARM.attributes
                0x0000013a       0x39 Middlewares/Third_Party/FreeRTOS/Source/portable/MemMang/heap_4.o
 .ARM.attributes
                0x00000173       0x39 src/communication.o
 .ARM.attributes
                0x000001ac       0x39 src/main.o
 .ARM.attributes
                0x000001e5       0x39 src/sensingTasks.o
 .ARM.attributes
                0x0000021e       0x39 src/system_stm32f4xx.o
 .ARM.attributes
                0x00000257       0x39 src/uart.o
 .ARM.attributes
                0x00000290       0x21 startup/startup_stm32f407xx.o
 .ARM.attributes
                0x000002b1       0x39 C:\Users\juanj\Downloads\SE\LIB_MSE-SE\Debug\libLIB_MSE-SE.a(ConversorxInts.o)
 .ARM.attributes
                0x000002ea       0x39 C:\Users\juanj\Downloads\SE\LIB_MSE-SE\Debug\libLIB_MSE-SE.a(ICTimer.o)
 .ARM.attributes
                0x00000323       0x39 C:\Users\juanj\Downloads\SE\stm32f4discovery_hal_lib\Debug\libstm32f4discovery_hal_lib.a(stm32f4xx_hal.o)
 .ARM.attributes
                0x0000035c       0x39 C:\Users\juanj\Downloads\SE\stm32f4discovery_hal_lib\Debug\libstm32f4discovery_hal_lib.a(stm32f4xx_hal_adc.o)
 .ARM.attributes
                0x00000395       0x39 C:\Users\juanj\Downloads\SE\stm32f4discovery_hal_lib\Debug\libstm32f4discovery_hal_lib.a(stm32f4xx_hal_cortex.o)
 .ARM.attributes
                0x000003ce       0x39 C:\Users\juanj\Downloads\SE\stm32f4discovery_hal_lib\Debug\libstm32f4discovery_hal_lib.a(stm32f4xx_hal_dma.o)
 .ARM.attributes
                0x00000407       0x39 C:\Users\juanj\Downloads\SE\stm32f4discovery_hal_lib\Debug\libstm32f4discovery_hal_lib.a(stm32f4xx_hal_gpio.o)
 .ARM.attributes
                0x00000440       0x39 C:\Users\juanj\Downloads\SE\stm32f4discovery_hal_lib\Debug\libstm32f4discovery_hal_lib.a(stm32f4xx_hal_tim.o)
 .ARM.attributes
                0x00000479       0x39 C:\Users\juanj\Downloads\SE\stm32f4discovery_hal_lib\Debug\libstm32f4discovery_hal_lib.a(stm32f4xx_hal_tim_ex.o)
 .ARM.attributes
                0x000004b2       0x39 C:\Users\juanj\Downloads\SE\stm32f4discovery_hal_lib\Debug\libstm32f4discovery_hal_lib.a(stm32f4xx_hal_uart.o)
 .ARM.attributes
                0x000004eb       0x39 C:\Users\juanj\Downloads\SE\stm32f4discovery_hal_lib\Debug\libstm32f4discovery_hal_lib.a(stm32f4xx_hal_rcc.o)
 .ARM.attributes
                0x00000524       0x34 c:/ac6/systemworkbench/plugins/fr.ac6.mcu.externaltools.arm-none.win32_1.17.0.201812190825/tools/compiler/bin/../lib/gcc/arm-none-eabi/7.3.1/../../../../arm-none-eabi/lib/thumb/v7e-m/fpv4-sp/hard\libm.a(lib_a-w_log.o)
 .ARM.attributes
                0x00000558       0x34 c:/ac6/systemworkbench/plugins/fr.ac6.mcu.externaltools.arm-none.win32_1.17.0.201812190825/tools/compiler/bin/../lib/gcc/arm-none-eabi/7.3.1/../../../../arm-none-eabi/lib/thumb/v7e-m/fpv4-sp/hard\libm.a(lib_a-e_log.o)
 .ARM.attributes
                0x0000058c       0x34 c:/ac6/systemworkbench/plugins/fr.ac6.mcu.externaltools.arm-none.win32_1.17.0.201812190825/tools/compiler/bin/../lib/gcc/arm-none-eabi/7.3.1/../../../../arm-none-eabi/lib/thumb/v7e-m/fpv4-sp/hard\libm.a(lib_a-s_lib_ver.o)
 .ARM.attributes
                0x000005c0       0x34 c:/ac6/systemworkbench/plugins/fr.ac6.mcu.externaltools.arm-none.win32_1.17.0.201812190825/tools/compiler/bin/../lib/gcc/arm-none-eabi/7.3.1/../../../../arm-none-eabi/lib/thumb/v7e-m/fpv4-sp/hard\libm.a(lib_a-s_matherr.o)
 .ARM.attributes
                0x000005f4       0x34 c:/ac6/systemworkbench/plugins/fr.ac6.mcu.externaltools.arm-none.win32_1.17.0.201812190825/tools/compiler/bin/../lib/gcc/arm-none-eabi/7.3.1/../../../../arm-none-eabi/lib/thumb/v7e-m/fpv4-sp/hard\libm.a(lib_a-s_nan.o)
 .ARM.attributes
                0x00000628       0x22 c:/ac6/systemworkbench/plugins/fr.ac6.mcu.externaltools.arm-none.win32_1.17.0.201812190825/tools/compiler/bin/../lib/gcc/arm-none-eabi/7.3.1/thumb/v7e-m/fpv4-sp/hard\libgcc.a(_arm_addsubdf3.o)
 .ARM.attributes
                0x0000064a       0x22 c:/ac6/systemworkbench/plugins/fr.ac6.mcu.externaltools.arm-none.win32_1.17.0.201812190825/tools/compiler/bin/../lib/gcc/arm-none-eabi/7.3.1/thumb/v7e-m/fpv4-sp/hard\libgcc.a(_arm_muldivdf3.o)
 .ARM.attributes
                0x0000066c       0x22 c:/ac6/systemworkbench/plugins/fr.ac6.mcu.externaltools.arm-none.win32_1.17.0.201812190825/tools/compiler/bin/../lib/gcc/arm-none-eabi/7.3.1/thumb/v7e-m/fpv4-sp/hard\libgcc.a(_arm_cmpdf2.o)
 .ARM.attributes
                0x0000068e       0x22 c:/ac6/systemworkbench/plugins/fr.ac6.mcu.externaltools.arm-none.win32_1.17.0.201812190825/tools/compiler/bin/../lib/gcc/arm-none-eabi/7.3.1/thumb/v7e-m/fpv4-sp/hard\libgcc.a(_arm_unorddf2.o)
 .ARM.attributes
                0x000006b0       0x22 c:/ac6/systemworkbench/plugins/fr.ac6.mcu.externaltools.arm-none.win32_1.17.0.201812190825/tools/compiler/bin/../lib/gcc/arm-none-eabi/7.3.1/thumb/v7e-m/fpv4-sp/hard\libgcc.a(_arm_truncdfsf2.o)
 .ARM.attributes
                0x000006d2       0x34 c:/ac6/systemworkbench/plugins/fr.ac6.mcu.externaltools.arm-none.win32_1.17.0.201812190825/tools/compiler/bin/../lib/gcc/arm-none-eabi/7.3.1/../../../../arm-none-eabi/lib/thumb/v7e-m/fpv4-sp/hard\libc.a(lib_a-errno.o)
 .ARM.attributes
                0x00000706       0x34 c:/ac6/systemworkbench/plugins/fr.ac6.mcu.externaltools.arm-none.win32_1.17.0.201812190825/tools/compiler/bin/../lib/gcc/arm-none-eabi/7.3.1/../../../../arm-none-eabi/lib/thumb/v7e-m/fpv4-sp/hard\libc.a(lib_a-impure.o)
 .ARM.attributes
                0x0000073a       0x34 c:/ac6/systemworkbench/plugins/fr.ac6.mcu.externaltools.arm-none.win32_1.17.0.201812190825/tools/compiler/bin/../lib/gcc/arm-none-eabi/7.3.1/../../../../arm-none-eabi/lib/thumb/v7e-m/fpv4-sp/hard\libc.a(lib_a-init.o)
 .ARM.attributes
                0x0000076e       0x34 c:/ac6/systemworkbench/plugins/fr.ac6.mcu.externaltools.arm-none.win32_1.17.0.201812190825/tools/compiler/bin/../lib/gcc/arm-none-eabi/7.3.1/../../../../arm-none-eabi/lib/thumb/v7e-m/fpv4-sp/hard\libc.a(lib_a-memcmp.o)
 .ARM.attributes
                0x000007a2       0x34 c:/ac6/systemworkbench/plugins/fr.ac6.mcu.externaltools.arm-none.win32_1.17.0.201812190825/tools/compiler/bin/../lib/gcc/arm-none-eabi/7.3.1/../../../../arm-none-eabi/lib/thumb/v7e-m/fpv4-sp/hard\libc.a(lib_a-memset.o)
 .ARM.attributes
                0x000007d6       0x20 c:/ac6/systemworkbench/plugins/fr.ac6.mcu.externaltools.arm-none.win32_1.17.0.201812190825/tools/compiler/bin/../lib/gcc/arm-none-eabi/7.3.1/../../../../arm-none-eabi/lib/thumb/v7e-m/fpv4-sp/hard\libc.a(lib_a-strcmp.o)
 .ARM.attributes
                0x000007f6       0x34 c:/ac6/systemworkbench/plugins/fr.ac6.mcu.externaltools.arm-none.win32_1.17.0.201812190825/tools/compiler/bin/../lib/gcc/arm-none-eabi/7.3.1/../../../../arm-none-eabi/lib/thumb/v7e-m/fpv4-sp/hard\libc.a(lib_a-strcpy.o)
 .ARM.attributes
                0x0000082a       0x34 c:/ac6/systemworkbench/plugins/fr.ac6.mcu.externaltools.arm-none.win32_1.17.0.201812190825/tools/compiler/bin/../lib/gcc/arm-none-eabi/7.3.1/../../../../arm-none-eabi/lib/thumb/v7e-m/fpv4-sp/hard\libc.a(lib_a-__call_atexit.o)
 .ARM.attributes
                0x0000085e       0x34 c:/ac6/systemworkbench/plugins/fr.ac6.mcu.externaltools.arm-none.win32_1.17.0.201812190825/tools/compiler/bin/../lib/gcc/arm-none-eabi/7.3.1/../../../../arm-none-eabi/lib/thumb/v7e-m/fpv4-sp/hard\libc.a(lib_a-atexit.o)
 .ARM.attributes
                0x00000892       0x34 c:/ac6/systemworkbench/plugins/fr.ac6.mcu.externaltools.arm-none.win32_1.17.0.201812190825/tools/compiler/bin/../lib/gcc/arm-none-eabi/7.3.1/../../../../arm-none-eabi/lib/thumb/v7e-m/fpv4-sp/hard\libc.a(lib_a-fini.o)
 .ARM.attributes
                0x000008c6       0x34 c:/ac6/systemworkbench/plugins/fr.ac6.mcu.externaltools.arm-none.win32_1.17.0.201812190825/tools/compiler/bin/../lib/gcc/arm-none-eabi/7.3.1/../../../../arm-none-eabi/lib/thumb/v7e-m/fpv4-sp/hard\libc.a(lib_a-lock.o)
 .ARM.attributes
                0x000008fa       0x34 c:/ac6/systemworkbench/plugins/fr.ac6.mcu.externaltools.arm-none.win32_1.17.0.201812190825/tools/compiler/bin/../lib/gcc/arm-none-eabi/7.3.1/../../../../arm-none-eabi/lib/thumb/v7e-m/fpv4-sp/hard\libc.a(lib_a-__atexit.o)
 .ARM.attributes
                0x0000092e       0x22 c:/ac6/systemworkbench/plugins/fr.ac6.mcu.externaltools.arm-none.win32_1.17.0.201812190825/tools/compiler/bin/../lib/gcc/arm-none-eabi/7.3.1/thumb/v7e-m/fpv4-sp/hard/crtn.o
OUTPUT(modulo-sensado-id2.elf elf32-littlearm)

.debug_info     0x00000000    0x19c37
 .debug_info    0x00000000     0x1a3a Middlewares/Third_Party/FreeRTOS/Source/CMSIS_RTOS/cmsis_os.o
 .debug_info    0x00001a3a      0xad0 Middlewares/Third_Party/FreeRTOS/Source/list.o
 .debug_info    0x0000250a     0x2383 Middlewares/Third_Party/FreeRTOS/Source/tasks.o
 .debug_info    0x0000488d      0x534 Middlewares/Third_Party/FreeRTOS/Source/portable/GCC/ARM_CM4F/port.o
 .debug_info    0x00004dc1      0xbfa Middlewares/Third_Party/FreeRTOS/Source/portable/MemMang/heap_4.o
 .debug_info    0x000059bb     0x109d src/communication.o
 .debug_info    0x00006a58     0x1829 src/main.o
 .debug_info    0x00008281      0x96e src/sensingTasks.o
 .debug_info    0x00008bef      0xd24 src/system_stm32f4xx.o
 .debug_info    0x00009913     0x131b src/uart.o
 .debug_info    0x0000ac2e       0x22 startup/startup_stm32f407xx.o
 .debug_info    0x0000ac50     0x139b C:\Users\juanj\Downloads\SE\LIB_MSE-SE\Debug\libLIB_MSE-SE.a(ConversorxInts.o)
 .debug_info    0x0000bfeb     0x13f6 C:\Users\juanj\Downloads\SE\LIB_MSE-SE\Debug\libLIB_MSE-SE.a(ICTimer.o)
 .debug_info    0x0000d3e1     0x1077 C:\Users\juanj\Downloads\SE\stm32f4discovery_hal_lib\Debug\libstm32f4discovery_hal_lib.a(stm32f4xx_hal.o)
 .debug_info    0x0000e458     0x14b1 C:\Users\juanj\Downloads\SE\stm32f4discovery_hal_lib\Debug\libstm32f4discovery_hal_lib.a(stm32f4xx_hal_adc.o)
 .debug_info    0x0000f909     0x15f1 C:\Users\juanj\Downloads\SE\stm32f4discovery_hal_lib\Debug\libstm32f4discovery_hal_lib.a(stm32f4xx_hal_cortex.o)
 .debug_info    0x00010efa     0x1136 C:\Users\juanj\Downloads\SE\stm32f4discovery_hal_lib\Debug\libstm32f4discovery_hal_lib.a(stm32f4xx_hal_dma.o)
 .debug_info    0x00012030      0xf86 C:\Users\juanj\Downloads\SE\stm32f4discovery_hal_lib\Debug\libstm32f4discovery_hal_lib.a(stm32f4xx_hal_gpio.o)
 .debug_info    0x00012fb6     0x2a0b C:\Users\juanj\Downloads\SE\stm32f4discovery_hal_lib\Debug\libstm32f4discovery_hal_lib.a(stm32f4xx_hal_tim.o)
 .debug_info    0x000159c1     0x17e5 C:\Users\juanj\Downloads\SE\stm32f4discovery_hal_lib\Debug\libstm32f4discovery_hal_lib.a(stm32f4xx_hal_tim_ex.o)
 .debug_info    0x000171a6     0x19ef C:\Users\juanj\Downloads\SE\stm32f4discovery_hal_lib\Debug\libstm32f4discovery_hal_lib.a(stm32f4xx_hal_uart.o)
 .debug_info    0x00018b95     0x10a2 C:\Users\juanj\Downloads\SE\stm32f4discovery_hal_lib\Debug\libstm32f4discovery_hal_lib.a(stm32f4xx_hal_rcc.o)

.debug_abbrev   0x00000000     0x37e6
 .debug_abbrev  0x00000000      0x3a8 Middlewares/Third_Party/FreeRTOS/Source/CMSIS_RTOS/cmsis_os.o
 .debug_abbrev  0x000003a8      0x1fe Middlewares/Third_Party/FreeRTOS/Source/list.o
 .debug_abbrev  0x000005a6      0x397 Middlewares/Third_Party/FreeRTOS/Source/tasks.o
 .debug_abbrev  0x0000093d      0x1eb Middlewares/Third_Party/FreeRTOS/Source/portable/GCC/ARM_CM4F/port.o
 .debug_abbrev  0x00000b28      0x2d4 Middlewares/Third_Party/FreeRTOS/Source/portable/MemMang/heap_4.o
 .debug_abbrev  0x00000dfc      0x257 src/communication.o
 .debug_abbrev  0x00001053      0x2d9 src/main.o
 .debug_abbrev  0x0000132c      0x1f2 src/sensingTasks.o
 .debug_abbrev  0x0000151e      0x205 src/system_stm32f4xx.o
 .debug_abbrev  0x00001723      0x220 src/uart.o
 .debug_abbrev  0x00001943       0x12 startup/startup_stm32f407xx.o
 .debug_abbrev  0x00001955      0x231 C:\Users\juanj\Downloads\SE\LIB_MSE-SE\Debug\libLIB_MSE-SE.a(ConversorxInts.o)
 .debug_abbrev  0x00001b86      0x269 C:\Users\juanj\Downloads\SE\LIB_MSE-SE\Debug\libLIB_MSE-SE.a(ICTimer.o)
 .debug_abbrev  0x00001def      0x2bd C:\Users\juanj\Downloads\SE\stm32f4discovery_hal_lib\Debug\libstm32f4discovery_hal_lib.a(stm32f4xx_hal.o)
 .debug_abbrev  0x000020ac      0x29f C:\Users\juanj\Downloads\SE\stm32f4discovery_hal_lib\Debug\libstm32f4discovery_hal_lib.a(stm32f4xx_hal_adc.o)
 .debug_abbrev  0x0000234b      0x39f C:\Users\juanj\Downloads\SE\stm32f4discovery_hal_lib\Debug\libstm32f4discovery_hal_lib.a(stm32f4xx_hal_cortex.o)
 .debug_abbrev  0x000026ea      0x2c3 C:\Users\juanj\Downloads\SE\stm32f4discovery_hal_lib\Debug\libstm32f4discovery_hal_lib.a(stm32f4xx_hal_dma.o)
 .debug_abbrev  0x000029ad      0x289 C:\Users\juanj\Downloads\SE\stm32f4discovery_hal_lib\Debug\libstm32f4discovery_hal_lib.a(stm32f4xx_hal_gpio.o)
 .debug_abbrev  0x00002c36      0x2ea C:\Users\juanj\Downloads\SE\stm32f4discovery_hal_lib\Debug\libstm32f4discovery_hal_lib.a(stm32f4xx_hal_tim.o)
 .debug_abbrev  0x00002f20      0x2c7 C:\Users\juanj\Downloads\SE\stm32f4discovery_hal_lib\Debug\libstm32f4discovery_hal_lib.a(stm32f4xx_hal_tim_ex.o)
 .debug_abbrev  0x000031e7      0x2fa C:\Users\juanj\Downloads\SE\stm32f4discovery_hal_lib\Debug\libstm32f4discovery_hal_lib.a(stm32f4xx_hal_uart.o)
 .debug_abbrev  0x000034e1      0x305 C:\Users\juanj\Downloads\SE\stm32f4discovery_hal_lib\Debug\libstm32f4discovery_hal_lib.a(stm32f4xx_hal_rcc.o)

.debug_aranges  0x00000000     0x10b8
 .debug_aranges
                0x00000000      0x1b0 Middlewares/Third_Party/FreeRTOS/Source/CMSIS_RTOS/cmsis_os.o
 .debug_aranges
                0x000001b0       0x40 Middlewares/Third_Party/FreeRTOS/Source/list.o
 .debug_aranges
                0x000001f0      0x1b0 Middlewares/Third_Party/FreeRTOS/Source/tasks.o
 .debug_aranges
                0x000003a0       0x80 Middlewares/Third_Party/FreeRTOS/Source/portable/GCC/ARM_CM4F/port.o
 .debug_aranges
                0x00000420       0x50 Middlewares/Third_Party/FreeRTOS/Source/portable/MemMang/heap_4.o
 .debug_aranges
                0x00000470       0x48 src/communication.o
 .debug_aranges
                0x000004b8       0x60 src/main.o
 .debug_aranges
                0x00000518       0x20 src/sensingTasks.o
 .debug_aranges
                0x00000538       0x28 src/system_stm32f4xx.o
 .debug_aranges
                0x00000560       0x28 src/uart.o
 .debug_aranges
                0x00000588       0x28 startup/startup_stm32f407xx.o
 .debug_aranges
                0x000005b0       0x28 C:\Users\juanj\Downloads\SE\LIB_MSE-SE\Debug\libLIB_MSE-SE.a(ConversorxInts.o)
 .debug_aranges
                0x000005d8       0x30 C:\Users\juanj\Downloads\SE\LIB_MSE-SE\Debug\libLIB_MSE-SE.a(ICTimer.o)
 .debug_aranges
                0x00000608       0xc8 C:\Users\juanj\Downloads\SE\stm32f4discovery_hal_lib\Debug\libstm32f4discovery_hal_lib.a(stm32f4xx_hal.o)
 .debug_aranges
                0x000006d0       0xe8 C:\Users\juanj\Downloads\SE\stm32f4discovery_hal_lib\Debug\libstm32f4discovery_hal_lib.a(stm32f4xx_hal_adc.o)
 .debug_aranges
                0x000007b8      0x118 C:\Users\juanj\Downloads\SE\stm32f4discovery_hal_lib\Debug\libstm32f4discovery_hal_lib.a(stm32f4xx_hal_cortex.o)
 .debug_aranges
                0x000008d0       0x90 C:\Users\juanj\Downloads\SE\stm32f4discovery_hal_lib\Debug\libstm32f4discovery_hal_lib.a(stm32f4xx_hal_dma.o)
 .debug_aranges
                0x00000960       0x58 C:\Users\juanj\Downloads\SE\stm32f4discovery_hal_lib\Debug\libstm32f4discovery_hal_lib.a(stm32f4xx_hal_gpio.o)
 .debug_aranges
                0x000009b8      0x368 C:\Users\juanj\Downloads\SE\stm32f4discovery_hal_lib\Debug\libstm32f4discovery_hal_lib.a(stm32f4xx_hal_tim.o)
 .debug_aranges
                0x00000d20      0x140 C:\Users\juanj\Downloads\SE\stm32f4discovery_hal_lib\Debug\libstm32f4discovery_hal_lib.a(stm32f4xx_hal_tim_ex.o)
 .debug_aranges
                0x00000e60      0x1d0 C:\Users\juanj\Downloads\SE\stm32f4discovery_hal_lib\Debug\libstm32f4discovery_hal_lib.a(stm32f4xx_hal_uart.o)
 .debug_aranges
                0x00001030       0x88 C:\Users\juanj\Downloads\SE\stm32f4discovery_hal_lib\Debug\libstm32f4discovery_hal_lib.a(stm32f4xx_hal_rcc.o)

.debug_ranges   0x00000000      0xf60
 .debug_ranges  0x00000000      0x1a0 Middlewares/Third_Party/FreeRTOS/Source/CMSIS_RTOS/cmsis_os.o
 .debug_ranges  0x000001a0       0x30 Middlewares/Third_Party/FreeRTOS/Source/list.o
 .debug_ranges  0x000001d0      0x1a0 Middlewares/Third_Party/FreeRTOS/Source/tasks.o
 .debug_ranges  0x00000370       0x70 Middlewares/Third_Party/FreeRTOS/Source/portable/GCC/ARM_CM4F/port.o
 .debug_ranges  0x000003e0       0x40 Middlewares/Third_Party/FreeRTOS/Source/portable/MemMang/heap_4.o
 .debug_ranges  0x00000420       0x38 src/communication.o
 .debug_ranges  0x00000458       0x50 src/main.o
 .debug_ranges  0x000004a8       0x10 src/sensingTasks.o
 .debug_ranges  0x000004b8       0x18 src/system_stm32f4xx.o
 .debug_ranges  0x000004d0       0x18 src/uart.o
 .debug_ranges  0x000004e8       0x20 startup/startup_stm32f407xx.o
 .debug_ranges  0x00000508       0x18 C:\Users\juanj\Downloads\SE\LIB_MSE-SE\Debug\libLIB_MSE-SE.a(ConversorxInts.o)
 .debug_ranges  0x00000520       0x20 C:\Users\juanj\Downloads\SE\LIB_MSE-SE\Debug\libLIB_MSE-SE.a(ICTimer.o)
 .debug_ranges  0x00000540       0xb8 C:\Users\juanj\Downloads\SE\stm32f4discovery_hal_lib\Debug\libstm32f4discovery_hal_lib.a(stm32f4xx_hal.o)
 .debug_ranges  0x000005f8       0xd8 C:\Users\juanj\Downloads\SE\stm32f4discovery_hal_lib\Debug\libstm32f4discovery_hal_lib.a(stm32f4xx_hal_adc.o)
 .debug_ranges  0x000006d0      0x108 C:\Users\juanj\Downloads\SE\stm32f4discovery_hal_lib\Debug\libstm32f4discovery_hal_lib.a(stm32f4xx_hal_cortex.o)
 .debug_ranges  0x000007d8       0x80 C:\Users\juanj\Downloads\SE\stm32f4discovery_hal_lib\Debug\libstm32f4discovery_hal_lib.a(stm32f4xx_hal_dma.o)
 .debug_ranges  0x00000858       0x48 C:\Users\juanj\Downloads\SE\stm32f4discovery_hal_lib\Debug\libstm32f4discovery_hal_lib.a(stm32f4xx_hal_gpio.o)
 .debug_ranges  0x000008a0      0x358 C:\Users\juanj\Downloads\SE\stm32f4discovery_hal_lib\Debug\libstm32f4discovery_hal_lib.a(stm32f4xx_hal_tim.o)
 .debug_ranges  0x00000bf8      0x130 C:\Users\juanj\Downloads\SE\stm32f4discovery_hal_lib\Debug\libstm32f4discovery_hal_lib.a(stm32f4xx_hal_tim_ex.o)
 .debug_ranges  0x00000d28      0x1c0 C:\Users\juanj\Downloads\SE\stm32f4discovery_hal_lib\Debug\libstm32f4discovery_hal_lib.a(stm32f4xx_hal_uart.o)
 .debug_ranges  0x00000ee8       0x78 C:\Users\juanj\Downloads\SE\stm32f4discovery_hal_lib\Debug\libstm32f4discovery_hal_lib.a(stm32f4xx_hal_rcc.o)

.debug_macro    0x00000000    0x29d09
 .debug_macro   0x00000000      0x1f0 Middlewares/Third_Party/FreeRTOS/Source/CMSIS_RTOS/cmsis_os.o
 .debug_macro   0x000001f0       0x58 Middlewares/Third_Party/FreeRTOS/Source/CMSIS_RTOS/cmsis_os.o
 .debug_macro   0x00000248       0x18 Middlewares/Third_Party/FreeRTOS/Source/CMSIS_RTOS/cmsis_os.o
 .debug_macro   0x00000260       0x94 Middlewares/Third_Party/FreeRTOS/Source/CMSIS_RTOS/cmsis_os.o
 .debug_macro   0x000002f4       0x35 Middlewares/Third_Party/FreeRTOS/Source/CMSIS_RTOS/cmsis_os.o
 .debug_macro   0x00000329       0x34 Middlewares/Third_Party/FreeRTOS/Source/CMSIS_RTOS/cmsis_os.o
 .debug_macro   0x0000035d       0x57 Middlewares/Third_Party/FreeRTOS/Source/CMSIS_RTOS/cmsis_os.o
 .debug_macro   0x000003b4       0x58 Middlewares/Third_Party/FreeRTOS/Source/CMSIS_RTOS/cmsis_os.o
 .debug_macro   0x0000040c       0x1f Middlewares/Third_Party/FreeRTOS/Source/CMSIS_RTOS/cmsis_os.o
 .debug_macro   0x0000042b       0x43 Middlewares/Third_Party/FreeRTOS/Source/CMSIS_RTOS/cmsis_os.o
 .debug_macro   0x0000046e       0x20 Middlewares/Third_Party/FreeRTOS/Source/CMSIS_RTOS/cmsis_os.o
 .debug_macro   0x0000048e      0x18e Middlewares/Third_Party/FreeRTOS/Source/CMSIS_RTOS/cmsis_os.o
 .debug_macro   0x0000061c      0x330 Middlewares/Third_Party/FreeRTOS/Source/CMSIS_RTOS/cmsis_os.o
 .debug_macro   0x0000094c       0x10 Middlewares/Third_Party/FreeRTOS/Source/CMSIS_RTOS/cmsis_os.o
 .debug_macro   0x0000095c       0x35 Middlewares/Third_Party/FreeRTOS/Source/CMSIS_RTOS/cmsis_os.o
 .debug_macro   0x00000991       0x16 Middlewares/Third_Party/FreeRTOS/Source/CMSIS_RTOS/cmsis_os.o
 .debug_macro   0x000009a7       0x26 Middlewares/Third_Party/FreeRTOS/Source/CMSIS_RTOS/cmsis_os.o
 .debug_macro   0x000009cd      0x11a Middlewares/Third_Party/FreeRTOS/Source/CMSIS_RTOS/cmsis_os.o
 .debug_macro   0x00000ae7      0x15d Middlewares/Third_Party/FreeRTOS/Source/CMSIS_RTOS/cmsis_os.o
 .debug_macro   0x00000c44       0xe4 Middlewares/Third_Party/FreeRTOS/Source/CMSIS_RTOS/cmsis_os.o
 .debug_macro   0x00000d28       0x10 Middlewares/Third_Party/FreeRTOS/Source/CMSIS_RTOS/cmsis_os.o
 .debug_macro   0x00000d38       0x1f Middlewares/Third_Party/FreeRTOS/Source/CMSIS_RTOS/cmsis_os.o
 .debug_macro   0x00000d57      0x3bc Middlewares/Third_Party/FreeRTOS/Source/CMSIS_RTOS/cmsis_os.o
 .debug_macro   0x00001113       0xc0 Middlewares/Third_Party/FreeRTOS/Source/CMSIS_RTOS/cmsis_os.o
 .debug_macro   0x000011d3       0x9a Middlewares/Third_Party/FreeRTOS/Source/CMSIS_RTOS/cmsis_os.o
 .debug_macro   0x0000126d       0x91 Middlewares/Third_Party/FreeRTOS/Source/CMSIS_RTOS/cmsis_os.o
 .debug_macro   0x000012fe       0xb0 Middlewares/Third_Party/FreeRTOS/Source/CMSIS_RTOS/cmsis_os.o
 .debug_macro   0x000013ae       0x7f Middlewares/Third_Party/FreeRTOS/Source/CMSIS_RTOS/cmsis_os.o
 .debug_macro   0x0000142d       0xcf Middlewares/Third_Party/FreeRTOS/Source/CMSIS_RTOS/cmsis_os.o
 .debug_macro   0x000014fc      0x17b Middlewares/Third_Party/FreeRTOS/Source/list.o
 .debug_macro   0x00001677      0x23d Middlewares/Third_Party/FreeRTOS/Source/tasks.o
 .debug_macro   0x000018b4       0x11 Middlewares/Third_Party/FreeRTOS/Source/tasks.o
 .debug_macro   0x000018c5      0x197 Middlewares/Third_Party/FreeRTOS/Source/portable/GCC/ARM_CM4F/port.o
 .debug_macro   0x00001a5c      0x1a2 Middlewares/Third_Party/FreeRTOS/Source/portable/MemMang/heap_4.o
 .debug_macro   0x00001bfe      0x582 src/communication.o
 .debug_macro   0x00002180       0x2c src/communication.o
 .debug_macro   0x000021ac       0x2f src/communication.o
 .debug_macro   0x000021db       0x3b src/communication.o
 .debug_macro   0x00002216      0xe66 src/communication.o
 .debug_macro   0x0000307c    0x15d08 src/communication.o
 .debug_macro   0x00018d84       0x43 src/communication.o
 .debug_macro   0x00018dc7      0x24b src/communication.o
 .debug_macro   0x00019012     0x3535 src/communication.o
 .debug_macro   0x0001c547       0x5e src/communication.o
 .debug_macro   0x0001c5a5       0x16 src/communication.o
 .debug_macro   0x0001c5bb       0x10 src/communication.o
 .debug_macro   0x0001c5cb       0x10 src/communication.o
 .debug_macro   0x0001c5db       0x1c src/communication.o
 .debug_macro   0x0001c5f7       0x52 src/communication.o
 .debug_macro   0x0001c649       0x40 src/communication.o
 .debug_macro   0x0001c689       0x10 src/communication.o
 .debug_macro   0x0001c699       0x40 src/communication.o
 .debug_macro   0x0001c6d9       0xd7 src/communication.o
 .debug_macro   0x0001c7b0       0x1c src/communication.o
 .debug_macro   0x0001c7cc       0x3d src/communication.o
 .debug_macro   0x0001c809       0x16 src/communication.o
 .debug_macro   0x0001c81f      0x16f src/communication.o
 .debug_macro   0x0001c98e       0x56 src/communication.o
 .debug_macro   0x0001c9e4      0x96b src/communication.o
 .debug_macro   0x0001d34f      0x9e6 src/communication.o
 .debug_macro   0x0001dd35      0x11e src/communication.o
 .debug_macro   0x0001de53      0x13e src/communication.o
 .debug_macro   0x0001df91       0x27 src/communication.o
 .debug_macro   0x0001dfb8      0x287 src/communication.o
 .debug_macro   0x0001e23f       0x5f src/communication.o
 .debug_macro   0x0001e29e      0x23a src/communication.o
 .debug_macro   0x0001e4d8      0x391 src/communication.o
 .debug_macro   0x0001e869      0x176 src/communication.o
 .debug_macro   0x0001e9df       0xf9 src/communication.o
 .debug_macro   0x0001ead8      0x383 src/communication.o
 .debug_macro   0x0001ee5b       0x23 src/communication.o
 .debug_macro   0x0001ee7e       0xe6 src/communication.o
 .debug_macro   0x0001ef64       0xa1 src/communication.o
 .debug_macro   0x0001f005       0x3c src/communication.o
 .debug_macro   0x0001f041       0x1f src/communication.o
 .debug_macro   0x0001f060      0x1cd src/communication.o
 .debug_macro   0x0001f22d      0xcd5 src/communication.o
 .debug_macro   0x0001ff02      0x133 src/communication.o
 .debug_macro   0x00020035      0x21e src/communication.o
 .debug_macro   0x00020253       0x2e src/communication.o
 .debug_macro   0x00020281      0x543 src/communication.o
 .debug_macro   0x000207c4       0x88 src/communication.o
 .debug_macro   0x0002084c       0xea src/communication.o
 .debug_macro   0x00020936      0x183 src/communication.o
 .debug_macro   0x00020ab9      0x1a7 src/communication.o
 .debug_macro   0x00020c60       0xa5 src/communication.o
 .debug_macro   0x00020d05      0x192 src/communication.o
 .debug_macro   0x00020e97       0x40 src/communication.o
 .debug_macro   0x00020ed7       0x3c src/communication.o
 .debug_macro   0x00020f13       0x79 src/communication.o
 .debug_macro   0x00020f8c      0x11e src/communication.o
 .debug_macro   0x000210aa       0x7f src/communication.o
 .debug_macro   0x00021129       0x89 src/communication.o
 .debug_macro   0x000211b2       0x7d src/communication.o
 .debug_macro   0x0002122f      0x31a src/communication.o
 .debug_macro   0x00021549      0x409 src/communication.o
 .debug_macro   0x00021952       0xe4 src/communication.o
 .debug_macro   0x00021a36      0x845 src/communication.o
 .debug_macro   0x0002227b      0x198 src/communication.o
 .debug_macro   0x00022413      0x202 src/communication.o
 .debug_macro   0x00022615      0x6e0 src/communication.o
 .debug_macro   0x00022cf5       0x59 src/communication.o
 .debug_macro   0x00022d4e      0x14d src/communication.o
 .debug_macro   0x00022e9b      0x287 src/communication.o
 .debug_macro   0x00023122      0x225 src/communication.o
 .debug_macro   0x00023347      0x1b5 src/communication.o
 .debug_macro   0x000234fc      0x2db src/communication.o
 .debug_macro   0x000237d7       0x89 src/communication.o
 .debug_macro   0x00023860      0x1df src/communication.o
 .debug_macro   0x00023a3f      0x115 src/communication.o
 .debug_macro   0x00023b54       0x6e src/communication.o
 .debug_macro   0x00023bc2      0x125 src/communication.o
 .debug_macro   0x00023ce7      0x634 src/main.o
 .debug_macro   0x0002431b      0x1e1 src/main.o
 .debug_macro   0x000244fc       0x1c src/main.o
 .debug_macro   0x00024518       0xc4 src/main.o
 .debug_macro   0x000245dc       0x10 src/main.o
 .debug_macro   0x000245ec       0x34 src/main.o
 .debug_macro   0x00024620      0x1e1 src/sensingTasks.o
 .debug_macro   0x00024801      0x4b7 src/system_stm32f4xx.o
 .debug_macro   0x00024cb8       0x35 src/system_stm32f4xx.o
 .debug_macro   0x00024ced       0x50 src/system_stm32f4xx.o
 .debug_macro   0x00024d3d       0x97 src/system_stm32f4xx.o
 .debug_macro   0x00024dd4       0xfd src/system_stm32f4xx.o
 .debug_macro   0x00024ed1      0x4bb src/uart.o
 .debug_macro   0x0002538c      0x4be C:\Users\juanj\Downloads\SE\LIB_MSE-SE\Debug\libLIB_MSE-SE.a(ConversorxInts.o)
 .debug_macro   0x0002584a      0xa72 C:\Users\juanj\Downloads\SE\LIB_MSE-SE\Debug\libLIB_MSE-SE.a(ConversorxInts.o)
 .debug_macro   0x000262bc      0x4c3 C:\Users\juanj\Downloads\SE\LIB_MSE-SE\Debug\libLIB_MSE-SE.a(ICTimer.o)
 .debug_macro   0x0002677f      0x511 C:\Users\juanj\Downloads\SE\stm32f4discovery_hal_lib\Debug\libstm32f4discovery_hal_lib.a(stm32f4xx_hal.o)
 .debug_macro   0x00026c90      0xa5a C:\Users\juanj\Downloads\SE\stm32f4discovery_hal_lib\Debug\libstm32f4discovery_hal_lib.a(stm32f4xx_hal.o)
 .debug_macro   0x000276ea       0x32 C:\Users\juanj\Downloads\SE\stm32f4discovery_hal_lib\Debug\libstm32f4discovery_hal_lib.a(stm32f4xx_hal.o)
 .debug_macro   0x0002771c      0x4b2 C:\Users\juanj\Downloads\SE\stm32f4discovery_hal_lib\Debug\libstm32f4discovery_hal_lib.a(stm32f4xx_hal_adc.o)
 .debug_macro   0x00027bce      0x4b1 C:\Users\juanj\Downloads\SE\stm32f4discovery_hal_lib\Debug\libstm32f4discovery_hal_lib.a(stm32f4xx_hal_cortex.o)
 .debug_macro   0x0002807f      0x4b8 C:\Users\juanj\Downloads\SE\stm32f4discovery_hal_lib\Debug\libstm32f4discovery_hal_lib.a(stm32f4xx_hal_dma.o)
 .debug_macro   0x00028537      0x4e9 C:\Users\juanj\Downloads\SE\stm32f4discovery_hal_lib\Debug\libstm32f4discovery_hal_lib.a(stm32f4xx_hal_gpio.o)
 .debug_macro   0x00028a20      0x4b1 C:\Users\juanj\Downloads\SE\stm32f4discovery_hal_lib\Debug\libstm32f4discovery_hal_lib.a(stm32f4xx_hal_tim.o)
 .debug_macro   0x00028ed1      0x4b1 C:\Users\juanj\Downloads\SE\stm32f4discovery_hal_lib\Debug\libstm32f4discovery_hal_lib.a(stm32f4xx_hal_tim_ex.o)
 .debug_macro   0x00029382      0x4b2 C:\Users\juanj\Downloads\SE\stm32f4discovery_hal_lib\Debug\libstm32f4discovery_hal_lib.a(stm32f4xx_hal_uart.o)
 .debug_macro   0x00029834      0x4d5 C:\Users\juanj\Downloads\SE\stm32f4discovery_hal_lib\Debug\libstm32f4discovery_hal_lib.a(stm32f4xx_hal_rcc.o)

.debug_line     0x00000000    0x10f7b
 .debug_line    0x00000000      0xb7c Middlewares/Third_Party/FreeRTOS/Source/CMSIS_RTOS/cmsis_os.o
 .debug_line    0x00000b7c      0x570 Middlewares/Third_Party/FreeRTOS/Source/list.o
 .debug_line    0x000010ec     0x1058 Middlewares/Third_Party/FreeRTOS/Source/tasks.o
 .debug_line    0x00002144      0x67e Middlewares/Third_Party/FreeRTOS/Source/portable/GCC/ARM_CM4F/port.o
 .debug_line    0x000027c2      0x65a Middlewares/Third_Party/FreeRTOS/Source/portable/MemMang/heap_4.o
 .debug_line    0x00002e1c      0xdd5 src/communication.o
 .debug_line    0x00003bf1      0xf9b src/main.o
 .debug_line    0x00004b8c      0x5f9 src/sensingTasks.o
 .debug_line    0x00005185      0xaf4 src/system_stm32f4xx.o
 .debug_line    0x00005c79      0xb30 src/uart.o
 .debug_line    0x000067a9       0x7f startup/startup_stm32f407xx.o
 .debug_line    0x00006828      0xb34 C:\Users\juanj\Downloads\SE\LIB_MSE-SE\Debug\libLIB_MSE-SE.a(ConversorxInts.o)
 .debug_line    0x0000735c      0xb39 C:\Users\juanj\Downloads\SE\LIB_MSE-SE\Debug\libLIB_MSE-SE.a(ICTimer.o)
 .debug_line    0x00007e95      0xc68 C:\Users\juanj\Downloads\SE\stm32f4discovery_hal_lib\Debug\libstm32f4discovery_hal_lib.a(stm32f4xx_hal.o)
 .debug_line    0x00008afd      0xede C:\Users\juanj\Downloads\SE\stm32f4discovery_hal_lib\Debug\libstm32f4discovery_hal_lib.a(stm32f4xx_hal_adc.o)
 .debug_line    0x000099db      0xde3 C:\Users\juanj\Downloads\SE\stm32f4discovery_hal_lib\Debug\libstm32f4discovery_hal_lib.a(stm32f4xx_hal_cortex.o)
 .debug_line    0x0000a7be      0xd96 C:\Users\juanj\Downloads\SE\stm32f4discovery_hal_lib\Debug\libstm32f4discovery_hal_lib.a(stm32f4xx_hal_dma.o)
 .debug_line    0x0000b554      0xca9 C:\Users\juanj\Downloads\SE\stm32f4discovery_hal_lib\Debug\libstm32f4discovery_hal_lib.a(stm32f4xx_hal_gpio.o)
 .debug_line    0x0000c1fd     0x1c60 C:\Users\juanj\Downloads\SE\stm32f4discovery_hal_lib\Debug\libstm32f4discovery_hal_lib.a(stm32f4xx_hal_tim.o)
 .debug_line    0x0000de5d     0x1067 C:\Users\juanj\Downloads\SE\stm32f4discovery_hal_lib\Debug\libstm32f4discovery_hal_lib.a(stm32f4xx_hal_tim_ex.o)
 .debug_line    0x0000eec4     0x13ac C:\Users\juanj\Downloads\SE\stm32f4discovery_hal_lib\Debug\libstm32f4discovery_hal_lib.a(stm32f4xx_hal_uart.o)
 .debug_line    0x00010270      0xd0b C:\Users\juanj\Downloads\SE\stm32f4discovery_hal_lib\Debug\libstm32f4discovery_hal_lib.a(stm32f4xx_hal_rcc.o)

.debug_str      0x00000000    0xf4c04
 .debug_str     0x00000000     0xc7b7 Middlewares/Third_Party/FreeRTOS/Source/CMSIS_RTOS/cmsis_os.o
                               0xcaff (size before relaxing)
 .debug_str     0x0000c7b7      0x234 Middlewares/Third_Party/FreeRTOS/Source/list.o
                               0x9c95 (size before relaxing)
 .debug_str     0x0000c9eb     0x115b Middlewares/Third_Party/FreeRTOS/Source/tasks.o
                               0xbdbb (size before relaxing)
 .debug_str     0x0000db46      0x7c4 Middlewares/Third_Party/FreeRTOS/Source/portable/GCC/ARM_CM4F/port.o
                               0x7ef5 (size before relaxing)
 .debug_str     0x0000e30a      0x25a Middlewares/Third_Party/FreeRTOS/Source/portable/MemMang/heap_4.o
                               0xa568 (size before relaxing)
 .debug_str     0x0000e564    0xe1eff src/communication.o
                              0xee1b2 (size before relaxing)
 .debug_str     0x000f0463     0x10e2 src/main.o
                              0xef402 (size before relaxing)
 .debug_str     0x000f1545       0x23 src/sensingTasks.o
                               0xcb3f (size before relaxing)
 .debug_str     0x000f1568      0x59a src/system_stm32f4xx.o
                              0xe8c0b (size before relaxing)
 .debug_str     0x000f1b02      0x573 src/uart.o
                              0xe94ee (size before relaxing)
 .debug_str     0x000f2075       0x2f startup/startup_stm32f407xx.o
                                 0x62 (size before relaxing)
 .debug_str     0x000f20a4       0x8d C:\Users\juanj\Downloads\SE\LIB_MSE-SE\Debug\libLIB_MSE-SE.a(ConversorxInts.o)
                              0xe97a0 (size before relaxing)
 .debug_str     0x000f2131       0x4e C:\Users\juanj\Downloads\SE\LIB_MSE-SE\Debug\libLIB_MSE-SE.a(ICTimer.o)
                              0xe9834 (size before relaxing)
 .debug_str     0x000f217f      0x579 C:\Users\juanj\Downloads\SE\stm32f4discovery_hal_lib\Debug\libstm32f4discovery_hal_lib.a(stm32f4xx_hal.o)
                              0xe9636 (size before relaxing)
 .debug_str     0x000f26f8      0x2b2 C:\Users\juanj\Downloads\SE\stm32f4discovery_hal_lib\Debug\libstm32f4discovery_hal_lib.a(stm32f4xx_hal_adc.o)
                              0xe914e (size before relaxing)
 .debug_str     0x000f29aa      0x377 C:\Users\juanj\Downloads\SE\stm32f4discovery_hal_lib\Debug\libstm32f4discovery_hal_lib.a(stm32f4xx_hal_cortex.o)
                              0xe9473 (size before relaxing)
 .debug_str     0x000f2d21      0x30b C:\Users\juanj\Downloads\SE\stm32f4discovery_hal_lib\Debug\libstm32f4discovery_hal_lib.a(stm32f4xx_hal_dma.o)
                              0xe8fdc (size before relaxing)
 .debug_str     0x000f302c      0x211 C:\Users\juanj\Downloads\SE\stm32f4discovery_hal_lib\Debug\libstm32f4discovery_hal_lib.a(stm32f4xx_hal_gpio.o)
                              0xe8e06 (size before relaxing)
 .debug_str     0x000f323d      0xc61 C:\Users\juanj\Downloads\SE\stm32f4discovery_hal_lib\Debug\libstm32f4discovery_hal_lib.a(stm32f4xx_hal_tim.o)
                              0xe9bb9 (size before relaxing)
 .debug_str     0x000f3e9e      0x518 C:\Users\juanj\Downloads\SE\stm32f4discovery_hal_lib\Debug\libstm32f4discovery_hal_lib.a(stm32f4xx_hal_tim_ex.o)
                              0xe9474 (size before relaxing)
 .debug_str     0x000f43b6      0x516 C:\Users\juanj\Downloads\SE\stm32f4discovery_hal_lib\Debug\libstm32f4discovery_hal_lib.a(stm32f4xx_hal_uart.o)
                              0xe93e5 (size before relaxing)
 .debug_str     0x000f48cc      0x338 C:\Users\juanj\Downloads\SE\stm32f4discovery_hal_lib\Debug\libstm32f4discovery_hal_lib.a(stm32f4xx_hal_rcc.o)
                              0xe8f90 (size before relaxing)

.comment        0x00000000       0x7f
 .comment       0x00000000       0x7f Middlewares/Third_Party/FreeRTOS/Source/CMSIS_RTOS/cmsis_os.o
                                 0x80 (size before relaxing)
 .comment       0x0000007f       0x80 Middlewares/Third_Party/FreeRTOS/Source/list.o
 .comment       0x0000007f       0x80 Middlewares/Third_Party/FreeRTOS/Source/tasks.o
 .comment       0x0000007f       0x80 Middlewares/Third_Party/FreeRTOS/Source/portable/GCC/ARM_CM4F/port.o
 .comment       0x0000007f       0x80 Middlewares/Third_Party/FreeRTOS/Source/portable/MemMang/heap_4.o
 .comment       0x0000007f       0x80 src/communication.o
 .comment       0x0000007f       0x80 src/main.o
 .comment       0x0000007f       0x80 src/sensingTasks.o
 .comment       0x0000007f       0x80 src/system_stm32f4xx.o
 .comment       0x0000007f       0x80 src/uart.o
 .comment       0x0000007f       0x80 C:\Users\juanj\Downloads\SE\LIB_MSE-SE\Debug\libLIB_MSE-SE.a(ConversorxInts.o)
 .comment       0x0000007f       0x80 C:\Users\juanj\Downloads\SE\LIB_MSE-SE\Debug\libLIB_MSE-SE.a(ICTimer.o)
 .comment       0x0000007f       0x80 C:\Users\juanj\Downloads\SE\stm32f4discovery_hal_lib\Debug\libstm32f4discovery_hal_lib.a(stm32f4xx_hal.o)
 .comment       0x0000007f       0x80 C:\Users\juanj\Downloads\SE\stm32f4discovery_hal_lib\Debug\libstm32f4discovery_hal_lib.a(stm32f4xx_hal_adc.o)
 .comment       0x0000007f       0x80 C:\Users\juanj\Downloads\SE\stm32f4discovery_hal_lib\Debug\libstm32f4discovery_hal_lib.a(stm32f4xx_hal_cortex.o)
 .comment       0x0000007f       0x80 C:\Users\juanj\Downloads\SE\stm32f4discovery_hal_lib\Debug\libstm32f4discovery_hal_lib.a(stm32f4xx_hal_dma.o)
 .comment       0x0000007f       0x80 C:\Users\juanj\Downloads\SE\stm32f4discovery_hal_lib\Debug\libstm32f4discovery_hal_lib.a(stm32f4xx_hal_gpio.o)
 .comment       0x0000007f       0x80 C:\Users\juanj\Downloads\SE\stm32f4discovery_hal_lib\Debug\libstm32f4discovery_hal_lib.a(stm32f4xx_hal_tim.o)
 .comment       0x0000007f       0x80 C:\Users\juanj\Downloads\SE\stm32f4discovery_hal_lib\Debug\libstm32f4discovery_hal_lib.a(stm32f4xx_hal_tim_ex.o)
 .comment       0x0000007f       0x80 C:\Users\juanj\Downloads\SE\stm32f4discovery_hal_lib\Debug\libstm32f4discovery_hal_lib.a(stm32f4xx_hal_uart.o)
 .comment       0x0000007f       0x80 C:\Users\juanj\Downloads\SE\stm32f4discovery_hal_lib\Debug\libstm32f4discovery_hal_lib.a(stm32f4xx_hal_rcc.o)

.debug_frame    0x00000000     0x4a60
 .debug_frame   0x00000000      0x744 Middlewares/Third_Party/FreeRTOS/Source/CMSIS_RTOS/cmsis_os.o
 .debug_frame   0x00000744       0xd8 Middlewares/Third_Party/FreeRTOS/Source/list.o
 .debug_frame   0x0000081c      0x75c Middlewares/Third_Party/FreeRTOS/Source/tasks.o
 .debug_frame   0x00000f78      0x19c Middlewares/Third_Party/FreeRTOS/Source/portable/GCC/ARM_CM4F/port.o
 .debug_frame   0x00001114      0x108 Middlewares/Third_Party/FreeRTOS/Source/portable/MemMang/heap_4.o
 .debug_frame   0x0000121c      0x128 src/communication.o
 .debug_frame   0x00001344      0x164 src/main.o
 .debug_frame   0x000014a8       0x30 src/sensingTasks.o
 .debug_frame   0x000014d8       0x58 src/system_stm32f4xx.o
 .debug_frame   0x00001530       0x58 src/uart.o
 .debug_frame   0x00001588       0x58 C:\Users\juanj\Downloads\SE\LIB_MSE-SE\Debug\libLIB_MSE-SE.a(ConversorxInts.o)
 .debug_frame   0x000015e0       0x74 C:\Users\juanj\Downloads\SE\LIB_MSE-SE\Debug\libLIB_MSE-SE.a(ICTimer.o)
 .debug_frame   0x00001654      0x2d8 C:\Users\juanj\Downloads\SE\stm32f4discovery_hal_lib\Debug\libstm32f4discovery_hal_lib.a(stm32f4xx_hal.o)
 .debug_frame   0x0000192c      0x3fc C:\Users\juanj\Downloads\SE\stm32f4discovery_hal_lib\Debug\libstm32f4discovery_hal_lib.a(stm32f4xx_hal_adc.o)
 .debug_frame   0x00001d28      0x498 C:\Users\juanj\Downloads\SE\stm32f4discovery_hal_lib\Debug\libstm32f4discovery_hal_lib.a(stm32f4xx_hal_cortex.o)
 .debug_frame   0x000021c0      0x250 C:\Users\juanj\Downloads\SE\stm32f4discovery_hal_lib\Debug\libstm32f4discovery_hal_lib.a(stm32f4xx_hal_dma.o)
 .debug_frame   0x00002410      0x14c C:\Users\juanj\Downloads\SE\stm32f4discovery_hal_lib\Debug\libstm32f4discovery_hal_lib.a(stm32f4xx_hal_gpio.o)
 .debug_frame   0x0000255c      0xfb4 C:\Users\juanj\Downloads\SE\stm32f4discovery_hal_lib\Debug\libstm32f4discovery_hal_lib.a(stm32f4xx_hal_tim.o)
 .debug_frame   0x00003510      0x574 C:\Users\juanj\Downloads\SE\stm32f4discovery_hal_lib\Debug\libstm32f4discovery_hal_lib.a(stm32f4xx_hal_tim_ex.o)
 .debug_frame   0x00003a84      0x83c C:\Users\juanj\Downloads\SE\stm32f4discovery_hal_lib\Debug\libstm32f4discovery_hal_lib.a(stm32f4xx_hal_uart.o)
 .debug_frame   0x000042c0      0x1f0 C:\Users\juanj\Downloads\SE\stm32f4discovery_hal_lib\Debug\libstm32f4discovery_hal_lib.a(stm32f4xx_hal_rcc.o)
 .debug_frame   0x000044b0       0x48 c:/ac6/systemworkbench/plugins/fr.ac6.mcu.externaltools.arm-none.win32_1.17.0.201812190825/tools/compiler/bin/../lib/gcc/arm-none-eabi/7.3.1/../../../../arm-none-eabi/lib/thumb/v7e-m/fpv4-sp/hard\libm.a(lib_a-w_log.o)
 .debug_frame   0x000044f8       0x4c c:/ac6/systemworkbench/plugins/fr.ac6.mcu.externaltools.arm-none.win32_1.17.0.201812190825/tools/compiler/bin/../lib/gcc/arm-none-eabi/7.3.1/../../../../arm-none-eabi/lib/thumb/v7e-m/fpv4-sp/hard\libm.a(lib_a-e_log.o)
 .debug_frame   0x00004544       0x20 c:/ac6/systemworkbench/plugins/fr.ac6.mcu.externaltools.arm-none.win32_1.17.0.201812190825/tools/compiler/bin/../lib/gcc/arm-none-eabi/7.3.1/../../../../arm-none-eabi/lib/thumb/v7e-m/fpv4-sp/hard\libm.a(lib_a-s_matherr.o)
 .debug_frame   0x00004564       0x20 c:/ac6/systemworkbench/plugins/fr.ac6.mcu.externaltools.arm-none.win32_1.17.0.201812190825/tools/compiler/bin/../lib/gcc/arm-none-eabi/7.3.1/../../../../arm-none-eabi/lib/thumb/v7e-m/fpv4-sp/hard\libm.a(lib_a-s_nan.o)
 .debug_frame   0x00004584       0xac c:/ac6/systemworkbench/plugins/fr.ac6.mcu.externaltools.arm-none.win32_1.17.0.201812190825/tools/compiler/bin/../lib/gcc/arm-none-eabi/7.3.1/thumb/v7e-m/fpv4-sp/hard\libgcc.a(_arm_addsubdf3.o)
 .debug_frame   0x00004630       0x50 c:/ac6/systemworkbench/plugins/fr.ac6.mcu.externaltools.arm-none.win32_1.17.0.201812190825/tools/compiler/bin/../lib/gcc/arm-none-eabi/7.3.1/thumb/v7e-m/fpv4-sp/hard\libgcc.a(_arm_muldivdf3.o)
 .debug_frame   0x00004680       0xc4 c:/ac6/systemworkbench/plugins/fr.ac6.mcu.externaltools.arm-none.win32_1.17.0.201812190825/tools/compiler/bin/../lib/gcc/arm-none-eabi/7.3.1/thumb/v7e-m/fpv4-sp/hard\libgcc.a(_arm_cmpdf2.o)
 .debug_frame   0x00004744       0x20 c:/ac6/systemworkbench/plugins/fr.ac6.mcu.externaltools.arm-none.win32_1.17.0.201812190825/tools/compiler/bin/../lib/gcc/arm-none-eabi/7.3.1/thumb/v7e-m/fpv4-sp/hard\libgcc.a(_arm_unorddf2.o)
 .debug_frame   0x00004764       0x24 c:/ac6/systemworkbench/plugins/fr.ac6.mcu.externaltools.arm-none.win32_1.17.0.201812190825/tools/compiler/bin/../lib/gcc/arm-none-eabi/7.3.1/thumb/v7e-m/fpv4-sp/hard\libgcc.a(_arm_truncdfsf2.o)